 PhysX3CookingDEBUG_x64

 Timestamp is 59b7acfa (Tue Sep 12 17:46:34 2017)

 Preferred load address is 0000000180000000

 Start         Length     Name                   Class
 0001:00000000 0000c930H .text$di                CODE
 0001:0000c930 0011e7f0H .text$mn                CODE
 0001:0012b120 00001100H .text$mn$00             CODE
 0001:0012c220 00002039H .text$x                 CODE
 0002:00000000 00000110H .CRT$XCA                DATA
 0002:00000110 00000320H .CRT$XCU                DATA
 0002:00000430 00000110H .CRT$XCZ                DATA
 0002:00000540 00000110H .CRT$XIA                DATA
 0002:00000650 00000130H .CRT$XIC                DATA
 0002:00000780 00000110H .CRT$XIZ                DATA
 0002:00000890 00000110H .CRT$XPA                DATA
 0002:000009a0 00000120H .CRT$XPX                DATA
 0002:00000ac0 00000110H .CRT$XPXA               DATA
 0002:00000bd0 00000110H .CRT$XPZ                DATA
 0002:00000ce0 00000110H .CRT$XTA                DATA
 0002:00000df0 00000110H .CRT$XTZ                DATA
 0002:00000f00 0002ab78H .rdata                  DATA
 0002:0002ba78 00000740H .rdata$r                DATA
 0002:0002c1b8 00000190H .rdata$zzzdbg           DATA
 0002:0002c348 00000110H .rtc$IAA                DATA
 0002:0002c458 00000250H .rtc$IMZ                DATA
 0002:0002c6a8 00000110H .rtc$IZZ                DATA
 0002:0002c7b8 00000110H .rtc$TAA                DATA
 0002:0002c8c8 00000250H .rtc$TMZ                DATA
 0002:0002cb18 00000118H .rtc$TZZ                DATA
 0002:0002cc30 000093e0H .xdata                  DATA
 0002:00036010 00000280H .xdata$x                DATA
 0002:00036290 000001a0H .edata                  DATA
 0003:00000000 00000d28H .data                   DATA
 0003:00000d28 00000768H .data$r                 DATA
 0003:00001490 000026c9H .bss                    DATA
 0004:00000000 0000bc10H .pdata                  DATA
 0005:00000000 000003c8H .idata$5                DATA
 0005:000003c8 00000014H .idata$2                DATA
 0005:000003dc 00000014H .idata$3                DATA
 0005:000003f0 000003c8H .idata$4                DATA
 0005:000007b8 00000898H .idata$6                DATA
 0006:00000000 00000040H .didat$2                DATA
 0006:00000040 00000020H .didat$3                DATA
 0006:00000060 000002a0H .didat$4                DATA
 0006:00000300 000002a0H .didat$5                DATA
 0006:000005a0 00000c40H .didat$6                DATA
 0006:000011e0 000002dbH .didat$7                DATA
 0007:00000000 0000013fH .00cfg                  DATA
 0008:00000000 000001c0H .rsrc$01                DATA
 0008:000001c0 000006a9H .rsrc$02                DATA

  Address         Publics by Value              Rva+Base               Lib:Object

 0000:00000000       __hybrid_code_map_count    0000000000000000     <absolute>
 0000:00000000       __guard_iat_count          0000000000000000     <absolute>
 0000:00000000       __guard_fids_count         0000000000000000     <absolute>
 0000:00000000       __enclave_config           0000000000000000     <absolute>
 0000:00000000       __guard_longjmp_count      0000000000000000     <absolute>
 0000:00000000       __guard_fids_table         0000000000000000     <absolute>
 0000:00000000       __guard_iat_table          0000000000000000     <absolute>
 0000:00000000       ___safe_se_handler_table   0000000000000000     <absolute>
 0000:00000000       ___safe_se_handler_count   0000000000000000     <absolute>
 0000:00000000       __dynamic_value_reloc_table 0000000000000000     <absolute>
 0000:00000000       __guard_longjmp_table      0000000000000000     <absolute>
 0000:00000000       __hybrid_auxiliary_iat     0000000000000000     <absolute>
 0000:00000000       __hybrid_code_map          0000000000000000     <absolute>
 0000:00000100       __guard_flags              0000000000000100     <absolute>
 0000:00000000       __ImageBase                0000000180000000     <linker-defined>
 0001:0000c930       PxSetPhysXCookingDelayLoadHook 000000018000d930 f   WindowsCookingDelayLoadHook.obj
 0001:0000c950       ?delayHook@@YAP6A_JXZIPEAUDelayLoadInfo@@@Z 000000018000d950 f   WindowsCookingDelayLoadHook.obj
 0001:0000ca00       ?foundationDliNotePreLoadLibrary@shdfnd@physx@@YAP6A_JXZPEBDPEBVPxFoundationDelayLoadHook@2@@Z 000000018000da00 f i WindowsCookingDelayLoadHook.obj
 0001:0000cb40       ?loadLibrary@Cm@physx@@YAPEAUHINSTANCE__@@PEBD@Z 000000018000db40 f i WindowsCookingDelayLoadHook.obj
 0001:0000cb60       ?physXCommonDliNotePreLoadLibrary@Cm@physx@@YAP6A_JXZPEBDPEBVPxDelayLoadHook@2@@Z 000000018000db60 f i WindowsCookingDelayLoadHook.obj
 0001:0000cdd0       ?saveHeightField@physx@@YA_NAEBVHeightField@Gu@1@AEAVPxOutputStream@1@_N@Z 000000018000ddd0 f   HeightFieldCooking.obj
 0001:0000d290       ??APxVec3@physx@@QEBAAEBMI@Z 000000018000e290 f i HeightFieldCooking.obj
 0001:0000d320       ??B?$PxFlags@W4Enum@PxHeightFieldFlag@physx@@G@physx@@QEBAGXZ 000000018000e320 f i HeightFieldCooking.obj
 0001:0000d340       ?__empty_global_delete@@YAXPEAX@Z 000000018000e340 f i HeightFieldCooking.obj
 0001:0000d350       ?__empty_global_delete@@YAXPEAX_K@Z 000000018000e350 f i HeightFieldCooking.obj
 0001:0000d350       ?__global_delete@@YAXPEAX_K@Z 000000018000e350 f i HeightFieldCooking.obj
 0001:0000d350       ?__global_array_delete@@YAXPEAX_K@Z 000000018000e350 f i HeightFieldCooking.obj
 0001:0000d360       ?getData@HeightField@Gu@physx@@QEBAAEBUHeightFieldData@23@XZ 000000018000e360 f i HeightFieldCooking.obj
 0001:0000d380       ?getMax@CenterExtents@Gu@physx@@QEBAMI@Z 000000018000e380 f i HeightFieldCooking.obj
 0001:0000d3e0       ?getMin@CenterExtents@Gu@physx@@QEBAMI@Z 000000018000e3e0 f i HeightFieldCooking.obj
 0001:0000d440       ?buildFromTriangles@RTreeCooker@physx@@SAXAEAURTree@Gu@2@PEBVPxVec3@2@IPEBGPEBIIAEAV?$Array@IVNamedAllocator@shdfnd@physx@@@shdfnd@2@PEAURemapCallback@12@MW4Enum@PxMeshCookingHint@2@@Z 000000018000e440 f   RTreeCooking.obj
 0001:0000f2a0       ??$PX_UNUSED@I@@YAXAEBI@Z  00000001800102a0 f i RTreeCooking.obj
 0001:0000f2b0       ??$PX_UNUSED@M@@YAXAEBM@Z  00000001800102b0 f i RTreeCooking.obj
 0001:0000f2c0       ??$PX_UNUSED@PEAURTreeNodeNQ@physx@@@@YAXAEBQEAURTreeNodeNQ@physx@@@Z 00000001800102c0 f i RTreeCooking.obj
 0001:0000f2d0       ??$PX_UNUSED@URTreeNodeNQ@physx@@@@YAXAEBURTreeNodeNQ@physx@@@Z 00000001800102d0 f i RTreeCooking.obj
 0001:0000f2e0       ??$PxMax@H@physx@@YAHHH@Z  00000001800102e0 f i RTreeCooking.obj
 0001:0000f320       ??$PxMax@I@physx@@YAIII@Z  0000000180010320 f i RTreeCooking.obj
 0001:0000f360       ??$PxMax@M@physx@@YAMMM@Z  0000000180010360 f i RTreeCooking.obj
 0001:0000f390       ??$PxMin@I@physx@@YAIII@Z  0000000180010390 f i RTreeCooking.obj
 0001:0000f3d0       ??$PxMin@M@physx@@YAMMM@Z  00000001800103d0 f i RTreeCooking.obj
 0001:0000f400       ??$median3@I$$CBU?$Less@I@shdfnd@physx@@@internal@shdfnd@physx@@YAXPEAIHHAEBU?$Less@I@12@@Z 0000000180010400 f i RTreeCooking.obj
 0001:0000f5c0       ??$median3@I$$CBUSortBoundsPredicate@physx@@@internal@shdfnd@physx@@YAXPEAIHHAEBUSortBoundsPredicate@2@@Z 00000001800105c0 f i RTreeCooking.obj
 0001:0000f780       ??$partition@I$$CBU?$Less@I@shdfnd@physx@@@internal@shdfnd@physx@@YAHPEAIHHAEBU?$Less@I@12@@Z 0000000180010780 f i RTreeCooking.obj
 0001:0000f9f0       ??$partition@I$$CBUSortBoundsPredicate@physx@@@internal@shdfnd@physx@@YAHPEAIHHAEBUSortBoundsPredicate@2@@Z 00000001800109f0 f i RTreeCooking.obj
 0001:0000fc60       ??$partition@UBoundsLTE@physx@@@quickSelect@physx@@YAIPEIAIIIIAEBUBoundsLTE@1@@Z 0000000180010c60 f i RTreeCooking.obj
 0001:00010080       ??$quickSelectFirstK@UBoundsLTE@physx@@@quickSelect@physx@@YAXPEIAIIIIAEBUBoundsLTE@1@@Z 0000000180011080 f i RTreeCooking.obj
 0001:00010230       ??$smallSort@I$$CBU?$Less@I@shdfnd@physx@@@internal@shdfnd@physx@@YAXPEAIHHAEBU?$Less@I@12@@Z 0000000180011230 f i RTreeCooking.obj
 0001:00010340       ??$smallSort@I$$CBUSortBoundsPredicate@physx@@@internal@shdfnd@physx@@YAXPEAIHHAEBUSortBoundsPredicate@2@@Z 0000000180011340 f i RTreeCooking.obj
 0001:00010450       ??$sort@I@shdfnd@physx@@YAXPEAII@Z 0000000180011450 f i RTreeCooking.obj
 0001:000104b0       ??$sort@IU?$Less@I@shdfnd@physx@@VNamedAllocator@23@@shdfnd@physx@@YAXPEAIIAEBU?$Less@I@01@AEBVNamedAllocator@01@I@Z 00000001800114b0 f i RTreeCooking.obj
 0001:00010860       ??$sort@IUSortBoundsPredicate@physx@@@shdfnd@physx@@YAXPEAIIAEBUSortBoundsPredicate@1@@Z 0000000180011860 f i RTreeCooking.obj
 0001:000108c0       ??$sort@IUSortBoundsPredicate@physx@@VNamedAllocator@shdfnd@2@@shdfnd@physx@@YAXPEAIIAEBUSortBoundsPredicate@1@AEBVNamedAllocator@01@I@Z 00000001800118c0 f i RTreeCooking.obj
 0001:00010c70       ??$swap@I@shdfnd@physx@@YAXAEAI0@Z 0000000180011c70 f i RTreeCooking.obj
 0001:00010cc0       ??0?$AlignedAllocator@$0IA@VNonTrackingAllocator@shdfnd@physx@@@shdfnd@physx@@QEAA@AEBVNonTrackingAllocator@12@@Z 0000000180011cc0 f i RTreeCooking.obj
 0001:00010ce0       ??0?$Array@IVNamedAllocator@shdfnd@physx@@@shdfnd@physx@@QEAA@IAEBIAEBVNamedAllocator@12@@Z 0000000180011ce0 f i RTreeCooking.obj
 0001:00010d70       ??0?$Array@UInterval@physx@@V?$InlineAllocator@$0CA@VNamedAllocator@shdfnd@physx@@@shdfnd@2@@shdfnd@physx@@QEAA@AEBV?$InlineAllocator@$0CA@VNamedAllocator@shdfnd@physx@@@12@@Z 0000000180011d70 f i RTreeCooking.obj
 0001:00010dd0       ??0?$Array@UPxBounds3V@physx@@VNamedAllocator@shdfnd@2@@shdfnd@physx@@QEAA@AEBVNamedAllocator@12@@Z 0000000180011dd0 f i RTreeCooking.obj
 0001:00010e30       ??0?$Array@URTreeNodeNQ@physx@@VNamedAllocator@shdfnd@2@@shdfnd@physx@@QEAA@AEBVNamedAllocator@12@@Z 0000000180011e30 f i RTreeCooking.obj
 0001:00010e90       ??0?$Array@URTreeNodeQ@Gu@physx@@VNamedAllocator@shdfnd@3@@shdfnd@physx@@QEAA@AEBVNamedAllocator@12@@Z 0000000180011e90 f i RTreeCooking.obj
 0001:00010ef0       ??0?$Array@VPxVec3@physx@@VNamedAllocator@shdfnd@2@@shdfnd@physx@@QEAA@AEBVNamedAllocator@12@@Z 0000000180011ef0 f i RTreeCooking.obj
 0001:00010f50       ??0?$InlineAllocator@$0CA@VNamedAllocator@shdfnd@physx@@@shdfnd@physx@@QEAA@AEBV012@@Z 0000000180011f50 f i RTreeCooking.obj
 0001:00010f90       ??0?$InlineAllocator@$0CA@VNamedAllocator@shdfnd@physx@@@shdfnd@physx@@QEAA@AEBVNamedAllocator@12@@Z 0000000180011f90 f i RTreeCooking.obj
 0001:00010fd0       ??0?$InlineArray@UInterval@physx@@$03VNamedAllocator@shdfnd@2@@shdfnd@physx@@QEAA@AEBVNamedAllocator@12@@Z 0000000180011fd0 f i RTreeCooking.obj
 0001:00011050       ??0?$ScopedPointer@HVTempAllocator@shdfnd@physx@@@shdfnd@physx@@QEAA@XZ 0000000180012050 f i RTreeCooking.obj
 0001:00011080       ??0?$Stack@VNamedAllocator@shdfnd@physx@@@internal@shdfnd@physx@@QEAA@PEAHIAEBVNamedAllocator@23@@Z 0000000180012080 f i RTreeCooking.obj
 0001:00011100       ??0BoundsLTE@physx@@QEAA@IPEBVPxVec3@1@@Z 0000000180012100 f i RTreeCooking.obj
 0001:00011140       ??0Interval@physx@@QEAA@II@Z 0000000180012140 f i RTreeCooking.obj
 0001:00011180       ??0NonTrackingAllocator@shdfnd@physx@@QEAA@PEBD@Z 0000000180012180 f i RTreeCooking.obj
 0001:000111a0       ??0PxBounds3@physx@@QEAA@AEBV01@@Z 00000001800121a0 f i RTreeCooking.obj
 0001:00011200       ??0PxBounds3@physx@@QEAA@AEBVPxVec3@1@0@Z 0000000180012200 f i RTreeCooking.obj
 0001:00011260       ??0PxBounds3V@physx@@QEAA@AEAT__m128@@0@Z 0000000180012260 f i RTreeCooking.obj
 0001:000112b0       ??0PxBounds3V@physx@@QEAA@UU@01@@Z 00000001800122b0 f i RTreeCooking.obj
 0001:000112d0       ??0PxVec3@physx@@QEAA@AEBV01@@Z 00000001800122d0 f i RTreeCooking.obj
 0001:00011330       ??0PxVec3@physx@@QEAA@M@Z  0000000180012330 f i RTreeCooking.obj
 0001:00011380       ??0PxVec3@physx@@QEAA@MMM@Z 0000000180012380 f i RTreeCooking.obj
 0001:000113e0       ??0PxVec3@physx@@QEAA@XZ   00000001800123e0 f i RTreeCooking.obj
 0001:000113f0       ??0PxVec4@physx@@QEAA@AEBVPxVec3@1@M@Z 00000001800123f0 f i RTreeCooking.obj
 0001:00011470       ??0PxVec4@physx@@QEAA@M@Z  0000000180012470 f i RTreeCooking.obj
 0001:000114e0       ??0PxVec4@physx@@QEAA@MMMM@Z 00000001800124e0 f i RTreeCooking.obj
 0001:00011560       ??0RTreeNodeNQ@physx@@QEAA@AEBU01@@Z 0000000180012560 f i RTreeCooking.obj
 0001:000115c0       ??0RTreeNodeNQ@physx@@QEAA@XZ 00000001800125c0 f i RTreeCooking.obj
 0001:00011610       ??0SortBoundsPredicate@physx@@QEAA@IPEBUPxBounds3V@1@@Z 0000000180012610 f i RTreeCooking.obj
 0001:00011650       ??0SubSortQuick@physx@@QEAA@PEAIPEBUPxBounds3V@1@IM@Z 0000000180012650 f i RTreeCooking.obj
 0001:00011820       ??0SubSortSAH@physx@@QEAA@PEAIPEBUPxBounds3V@1@IPEBI22222M@Z 0000000180012820 f i RTreeCooking.obj
 0001:00011a90       ??0TempAllocator@shdfnd@physx@@QEAA@PEBD@Z 0000000180012a90 f i RTreeCooking.obj
 0001:00011ab0       ??1?$Array@IVNamedAllocator@shdfnd@physx@@@shdfnd@physx@@QEAA@XZ 0000000180012ab0 f i RTreeCooking.obj
 0001:00011b40       ??1?$Array@UInterval@physx@@V?$InlineAllocator@$0CA@VNamedAllocator@shdfnd@physx@@@shdfnd@2@@shdfnd@physx@@QEAA@XZ 0000000180012b40 f i RTreeCooking.obj
 0001:00011bd0       ??1?$Array@UPxBounds3V@physx@@VNamedAllocator@shdfnd@2@@shdfnd@physx@@QEAA@XZ 0000000180012bd0 f i RTreeCooking.obj
 0001:00011c60       ??1?$Array@URTreeNodeNQ@physx@@VNamedAllocator@shdfnd@2@@shdfnd@physx@@QEAA@XZ 0000000180012c60 f i RTreeCooking.obj
 0001:00011cf0       ??1?$Array@URTreeNodeQ@Gu@physx@@VNamedAllocator@shdfnd@3@@shdfnd@physx@@QEAA@XZ 0000000180012cf0 f i RTreeCooking.obj
 0001:00011d80       ??1?$Array@VPxVec3@physx@@VNamedAllocator@shdfnd@2@@shdfnd@physx@@QEAA@XZ 0000000180012d80 f i RTreeCooking.obj
 0001:00011e10       ??1?$InlineAllocator@$0CA@VNamedAllocator@shdfnd@physx@@@shdfnd@physx@@QEAA@XZ 0000000180012e10 f i RTreeCooking.obj
 0001:00011e30       ??1?$InlineArray@UInterval@physx@@$03VNamedAllocator@shdfnd@2@@shdfnd@physx@@QEAA@XZ 0000000180012e30 f i RTreeCooking.obj
 0001:00011e50       ??1?$ScopedPointer@HVTempAllocator@shdfnd@physx@@@shdfnd@physx@@QEAA@XZ 0000000180012e50 f i RTreeCooking.obj
 0001:00011e90       ??1?$Stack@VNamedAllocator@shdfnd@physx@@@internal@shdfnd@physx@@QEAA@XZ 0000000180012e90 f i RTreeCooking.obj
 0001:00011ee0       ??1SubSortQuick@physx@@QEAA@XZ 0000000180012ee0 f i RTreeCooking.obj
 0001:00011f10       ??1SubSortSAH@physx@@QEAA@XZ 0000000180012f10 f i RTreeCooking.obj
 0001:00011fe0       ??2@YAPEAX_KPEAX@Z         0000000180012fe0 f i RTreeCooking.obj
 0001:00012000       ??4PxVec3@physx@@QEAAAEAV01@AEBV01@@Z 0000000180013000 f i RTreeCooking.obj
 0001:00012060       ??4PxVec4@physx@@QEAAAEAV01@AEBV01@@Z 0000000180013060 f i RTreeCooking.obj
 0001:000120e0       ??A?$Array@IVNamedAllocator@shdfnd@physx@@@shdfnd@physx@@QEAAAEAII@Z 00000001800130e0 f i RTreeCooking.obj
 0001:00012180       ??A?$Array@UInterval@physx@@V?$InlineAllocator@$0CA@VNamedAllocator@shdfnd@physx@@@shdfnd@2@@shdfnd@physx@@QEAAAEAUInterval@2@I@Z 0000000180013180 f i RTreeCooking.obj
 0001:00012220       ??A?$Array@URTreeNodeNQ@physx@@VNamedAllocator@shdfnd@2@@shdfnd@physx@@QEAAAEAURTreeNodeNQ@2@I@Z 0000000180013220 f i RTreeCooking.obj
 0001:000122c0       ??A?$Array@URTreeNodeQ@Gu@physx@@VNamedAllocator@shdfnd@3@@shdfnd@physx@@QEAAAEAURTreeNodeQ@Gu@2@I@Z 00000001800132c0 f i RTreeCooking.obj
 0001:00012360       ??B?$ScopedPointer@HVTempAllocator@shdfnd@physx@@@shdfnd@physx@@QEBAPEAHXZ 0000000180013360 f i RTreeCooking.obj
 0001:00012380       ??GPxVec4@physx@@QEBA?AV01@AEBV01@@Z 0000000180013380 f i RTreeCooking.obj
 0001:00012430       ??HPxVec3@physx@@QEBA?AV01@AEBV01@@Z 0000000180013430 f i RTreeCooking.obj
 0001:000124d0       ??KPxVec4@physx@@QEBA?AV01@M@Z 00000001800134d0 f i RTreeCooking.obj
 0001:00012590       ??R?$Less@I@shdfnd@physx@@QEBA_NAEBI0@Z 0000000180013590 f i RTreeCooking.obj
 0001:000125e0       ??RBoundsLTE@physx@@QEBA_NAEBI0@Z 00000001800135e0 f i RTreeCooking.obj
 0001:000126a0       ??RSortBoundsPredicate@physx@@QEBA_NAEBI0@Z 00000001800136a0 f i RTreeCooking.obj
 0001:00012820       ??_H@YAXPEAX_K1P6APEAX0@Z@Z 0000000180013820 f i RTreeCooking.obj
 0001:000128c0       ?FLoad@aos@shdfnd@physx@@YA?AT__m128@@M@Z 00000001800138c0 f i RTreeCooking.obj
 0001:000128f0       ?FMax@aos@shdfnd@physx@@YA?AT__m128@@XZ 00000001800138f0 f i RTreeCooking.obj
 0001:00012920       ?FNegMax@aos@shdfnd@physx@@YA?AT__m128@@XZ 0000000180013920 f i RTreeCooking.obj
 0001:00012950       ?FStore@aos@shdfnd@physx@@YAXT__m128@@PEIAM@Z 0000000180013950 f i RTreeCooking.obj
 0001:00012a00       ?PxAbs@physx@@YAHH@Z       0000000180013a00 f i RTreeCooking.obj
 0001:00012a20       ?PxAbs@physx@@YAMM@Z       0000000180013a20 f i RTreeCooking.obj
 0001:00012a40       ?PxIsFinite@physx@@YA_NM@Z 0000000180013a40 f i RTreeCooking.obj
 0001:00012a60       ?PxMemCopy@physx@@YAPEAXPEIAXPEIBXI@Z 0000000180013a60 f i RTreeCooking.obj
 0001:00012aa0       ?V3Add@aos@shdfnd@physx@@YA?AT__m128@@T4@0@Z 0000000180013aa0 f i RTreeCooking.obj
 0001:00012bf0       ?V3Dot@aos@shdfnd@physx@@YA?AT__m128@@T4@0@Z 0000000180013bf0 f i RTreeCooking.obj
 0001:00012e00       ?V3Load@aos@shdfnd@physx@@YA?AT__m128@@M@Z 0000000180013e00 f i RTreeCooking.obj
 0001:00012e50       ?V3LoadU@aos@shdfnd@physx@@YA?AT__m128@@AEBVPxVec3@3@@Z 0000000180013e50 f i RTreeCooking.obj
 0001:00012eb0       ?V3Max@aos@shdfnd@physx@@YA?AT__m128@@T4@0@Z 0000000180013eb0 f i RTreeCooking.obj
 0001:00013000       ?V3Min@aos@shdfnd@physx@@YA?AT__m128@@T4@0@Z 0000000180014000 f i RTreeCooking.obj
 0001:00013150       ?V3PermZXY@aos@shdfnd@physx@@YA?AT__m128@@T4@@Z 0000000180014150 f i RTreeCooking.obj
 0001:00013210       ?V3ReadXYZ@aos@shdfnd@physx@@YAAEBVPxVec3@3@AEBT__m128@@@Z 0000000180014210 f i RTreeCooking.obj
 0001:00013220       ?V3Splat@aos@shdfnd@physx@@YA?AT__m128@@T4@@Z 0000000180014220 f i RTreeCooking.obj
 0001:00013330       ?V3StoreA@aos@shdfnd@physx@@YAXT__m128@@AEAVPxVec3@3@@Z 0000000180014330 f i RTreeCooking.obj
 0001:00013420       ?V3StoreU@aos@shdfnd@physx@@YAXT__m128@@AEAVPxVec3@3@@Z 0000000180014420 f i RTreeCooking.obj
 0001:000134a0       ?V3Sub@aos@shdfnd@physx@@YA?AT__m128@@T4@0@Z 00000001800144a0 f i RTreeCooking.obj
 0001:000135f0       ?V3Zero@aos@shdfnd@physx@@YA?AT__m128@@XZ 00000001800145f0 f i RTreeCooking.obj
 0001:00013610       ?V4ClearW@aos@shdfnd@physx@@YA?AT__m128@@T4@@Z 0000000180014610 f i RTreeCooking.obj
 0001:00013640       ?V4Load@aos@shdfnd@physx@@YA?AT__m128@@M@Z 0000000180014640 f i RTreeCooking.obj
 0001:00013670       ?V4ReadW@aos@shdfnd@physx@@YAMAEBT__m128@@@Z 0000000180014670 f i RTreeCooking.obj
 0001:00013690       ?V4ReadX@aos@shdfnd@physx@@YAMAEBT__m128@@@Z 0000000180014690 f i RTreeCooking.obj
 0001:000136b0       ?V4ReadY@aos@shdfnd@physx@@YAMAEBT__m128@@@Z 00000001800146b0 f i RTreeCooking.obj
 0001:000136d0       ?V4ReadZ@aos@shdfnd@physx@@YAMAEBT__m128@@@Z 00000001800146d0 f i RTreeCooking.obj
 0001:000136f0       ?V4StoreA@aos@shdfnd@physx@@YAXT__m128@@PEAM@Z 00000001800146f0 f i RTreeCooking.obj
 0001:00013790       ?Vec3V_From_FloatV@aos@shdfnd@physx@@YA?AT__m128@@T4@@Z 0000000180014790 f i RTreeCooking.obj
 0001:000137f0       ?Vec3V_From_Vec4V@aos@shdfnd@physx@@YA?AT__m128@@T4@@Z 00000001800147f0 f i RTreeCooking.obj
 0001:00013830       ?Vec4V_From_FloatV@aos@shdfnd@physx@@YA?AT__m128@@T4@@Z 0000000180014830 f i RTreeCooking.obj
 0001:00013850       ?abs@intrinsics@physx@@YAMM@Z 0000000180014850 f i RTreeCooking.obj
 0001:00013870       ?allocate@?$AlignedAllocator@$0IA@VNonTrackingAllocator@shdfnd@physx@@@shdfnd@physx@@QEAAPEAX_KPEBDH@Z 0000000180014870 f i RTreeCooking.obj
 0001:00013940       ?allocate@?$Array@IVNamedAllocator@shdfnd@physx@@@shdfnd@physx@@IEAAPEAII@Z 0000000180014940 f i RTreeCooking.obj
 0001:000139f0       ?allocate@?$Array@UInterval@physx@@V?$InlineAllocator@$0CA@VNamedAllocator@shdfnd@physx@@@shdfnd@2@@shdfnd@physx@@IEAAPEAUInterval@3@I@Z 00000001800149f0 f i RTreeCooking.obj
 0001:00013aa0       ?allocate@?$Array@UPxBounds3V@physx@@VNamedAllocator@shdfnd@2@@shdfnd@physx@@IEAAPEAUPxBounds3V@3@I@Z 0000000180014aa0 f i RTreeCooking.obj
 0001:00013b50       ?allocate@?$Array@URTreeNodeNQ@physx@@VNamedAllocator@shdfnd@2@@shdfnd@physx@@IEAAPEAURTreeNodeNQ@3@I@Z 0000000180014b50 f i RTreeCooking.obj
 0001:00013c00       ?allocate@?$Array@URTreeNodeQ@Gu@physx@@VNamedAllocator@shdfnd@3@@shdfnd@physx@@IEAAPEAURTreeNodeQ@Gu@3@I@Z 0000000180014c00 f i RTreeCooking.obj
 0001:00013cb0       ?allocate@?$Array@VPxVec3@physx@@VNamedAllocator@shdfnd@2@@shdfnd@physx@@IEAAPEAVPxVec3@3@I@Z 0000000180014cb0 f i RTreeCooking.obj
 0001:00013d60       ?allocate@?$InlineAllocator@$0CA@VNamedAllocator@shdfnd@physx@@@shdfnd@physx@@QEAAPEAXIPEBDH@Z 0000000180014d60 f i RTreeCooking.obj
 0001:00013de0       ?allocate@NonTrackingAllocator@shdfnd@physx@@QEAAPEAX_KPEBDH@Z 0000000180014de0 f i RTreeCooking.obj
 0001:00013e70       ?begin@?$Array@IVNamedAllocator@shdfnd@physx@@@shdfnd@physx@@QEAAPEAIXZ 0000000180014e70 f i RTreeCooking.obj
 0001:00013e90       ?begin@?$Array@UPxBounds3V@physx@@VNamedAllocator@shdfnd@2@@shdfnd@physx@@QEAAPEAUPxBounds3V@3@XZ 0000000180014e90 f i RTreeCooking.obj
 0001:00013eb0       ?begin@?$Array@VPxVec3@physx@@VNamedAllocator@shdfnd@2@@shdfnd@physx@@QEAAPEAVPxVec3@3@XZ 0000000180014eb0 f i RTreeCooking.obj
 0001:00013ed0       ?capacity@?$Array@IVNamedAllocator@shdfnd@physx@@@shdfnd@physx@@QEBAIXZ 0000000180014ed0 f i RTreeCooking.obj
 0001:00013ef0       ?capacity@?$Array@UInterval@physx@@V?$InlineAllocator@$0CA@VNamedAllocator@shdfnd@physx@@@shdfnd@2@@shdfnd@physx@@QEBAIXZ 0000000180014ef0 f i RTreeCooking.obj
 0001:00013f10       ?capacity@?$Array@UPxBounds3V@physx@@VNamedAllocator@shdfnd@2@@shdfnd@physx@@QEBAIXZ 0000000180014f10 f i RTreeCooking.obj
 0001:00013f30       ?capacity@?$Array@URTreeNodeNQ@physx@@VNamedAllocator@shdfnd@2@@shdfnd@physx@@QEBAIXZ 0000000180014f30 f i RTreeCooking.obj
 0001:00013f50       ?capacity@?$Array@URTreeNodeQ@Gu@physx@@VNamedAllocator@shdfnd@3@@shdfnd@physx@@QEBAIXZ 0000000180014f50 f i RTreeCooking.obj
 0001:00013f70       ?capacity@?$Array@VPxVec3@physx@@VNamedAllocator@shdfnd@2@@shdfnd@physx@@QEBAIXZ 0000000180014f70 f i RTreeCooking.obj
 0001:00013f90       ?capacityIncrement@?$Array@IVNamedAllocator@shdfnd@physx@@@shdfnd@physx@@IEBAIXZ 0000000180014f90 f i RTreeCooking.obj
 0001:00013fe0       ?capacityIncrement@?$Array@UInterval@physx@@V?$InlineAllocator@$0CA@VNamedAllocator@shdfnd@physx@@@shdfnd@2@@shdfnd@physx@@IEBAIXZ 0000000180014fe0 f i RTreeCooking.obj
 0001:00014030       ?capacityIncrement@?$Array@UPxBounds3V@physx@@VNamedAllocator@shdfnd@2@@shdfnd@physx@@IEBAIXZ 0000000180015030 f i RTreeCooking.obj
 0001:00014080       ?capacityIncrement@?$Array@URTreeNodeNQ@physx@@VNamedAllocator@shdfnd@2@@shdfnd@physx@@IEBAIXZ 0000000180015080 f i RTreeCooking.obj
 0001:000140d0       ?capacityIncrement@?$Array@URTreeNodeQ@Gu@physx@@VNamedAllocator@shdfnd@3@@shdfnd@physx@@IEBAIXZ 00000001800150d0 f i RTreeCooking.obj
 0001:00014120       ?capacityIncrement@?$Array@VPxVec3@physx@@VNamedAllocator@shdfnd@2@@shdfnd@physx@@IEBAIXZ 0000000180015120 f i RTreeCooking.obj
 0001:00014170       ?computeSA@SubSortSAH@physx@@QEAAMPEBIAEBUInterval@2@@Z 0000000180015170 f i RTreeCooking.obj
 0001:00014400       ?copy@?$Array@IVNamedAllocator@shdfnd@physx@@@shdfnd@physx@@KAXPEAI0PEBI@Z 0000000180015400 f i RTreeCooking.obj
 0001:000144e0       ?copy@?$Array@UInterval@physx@@V?$InlineAllocator@$0CA@VNamedAllocator@shdfnd@physx@@@shdfnd@2@@shdfnd@physx@@KAXPEAUInterval@3@0PEBU43@@Z 00000001800154e0 f i RTreeCooking.obj
 0001:000145c0       ?copy@?$Array@UPxBounds3V@physx@@VNamedAllocator@shdfnd@2@@shdfnd@physx@@KAXPEAUPxBounds3V@3@0PEBU43@@Z 00000001800155c0 f i RTreeCooking.obj
 0001:000146b0       ?copy@?$Array@URTreeNodeNQ@physx@@VNamedAllocator@shdfnd@2@@shdfnd@physx@@KAXPEAURTreeNodeNQ@3@0PEBU43@@Z 00000001800156b0 f i RTreeCooking.obj
 0001:00014790       ?copy@?$Array@URTreeNodeQ@Gu@physx@@VNamedAllocator@shdfnd@3@@shdfnd@physx@@KAXPEAURTreeNodeQ@Gu@3@0PEBU453@@Z 0000000180015790 f i RTreeCooking.obj
 0001:00014880       ?copy@?$Array@VPxVec3@physx@@VNamedAllocator@shdfnd@2@@shdfnd@physx@@KAXPEAVPxVec3@3@0PEBV43@@Z 0000000180015880 f i RTreeCooking.obj
 0001:00014970       ?create@?$Array@IVNamedAllocator@shdfnd@physx@@@shdfnd@physx@@KAXPEAI0AEBI@Z 0000000180015970 f i RTreeCooking.obj
 0001:00014a40       ?deallocate@?$Array@IVNamedAllocator@shdfnd@physx@@@shdfnd@physx@@IEAAXPEAX@Z 0000000180015a40 f i RTreeCooking.obj
 0001:00014a70       ?deallocate@?$Array@UInterval@physx@@V?$InlineAllocator@$0CA@VNamedAllocator@shdfnd@physx@@@shdfnd@2@@shdfnd@physx@@IEAAXPEAX@Z 0000000180015a70 f i RTreeCooking.obj
 0001:00014aa0       ?deallocate@?$Array@UPxBounds3V@physx@@VNamedAllocator@shdfnd@2@@shdfnd@physx@@IEAAXPEAX@Z 0000000180015aa0 f i RTreeCooking.obj
 0001:00014ad0       ?deallocate@?$Array@URTreeNodeNQ@physx@@VNamedAllocator@shdfnd@2@@shdfnd@physx@@IEAAXPEAX@Z 0000000180015ad0 f i RTreeCooking.obj
 0001:00014b00       ?deallocate@?$Array@URTreeNodeQ@Gu@physx@@VNamedAllocator@shdfnd@3@@shdfnd@physx@@IEAAXPEAX@Z 0000000180015b00 f i RTreeCooking.obj
 0001:00014b30       ?deallocate@?$Array@VPxVec3@physx@@VNamedAllocator@shdfnd@2@@shdfnd@physx@@IEAAXPEAX@Z 0000000180015b30 f i RTreeCooking.obj
 0001:00014b60       ?deallocate@?$InlineAllocator@$0CA@VNamedAllocator@shdfnd@physx@@@shdfnd@physx@@QEAAXPEAX@Z 0000000180015b60 f i RTreeCooking.obj
 0001:00014bb0       ?destroy@?$Array@IVNamedAllocator@shdfnd@physx@@@shdfnd@physx@@KAXPEAI0@Z 0000000180015bb0 f i RTreeCooking.obj
 0001:00014c00       ?destroy@?$Array@UInterval@physx@@V?$InlineAllocator@$0CA@VNamedAllocator@shdfnd@physx@@@shdfnd@2@@shdfnd@physx@@KAXPEAUInterval@3@0@Z 0000000180015c00 f i RTreeCooking.obj
 0001:00014c50       ?destroy@?$Array@UPxBounds3V@physx@@VNamedAllocator@shdfnd@2@@shdfnd@physx@@KAXPEAUPxBounds3V@3@0@Z 0000000180015c50 f i RTreeCooking.obj
 0001:00014ca0       ?destroy@?$Array@URTreeNodeNQ@physx@@VNamedAllocator@shdfnd@2@@shdfnd@physx@@KAXPEAURTreeNodeNQ@3@0@Z 0000000180015ca0 f i RTreeCooking.obj
 0001:00014cf0       ?destroy@?$Array@URTreeNodeQ@Gu@physx@@VNamedAllocator@shdfnd@3@@shdfnd@physx@@KAXPEAURTreeNodeQ@Gu@3@0@Z 0000000180015cf0 f i RTreeCooking.obj
 0001:00014d40       ?destroy@?$Array@VPxVec3@physx@@VNamedAllocator@shdfnd@2@@shdfnd@physx@@KAXPEAVPxVec3@3@0@Z 0000000180015d40 f i RTreeCooking.obj
 0001:00014d90       ?empty@?$Stack@VNamedAllocator@shdfnd@physx@@@internal@shdfnd@physx@@QEAA_NXZ 0000000180015d90 f i RTreeCooking.obj
 0001:00014dd0       ?empty@PxBounds3@physx@@SA?AV12@XZ 0000000180015dd0 f i RTreeCooking.obj
 0001:00014e40       ?getExtents@PxBounds3V@physx@@QEBA?AT__m128@@XZ 0000000180015e40 f i RTreeCooking.obj
 0001:00014eb0       ?getMaxVec3@PxBounds3V@physx@@QEBA?BVPxVec3@2@XZ 0000000180015eb0 f i RTreeCooking.obj
 0001:00014f20       ?getMinVec3@PxBounds3V@physx@@QEBA?BVPxVec3@2@XZ 0000000180015f20 f i RTreeCooking.obj
 0001:00014f80       ?grow@?$Array@IVNamedAllocator@shdfnd@physx@@@shdfnd@physx@@IEAAXI@Z 0000000180015f80 f i RTreeCooking.obj
 0001:00015020       ?grow@?$Array@UPxBounds3V@physx@@VNamedAllocator@shdfnd@2@@shdfnd@physx@@IEAAXI@Z 0000000180016020 f i RTreeCooking.obj
 0001:000150c0       ?grow@?$Array@URTreeNodeNQ@physx@@VNamedAllocator@shdfnd@2@@shdfnd@physx@@IEAAXI@Z 00000001800160c0 f i RTreeCooking.obj
 0001:00015160       ?grow@?$Array@URTreeNodeQ@Gu@physx@@VNamedAllocator@shdfnd@3@@shdfnd@physx@@IEAAXI@Z 0000000180016160 f i RTreeCooking.obj
 0001:00015200       ?grow@?$Array@VPxVec3@physx@@VNamedAllocator@shdfnd@2@@shdfnd@physx@@IEAAXI@Z 0000000180016200 f i RTreeCooking.obj
 0001:000152a0       ?grow@?$Stack@VNamedAllocator@shdfnd@physx@@@internal@shdfnd@physx@@QEAAXXZ 00000001800162a0 f i RTreeCooking.obj
 0001:00015380       ?growAndPushBack@?$Array@IVNamedAllocator@shdfnd@physx@@@shdfnd@physx@@IEAAAEAIAEBI@Z 0000000180016380 f i RTreeCooking.obj
 0001:00015560       ?growAndPushBack@?$Array@UInterval@physx@@V?$InlineAllocator@$0CA@VNamedAllocator@shdfnd@physx@@@shdfnd@2@@shdfnd@physx@@IEAAAEAUInterval@3@AEBU43@@Z 0000000180016560 f i RTreeCooking.obj
 0001:00015750       ?growAndPushBack@?$Array@UPxBounds3V@physx@@VNamedAllocator@shdfnd@2@@shdfnd@physx@@IEAAAEAUPxBounds3V@3@AEBU43@@Z 0000000180016750 f i RTreeCooking.obj
 0001:00015990       ?growAndPushBack@?$Array@URTreeNodeNQ@physx@@VNamedAllocator@shdfnd@2@@shdfnd@physx@@IEAAAEAURTreeNodeNQ@3@AEBU43@@Z 0000000180016990 f i RTreeCooking.obj
 0001:00015b80       ?growAndPushBack@?$Array@URTreeNodeQ@Gu@physx@@VNamedAllocator@shdfnd@3@@shdfnd@physx@@IEAAAEAURTreeNodeQ@Gu@3@AEBU453@@Z 0000000180016b80 f i RTreeCooking.obj
 0001:00015dc0       ?growAndPushBack@?$Array@VPxVec3@physx@@VNamedAllocator@shdfnd@2@@shdfnd@physx@@IEAAAEAVPxVec3@3@AEBV43@@Z 0000000180016dc0 f i RTreeCooking.obj
 0001:00015fb0       ?include@PxBounds3V@physx@@QEAAXAEBU12@@Z 0000000180016fb0 f i RTreeCooking.obj
 0001:00016080       ?isAligned16@aos@shdfnd@physx@@YA_NPEAX@Z 0000000180017080 f i RTreeCooking.obj
 0001:000160c0       ?isArrayOfPOD@?$Array@IVNamedAllocator@shdfnd@physx@@@shdfnd@physx@@SA_NXZ 00000001800170c0 f i RTreeCooking.obj
 0001:000160d0       ?isArrayOfPOD@?$Array@UInterval@physx@@V?$InlineAllocator@$0CA@VNamedAllocator@shdfnd@physx@@@shdfnd@2@@shdfnd@physx@@SA_NXZ 00000001800170d0 f i RTreeCooking.obj
 0001:000160e0       ?isArrayOfPOD@?$Array@UPxBounds3V@physx@@VNamedAllocator@shdfnd@2@@shdfnd@physx@@SA_NXZ 00000001800170e0 f i RTreeCooking.obj
 0001:000160f0       ?isArrayOfPOD@?$Array@URTreeNodeNQ@physx@@VNamedAllocator@shdfnd@2@@shdfnd@physx@@SA_NXZ 00000001800170f0 f i RTreeCooking.obj
 0001:00016100       ?isArrayOfPOD@?$Array@URTreeNodeQ@Gu@physx@@VNamedAllocator@shdfnd@3@@shdfnd@physx@@SA_NXZ 0000000180017100 f i RTreeCooking.obj
 0001:00016110       ?isArrayOfPOD@?$Array@VPxVec3@physx@@VNamedAllocator@shdfnd@2@@shdfnd@physx@@SA_NXZ 0000000180017110 f i RTreeCooking.obj
 0001:00016120       ?isFinite@PxBounds3@physx@@QEBA_NXZ 0000000180017120 f i RTreeCooking.obj
 0001:00016190       ?isFinite@PxVec3@physx@@QEBA_NXZ 0000000180017190 f i RTreeCooking.obj
 0001:00016210       ?isFinite@intrinsics@physx@@YA_NM@Z 0000000180017210 f i RTreeCooking.obj
 0001:00016260       ?isInUserMemory@?$Array@IVNamedAllocator@shdfnd@physx@@@shdfnd@physx@@QEBAIXZ 0000000180017260 f i RTreeCooking.obj
 0001:00016280       ?isInUserMemory@?$Array@UInterval@physx@@V?$InlineAllocator@$0CA@VNamedAllocator@shdfnd@physx@@@shdfnd@2@@shdfnd@physx@@QEBAIXZ 0000000180017280 f i RTreeCooking.obj
 0001:000162a0       ?isInUserMemory@?$Array@UPxBounds3V@physx@@VNamedAllocator@shdfnd@2@@shdfnd@physx@@QEBAIXZ 00000001800172a0 f i RTreeCooking.obj
 0001:000162c0       ?isInUserMemory@?$Array@URTreeNodeNQ@physx@@VNamedAllocator@shdfnd@2@@shdfnd@physx@@QEBAIXZ 00000001800172c0 f i RTreeCooking.obj
 0001:000162e0       ?isInUserMemory@?$Array@URTreeNodeQ@Gu@physx@@VNamedAllocator@shdfnd@3@@shdfnd@physx@@QEBAIXZ 00000001800172e0 f i RTreeCooking.obj
 0001:00016300       ?isInUserMemory@?$Array@VPxVec3@physx@@VNamedAllocator@shdfnd@2@@shdfnd@physx@@QEBAIXZ 0000000180017300 f i RTreeCooking.obj
 0001:00016320       ?isInside@PxBounds3@physx@@QEBA_NAEBV12@@Z 0000000180017320 f i RTreeCooking.obj
 0001:00016480       ?isLeaf@RTreeNodeQ@Gu@physx@@QEBAIXZ 0000000180017480 f i RTreeCooking.obj
 0001:000164a0       ?isValid@PxBounds3@physx@@QEBA_NXZ 00000001800174a0 f i RTreeCooking.obj
 0001:000165d0       ?isValidFloatV@aos@shdfnd@physx@@YA_NT__m128@@@Z 00000001800175d0 f i RTreeCooking.obj
 0001:00016720       ?isValidVec3V@aos@shdfnd@physx@@YA_NT__m128@@@Z 0000000180017720 f i RTreeCooking.obj
 0001:00016790       ?isZeroInit@?$Array@IVNamedAllocator@shdfnd@physx@@@shdfnd@physx@@KA_NAEBI@Z 0000000180017790 f i RTreeCooking.obj
 0001:00016810       ?memCopy@intrinsics@physx@@YAPEAXPEIAXPEIBXI@Z 0000000180017810 f i RTreeCooking.obj
 0001:00016850       ?memZero@intrinsics@physx@@YAPEAXPEAXI@Z 0000000180017850 f i RTreeCooking.obj
 0001:00016880       ?pop@?$Stack@VNamedAllocator@shdfnd@physx@@@internal@shdfnd@physx@@QEAAXAEAH0@Z 0000000180017880 f i RTreeCooking.obj
 0001:00016990       ?popBack@?$Array@IVNamedAllocator@shdfnd@physx@@@shdfnd@physx@@QEAAIXZ 0000000180017990 f i RTreeCooking.obj
 0001:00016a80       ?push@?$Stack@VNamedAllocator@shdfnd@physx@@@internal@shdfnd@physx@@QEAAXHH@Z 0000000180017a80 f i RTreeCooking.obj
 0001:00016b30       ?pushBack@?$Array@IVNamedAllocator@shdfnd@physx@@@shdfnd@physx@@QEAAAEAIAEBI@Z 0000000180017b30 f i RTreeCooking.obj
 0001:00016c00       ?pushBack@?$Array@UInterval@physx@@V?$InlineAllocator@$0CA@VNamedAllocator@shdfnd@physx@@@shdfnd@2@@shdfnd@physx@@QEAAAEAUInterval@3@AEBU43@@Z 0000000180017c00 f i RTreeCooking.obj
 0001:00016cd0       ?pushBack@?$Array@UPxBounds3V@physx@@VNamedAllocator@shdfnd@2@@shdfnd@physx@@QEAAAEAUPxBounds3V@3@AEBU43@@Z 0000000180017cd0 f i RTreeCooking.obj
 0001:00016da0       ?pushBack@?$Array@URTreeNodeNQ@physx@@VNamedAllocator@shdfnd@2@@shdfnd@physx@@QEAAAEAURTreeNodeNQ@3@AEBU43@@Z 0000000180017da0 f i RTreeCooking.obj
 0001:00016e70       ?pushBack@?$Array@URTreeNodeQ@Gu@physx@@VNamedAllocator@shdfnd@3@@shdfnd@physx@@QEAAAEAURTreeNodeQ@Gu@3@AEBU453@@Z 0000000180017e70 f i RTreeCooking.obj
 0001:00016f40       ?pushBack@?$Array@VPxVec3@physx@@VNamedAllocator@shdfnd@2@@shdfnd@physx@@QEAAAEAVPxVec3@3@AEBV43@@Z 0000000180017f40 f i RTreeCooking.obj
 0001:00017010       ?recreate@?$Array@IVNamedAllocator@shdfnd@physx@@@shdfnd@physx@@IEAAXI@Z 0000000180018010 f i RTreeCooking.obj
 0001:00017170       ?recreate@?$Array@UPxBounds3V@physx@@VNamedAllocator@shdfnd@2@@shdfnd@physx@@IEAAXI@Z 0000000180018170 f i RTreeCooking.obj
 0001:000172d0       ?recreate@?$Array@URTreeNodeNQ@physx@@VNamedAllocator@shdfnd@2@@shdfnd@physx@@IEAAXI@Z 00000001800182d0 f i RTreeCooking.obj
 0001:00017430       ?recreate@?$Array@URTreeNodeQ@Gu@physx@@VNamedAllocator@shdfnd@3@@shdfnd@physx@@IEAAXI@Z 0000000180018430 f i RTreeCooking.obj
 0001:00017590       ?recreate@?$Array@VPxVec3@physx@@VNamedAllocator@shdfnd@2@@shdfnd@physx@@IEAAXI@Z 0000000180018590 f i RTreeCooking.obj
 0001:000176f0       ?replaceWithLast@?$Array@UInterval@physx@@V?$InlineAllocator@$0CA@VNamedAllocator@shdfnd@physx@@@shdfnd@2@@shdfnd@physx@@QEAAXI@Z 00000001800186f0 f i RTreeCooking.obj
 0001:000177d0       ?reserve@?$Array@IVNamedAllocator@shdfnd@physx@@@shdfnd@physx@@QEAAXI@Z 00000001800187d0 f i RTreeCooking.obj
 0001:00017810       ?reserve@?$Array@UPxBounds3V@physx@@VNamedAllocator@shdfnd@2@@shdfnd@physx@@QEAAXI@Z 0000000180018810 f i RTreeCooking.obj
 0001:00017850       ?reserve@?$Array@URTreeNodeNQ@physx@@VNamedAllocator@shdfnd@2@@shdfnd@physx@@QEAAXI@Z 0000000180018850 f i RTreeCooking.obj
 0001:00017890       ?reserve@?$Array@URTreeNodeQ@Gu@physx@@VNamedAllocator@shdfnd@3@@shdfnd@physx@@QEAAXI@Z 0000000180018890 f i RTreeCooking.obj
 0001:000178d0       ?reserve@?$Array@VPxVec3@physx@@VNamedAllocator@shdfnd@2@@shdfnd@physx@@QEAAXI@Z 00000001800188d0 f i RTreeCooking.obj
 0001:00017910       ?resize@?$Array@IVNamedAllocator@shdfnd@physx@@@shdfnd@physx@@QEAAXIAEBI@Z 0000000180018910 f i RTreeCooking.obj
 0001:000179d0       ?resizeUninitialized@?$Array@URTreeNodeNQ@physx@@VNamedAllocator@shdfnd@2@@shdfnd@physx@@QEAAXI@Z 00000001800189d0 f i RTreeCooking.obj
 0001:00017a10       ?selectMax@intrinsics@physx@@YAMMM@Z 0000000180018a10 f i RTreeCooking.obj
 0001:00017a60       ?selectMin@intrinsics@physx@@YAMMM@Z 0000000180018a60 f i RTreeCooking.obj
 0001:00017ab0       ?setEmpty@PxBounds3@physx@@QEAAXXZ 0000000180018ab0 f i RTreeCooking.obj
 0001:00017b20       ?setLeaf@RTreeNodeQ@Gu@physx@@QEAAX_N@Z 0000000180018b20 f i RTreeCooking.obj
 0001:00017b70       ?size@?$Array@IVNamedAllocator@shdfnd@physx@@@shdfnd@physx@@QEBAIXZ 0000000180018b70 f i RTreeCooking.obj
 0001:00017b90       ?size@?$Array@UInterval@physx@@V?$InlineAllocator@$0CA@VNamedAllocator@shdfnd@physx@@@shdfnd@2@@shdfnd@physx@@QEBAIXZ 0000000180018b90 f i RTreeCooking.obj
 0001:00017bb0       ?size@?$Array@URTreeNodeNQ@physx@@VNamedAllocator@shdfnd@2@@shdfnd@physx@@QEBAIXZ 0000000180018bb0 f i RTreeCooking.obj
 0001:00017bd0       ?size@?$Array@URTreeNodeQ@Gu@physx@@VNamedAllocator@shdfnd@3@@shdfnd@physx@@QEBAIXZ 0000000180018bd0 f i RTreeCooking.obj
 0001:00017bf0       ?size@?$Array@VPxVec3@physx@@VNamedAllocator@shdfnd@2@@shdfnd@physx@@QEBAIXZ 0000000180018bf0 f i RTreeCooking.obj
 0001:00017c10       ?sort4@SubSortQuick@physx@@QEAAXPEIAIIAEAV?$Array@URTreeNodeNQ@physx@@VNamedAllocator@shdfnd@2@@shdfnd@2@AEAIAEAUPxBounds3V@2@I@Z 0000000180018c10 f i RTreeCooking.obj
 0001:000188c0       ?sort4@SubSortSAH@physx@@QEAAXPEAIIAEAV?$Array@URTreeNodeNQ@physx@@VNamedAllocator@shdfnd@2@@shdfnd@2@AEAIIPEAURTreeNodeNQ@2@@Z 00000001800198c0 f i RTreeCooking.obj
 0001:00019a60       ?split@SubSortSAH@physx@@QEAAIPEAII@Z 000000018001aa60 f i RTreeCooking.obj
 0001:0001ad00       fabsf                      000000018001bd00 f i RTreeCooking.obj
 0001:0001ad30       ??0TriangleMeshBuilder@physx@@QEAA@AEAVTriangleMeshData@Gu@1@AEBUPxCookingParams@1@@Z 000000018001bd30 f   TriangleMeshBuilder.obj
 0001:0001ad90       ??1TriangleMeshBuilder@physx@@UEAA@XZ 000000018001bd90 f   TriangleMeshBuilder.obj
 0001:0001adc0       ?cleanMesh@TriangleMeshBuilder@physx@@QEAA_N_NPEAW4Enum@PxTriangleMeshCookingResult@2@@Z 000000018001bdc0 f   TriangleMeshBuilder.obj
 0001:0001b650       ?remapTopology@TriangleMeshBuilder@physx@@QEAAXPEBI@Z 000000018001c650 f   TriangleMeshBuilder.obj
 0001:0001ba70       ?createSharedEdgeData@TriangleMeshBuilder@physx@@QEAAX_N0@Z 000000018001ca70 f   TriangleMeshBuilder.obj
 0001:0001c330       ?recordTriangleIndices@TriangleMeshBuilder@physx@@QEAAXXZ 000000018001d330 f   TriangleMeshBuilder.obj
 0001:0001c540       ?createGRBMidPhaseAndData@TriangleMeshBuilder@physx@@QEAAXI@Z 000000018001d540 f   TriangleMeshBuilder.obj
 0001:0001c8a0       ?createGRBData@TriangleMeshBuilder@physx@@QEAAXXZ 000000018001d8a0 f   TriangleMeshBuilder.obj
 0001:0001cd10       ?loadFromDesc@TriangleMeshBuilder@physx@@QEAA_NAEBVPxTriangleMeshDesc@2@PEAW4Enum@PxTriangleMeshCookingResult@2@_N@Z 000000018001dd10 f   TriangleMeshBuilder.obj
 0001:0001d000       ?save@TriangleMeshBuilder@physx@@QEBA_NAEAVPxOutputStream@2@_NAEBUPxCookingParams@2@@Z 000000018001e000 f   TriangleMeshBuilder.obj
 0001:0001d9f0       ?checkMeshIndicesSize@TriangleMeshBuilder@physx@@QEAAXXZ 000000018001e9f0 f   TriangleMeshBuilder.obj
 0001:0001dbf0       ?computeLocalBounds@TriangleMeshBuilder@physx@@IEAAXXZ 000000018001ebf0 f   TriangleMeshBuilder.obj
 0001:0001dd00       ?importMesh@TriangleMeshBuilder@physx@@IEAA_NAEBVPxTriangleMeshDesc@2@AEBUPxCookingParams@2@PEAW4Enum@PxTriangleMeshCookingResult@2@_N@Z 000000018001ed00 f   TriangleMeshBuilder.obj
 0001:0001e390       ?releaseEdgeList@TriangleMeshBuilder@physx@@IEAAXXZ 000000018001f390 f   TriangleMeshBuilder.obj
 0001:0001e3f0       ?createEdgeList@TriangleMeshBuilder@physx@@IEAAXXZ 000000018001f3f0 f   TriangleMeshBuilder.obj
 0001:0001e580       ??0RTreeTriangleMeshBuilder@physx@@QEAA@AEBUPxCookingParams@1@@Z 000000018001f580 f   TriangleMeshBuilder.obj
 0001:0001e5e0       ??1RTreeTriangleMeshBuilder@physx@@UEAA@XZ 000000018001f5e0 f   TriangleMeshBuilder.obj
 0001:0001e620       ?createMidPhaseStructure@RTreeTriangleMeshBuilder@physx@@UEAAXXZ 000000018001f620 f   TriangleMeshBuilder.obj
 0001:0001e8d0       ?saveMidPhaseStructure@RTreeTriangleMeshBuilder@physx@@UEBAXAEAVPxOutputStream@2@@Z 000000018001f8d0 f   TriangleMeshBuilder.obj
 0001:0001e910       ??0BV4TriangleMeshBuilder@physx@@QEAA@AEBUPxCookingParams@1@@Z 000000018001f910 f   TriangleMeshBuilder.obj
 0001:0001e970       ??1BV4TriangleMeshBuilder@physx@@UEAA@XZ 000000018001f970 f   TriangleMeshBuilder.obj
 0001:0001e9b0       ?createMidPhaseStructure@BV4TriangleMeshBuilder@physx@@UEAAXXZ 000000018001f9b0 f   TriangleMeshBuilder.obj
 0001:0001ee60       ?saveMidPhaseStructure@BV4TriangleMeshBuilder@physx@@UEBAXAEAVPxOutputStream@2@@Z 000000018001fe60 f   TriangleMeshBuilder.obj
 0001:0001f0b0       ?onMeshIndexFormatChange@BV4TriangleMeshBuilder@physx@@UEAAXXZ 00000001800200b0 f   TriangleMeshBuilder.obj
 0001:0001f140       ?createMidPhaseStructure@BV32TriangleMeshBuilder@physx@@SAXAEBUPxCookingParams@2@AEAVTriangleMeshData@Gu@2@AEAVBV32Tree@52@@Z 0000000180020140 f   TriangleMeshBuilder.obj
 0001:0001f440       ?saveMidPhaseStructure@BV32TriangleMeshBuilder@physx@@SAXPEAVBV32Tree@Gu@2@AEAVPxOutputStream@2@@Z 0000000180020440 f   TriangleMeshBuilder.obj
 0001:0001fef0       ?findSharpVertices@GrbTrimeshCookerHelper@physx@@YAXAEAV?$Array@USortedNeighbor@GrbTrimeshCookerHelper@physx@@VNamedAllocator@shdfnd@3@@shdfnd@2@AEAV?$Array@USharpEdgeRange@GrbTrimeshCookerHelper@physx@@VNamedAllocator@shdfnd@3@@42@PEBUuint3@2@PEBUuint4@2@II@Z 0000000180020ef0 f   TriangleMeshBuilder.obj
 0001:00020400       ?buildVertexConnectionNew_p1@GrbTrimeshCookerHelper@physx@@YAIAEAV?$Array@USortedNeighbor@GrbTrimeshCookerHelper@physx@@VNamedAllocator@shdfnd@3@@shdfnd@2@AEAV?$Array@USharpEdgeRange@GrbTrimeshCookerHelper@physx@@VNamedAllocator@shdfnd@3@@42@PEBUuint3@2@PEBUuint4@2@II@Z 0000000180021400 f   TriangleMeshBuilder.obj
 0001:000204a0       ?buildVertexConnectionNew_p2@GrbTrimeshCookerHelper@physx@@YAXPEAI00AEAV?$Array@USortedNeighbor@GrbTrimeshCookerHelper@physx@@VNamedAllocator@shdfnd@3@@shdfnd@2@AEAV?$Array@USharpEdgeRange@GrbTrimeshCookerHelper@physx@@VNamedAllocator@shdfnd@3@@42@I@Z 00000001800214a0 f   TriangleMeshBuilder.obj
 0001:00021f40       ??$?2V?$ReflectionAllocator@VBV32Tree@Gu@physx@@@shdfnd@physx@@@UserAllocated@shdfnd@physx@@SAPEAX_KV?$ReflectionAllocator@VBV32Tree@Gu@physx@@@12@PEBDH@Z 0000000180022f40 f i TriangleMeshBuilder.obj
 0001:00021f90       ??$?2V?$ReflectionAllocator@VEdgeListBuilder@Gu@physx@@@shdfnd@physx@@@UserAllocated@shdfnd@physx@@SAPEAX_KV?$ReflectionAllocator@VEdgeListBuilder@Gu@physx@@@12@PEBDH@Z 0000000180022f90 f i TriangleMeshBuilder.obj
 0001:00021fe0       ??$?_UE@@YAPEAX_KV?$ReflectionAllocator@E@shdfnd@physx@@PEBDH@Z 0000000180022fe0 f i TriangleMeshBuilder.obj
 0001:00022030       ??$?_UG@@YAPEAX_KV?$ReflectionAllocator@G@shdfnd@physx@@PEBDH@Z 0000000180023030 f i TriangleMeshBuilder.obj
 0001:00022080       ??$?_UI@@YAPEAX_KV?$ReflectionAllocator@I@shdfnd@physx@@PEBDH@Z 0000000180023080 f i TriangleMeshBuilder.obj
 0001:000220d0       ??$PX_UNUSED@U?$TriangleT@I@Gu@physx@@@@YAXAEBU?$TriangleT@I@Gu@physx@@@Z 00000001800230d0 f i TriangleMeshBuilder.obj
 0001:000220e0       ??$median3@UEdgeTriLookup@physx@@$$CBU?$Less@UEdgeTriLookup@physx@@@shdfnd@2@@internal@shdfnd@physx@@YAXPEAUEdgeTriLookup@2@HHAEBU?$Less@UEdgeTriLookup@physx@@@12@@Z 00000001800230e0 f i TriangleMeshBuilder.obj
 0001:00022300       ??$median3@USortedNeighbor@GrbTrimeshCookerHelper@physx@@$$CBU?$Less@USortedNeighbor@GrbTrimeshCookerHelper@physx@@@shdfnd@3@@internal@shdfnd@physx@@YAXPEAUSortedNeighbor@GrbTrimeshCookerHelper@2@HHAEBU?$Less@USortedNeighbor@GrbTrimeshCookerHelper@physx@@@12@@Z 0000000180023300 f i TriangleMeshBuilder.obj
 0001:00022520       ??$partition@UEdgeTriLookup@physx@@$$CBU?$Less@UEdgeTriLookup@physx@@@shdfnd@2@@internal@shdfnd@physx@@YAHPEAUEdgeTriLookup@2@HHAEBU?$Less@UEdgeTriLookup@physx@@@12@@Z 0000000180023520 f i TriangleMeshBuilder.obj
 0001:000227c0       ??$partition@USortedNeighbor@GrbTrimeshCookerHelper@physx@@$$CBU?$Less@USortedNeighbor@GrbTrimeshCookerHelper@physx@@@shdfnd@3@@internal@shdfnd@physx@@YAHPEAUSortedNeighbor@GrbTrimeshCookerHelper@2@HHAEBU?$Less@USortedNeighbor@GrbTrimeshCookerHelper@physx@@@12@@Z 00000001800237c0 f i TriangleMeshBuilder.obj
 0001:00022a60       ??$smallSort@UEdgeTriLookup@physx@@$$CBU?$Less@UEdgeTriLookup@physx@@@shdfnd@2@@internal@shdfnd@physx@@YAXPEAUEdgeTriLookup@2@HHAEBU?$Less@UEdgeTriLookup@physx@@@12@@Z 0000000180023a60 f i TriangleMeshBuilder.obj
 0001:00022b90       ??$smallSort@USortedNeighbor@GrbTrimeshCookerHelper@physx@@$$CBU?$Less@USortedNeighbor@GrbTrimeshCookerHelper@physx@@@shdfnd@3@@internal@shdfnd@physx@@YAXPEAUSortedNeighbor@GrbTrimeshCookerHelper@2@HHAEBU?$Less@USortedNeighbor@GrbTrimeshCookerHelper@physx@@@12@@Z 0000000180023b90 f i TriangleMeshBuilder.obj
 0001:00022cc0       ??$sort@UEdgeTriLookup@physx@@@shdfnd@physx@@YAXPEAUEdgeTriLookup@1@I@Z 0000000180023cc0 f i TriangleMeshBuilder.obj
 0001:00022d20       ??$sort@UEdgeTriLookup@physx@@U?$Less@UEdgeTriLookup@physx@@@shdfnd@2@VNamedAllocator@42@@shdfnd@physx@@YAXPEAUEdgeTriLookup@1@IAEBU?$Less@UEdgeTriLookup@physx@@@01@AEBVNamedAllocator@01@I@Z 0000000180023d20 f i TriangleMeshBuilder.obj
 0001:000230e0       ??$sort@USortedNeighbor@GrbTrimeshCookerHelper@physx@@@shdfnd@physx@@YAXPEAUSortedNeighbor@GrbTrimeshCookerHelper@1@I@Z 00000001800240e0 f i TriangleMeshBuilder.obj
 0001:00023140       ??$sort@USortedNeighbor@GrbTrimeshCookerHelper@physx@@U?$Less@USortedNeighbor@GrbTrimeshCookerHelper@physx@@@shdfnd@3@VNamedAllocator@53@@shdfnd@physx@@YAXPEAUSortedNeighbor@GrbTrimeshCookerHelper@1@IAEBU?$Less@USortedNeighbor@GrbTrimeshCookerHelper@physx@@@01@AEBVNamedAllocator@01@I@Z 0000000180024140 f i TriangleMeshBuilder.obj
 0001:00023500       ??$swap@UEdgeTriLookup@physx@@@shdfnd@physx@@YAXAEAUEdgeTriLookup@1@0@Z 0000000180024500 f i TriangleMeshBuilder.obj
 0001:00023570       ??$swap@USortedNeighbor@GrbTrimeshCookerHelper@physx@@@shdfnd@physx@@YAXAEAUSortedNeighbor@GrbTrimeshCookerHelper@1@0@Z 0000000180024570 f i TriangleMeshBuilder.obj
 0001:000235e0       ??0?$Array@IVNamedAllocator@shdfnd@physx@@@shdfnd@physx@@QEAA@AEBVNamedAllocator@12@@Z 00000001800245e0 f i TriangleMeshBuilder.obj
 0001:00023640       ??0?$Array@USharpEdgeRange@GrbTrimeshCookerHelper@physx@@VNamedAllocator@shdfnd@3@@shdfnd@physx@@QEAA@AEBVNamedAllocator@12@@Z 0000000180024640 f i TriangleMeshBuilder.obj
 0001:000236a0       ??0?$Array@USortedNeighbor@GrbTrimeshCookerHelper@physx@@VNamedAllocator@shdfnd@3@@shdfnd@physx@@QEAA@AEBVNamedAllocator@12@@Z 00000001800246a0 f i TriangleMeshBuilder.obj
 0001:00023700       ??0?$PxFlags@W4Enum@PxMeshFlag@physx@@G@physx@@QEAA@AEBV01@@Z 0000000180024700 f i TriangleMeshBuilder.obj
 0001:00023730       ??0?$PxFlags@W4Enum@PxMeshFlag@physx@@G@physx@@QEAA@W4Enum@PxMeshFlag@1@@Z 0000000180024730 f i TriangleMeshBuilder.obj
 0001:00023760       ??0?$PxFlags@W4Enum@PxMeshFlag@physx@@G@physx@@QEAA@XZ 0000000180024760 f i TriangleMeshBuilder.obj
 0001:00023780       ??0?$PxFlags@W4Enum@PxMeshPreprocessingFlag@physx@@I@physx@@QEAA@AEBV01@@Z 0000000180024780 f i TriangleMeshBuilder.obj
 0001:000237b0       ??0?$ReflectionAllocator@E@shdfnd@physx@@QEAA@PEBD@Z 00000001800247b0 f i TriangleMeshBuilder.obj
 0001:000237d0       ??0?$ReflectionAllocator@G@shdfnd@physx@@QEAA@PEBD@Z 00000001800247d0 f i TriangleMeshBuilder.obj
 0001:000237f0       ??0?$ReflectionAllocator@I@shdfnd@physx@@QEAA@PEBD@Z 00000001800247f0 f i TriangleMeshBuilder.obj
 0001:00023810       ??0?$ReflectionAllocator@VBV32Tree@Gu@physx@@@shdfnd@physx@@QEAA@PEBD@Z 0000000180024810 f i TriangleMeshBuilder.obj
 0001:00023830       ??0?$ReflectionAllocator@VEdgeListBuilder@Gu@physx@@@shdfnd@physx@@QEAA@PEBD@Z 0000000180024830 f i TriangleMeshBuilder.obj
 0001:00023850       ??0BV4TriangleData@Gu@physx@@QEAA@XZ 0000000180024850 f i TriangleMeshBuilder.obj
 0001:000238d0       ??0EDGELISTCREATE@Gu@physx@@QEAA@XZ 00000001800248d0 f i TriangleMeshBuilder.obj
 0001:00023950       ??0PxPlane@physx@@QEAA@AEBVPxVec3@1@0@Z 0000000180024950 f i TriangleMeshBuilder.obj
 0001:000239c0       ??0PxSimpleTriangleMesh@physx@@QEAA@AEBV01@@Z 00000001800249c0 f i TriangleMeshBuilder.obj
 0001:00023a40       ??0PxTriangleMeshDesc@physx@@QEAA@AEBV01@@Z 0000000180024a40 f i TriangleMeshBuilder.obj
 0001:00023aa0       ??0PxVec4@physx@@QEAA@XZ   0000000180024aa0 f i TriangleMeshBuilder.obj
 0001:00023ab0       ??0RTree@Gu@physx@@QEAA@XZ 0000000180024ab0 f i TriangleMeshBuilder.obj
 0001:00023b70       ??0RTreeCookerRemap@physx@@QEAA@I@Z 0000000180024b70 f i TriangleMeshBuilder.obj
 0001:00023bc0       ??0RTreeTriangleData@Gu@physx@@QEAA@XZ 0000000180024bc0 f i TriangleMeshBuilder.obj
 0001:00023c20       ??0RemapCallback@RTreeCooker@physx@@QEAA@XZ 0000000180024c20 f i TriangleMeshBuilder.obj
 0001:00023c40       ??0SharpEdgeRange@GrbTrimeshCookerHelper@physx@@QEAA@II@Z 0000000180024c40 f i TriangleMeshBuilder.obj
 0001:00023c80       ??0SharpEdgeRange@GrbTrimeshCookerHelper@physx@@QEAA@XZ 0000000180024c80 f i TriangleMeshBuilder.obj
 0001:00023cb0       ??0SortedNeighbor@GrbTrimeshCookerHelper@physx@@QEAA@II_N@Z 0000000180024cb0 f i TriangleMeshBuilder.obj
 0001:00023d00       ??0TriangleMeshData@Gu@physx@@QEAA@XZ 0000000180024d00 f i TriangleMeshBuilder.obj
 0001:00023e70       ??1?$Array@USharpEdgeRange@GrbTrimeshCookerHelper@physx@@VNamedAllocator@shdfnd@3@@shdfnd@physx@@QEAA@XZ 0000000180024e70 f i TriangleMeshBuilder.obj
 0001:00023f00       ??1?$Array@USortedNeighbor@GrbTrimeshCookerHelper@physx@@VNamedAllocator@shdfnd@3@@shdfnd@physx@@QEAA@XZ 0000000180024f00 f i TriangleMeshBuilder.obj
 0001:00023f90       ??1BV4TriangleData@Gu@physx@@UEAA@XZ 0000000180024f90 f i TriangleMeshBuilder.obj
 0001:00024000       ??1RTree@Gu@physx@@QEAA@XZ 0000000180025000 f i TriangleMeshBuilder.obj
 0001:00024020       ??1RTreeCookerRemap@physx@@UEAA@XZ 0000000180025020 f i TriangleMeshBuilder.obj
 0001:00024040       ??1RTreeTriangleData@Gu@physx@@UEAA@XZ 0000000180025040 f i TriangleMeshBuilder.obj
 0001:00024090       ??1RemapCallback@RTreeCooker@physx@@UEAA@XZ 0000000180025090 f i TriangleMeshBuilder.obj
 0001:000240b0       ??1TriangleMeshData@Gu@physx@@UEAA@XZ 00000001800250b0 f i TriangleMeshBuilder.obj
 0001:00024480       ??3UserAllocated@shdfnd@physx@@SAXPEAX@Z 0000000180025480 f i TriangleMeshBuilder.obj
 0001:000244b0       ??A?$Array@USharpEdgeRange@GrbTrimeshCookerHelper@physx@@VNamedAllocator@shdfnd@3@@shdfnd@physx@@QEAAAEAUSharpEdgeRange@GrbTrimeshCookerHelper@2@I@Z 00000001800254b0 f i TriangleMeshBuilder.obj
 0001:00024550       ??A?$Array@USortedNeighbor@GrbTrimeshCookerHelper@physx@@VNamedAllocator@shdfnd@3@@shdfnd@physx@@QEAAAEAUSortedNeighbor@GrbTrimeshCookerHelper@2@I@Z 0000000180025550 f i TriangleMeshBuilder.obj
 0001:000245f0       ??APxVec3@physx@@QEAAAEAMI@Z 00000001800255f0 f i TriangleMeshBuilder.obj
 0001:00024680       ??B?$PxFlags@W4Enum@PxMeshFlag@physx@@G@physx@@QEBA_NXZ 0000000180025680 f i TriangleMeshBuilder.obj
 0001:000246c0       ??B?$PxFlags@W4Enum@PxMeshPreprocessingFlag@physx@@I@physx@@QEBA_NXZ 00000001800256c0 f i TriangleMeshBuilder.obj
 0001:000246f0       ??DPxVec3@physx@@QEBA?AV01@M@Z 00000001800256f0 f i TriangleMeshBuilder.obj
 0001:00024780       ??GPxVec3@physx@@QEBA?AV01@AEBV01@@Z 0000000180025780 f i TriangleMeshBuilder.obj
 0001:00024820       ??I?$PxFlags@W4Enum@PxMeshFlag@physx@@G@physx@@QEBA?AV01@W4Enum@PxMeshFlag@1@@Z 0000000180025820 f i TriangleMeshBuilder.obj
 0001:00024890       ??I?$PxFlags@W4Enum@PxMeshPreprocessingFlag@physx@@I@physx@@QEBA?AV01@W4Enum@PxMeshPreprocessingFlag@1@@Z 0000000180025890 f i TriangleMeshBuilder.obj
 0001:000248f0       ??MEdgeTriLookup@physx@@QEBA_NAEBU01@@Z 00000001800258f0 f i TriangleMeshBuilder.obj
 0001:00024960       ??MSortedNeighbor@GrbTrimeshCookerHelper@physx@@QEBA_NAEBU012@@Z 0000000180025960 f i TriangleMeshBuilder.obj
 0001:00024a20       ??NEdgeTriLookup@physx@@QEBA_NAEBU01@@Z 0000000180025a20 f i TriangleMeshBuilder.obj
 0001:00024a90       ??R?$Less@UEdgeTriLookup@physx@@@shdfnd@physx@@QEBA_NAEBUEdgeTriLookup@2@0@Z 0000000180025a90 f i TriangleMeshBuilder.obj
 0001:00024ac0       ??R?$Less@USortedNeighbor@GrbTrimeshCookerHelper@physx@@@shdfnd@physx@@QEBA_NAEBUSortedNeighbor@GrbTrimeshCookerHelper@2@0@Z 0000000180025ac0 f i TriangleMeshBuilder.obj
 0001:00024af0       ??S?$PxFlags@W4Enum@PxMeshFlag@physx@@G@physx@@QEBA?AV01@XZ 0000000180025af0 f i TriangleMeshBuilder.obj
 0001:00024b40       ??Sphysx@@YA?AV?$PxFlags@W4Enum@PxMeshFlag@physx@@G@0@W4Enum@PxMeshFlag@0@@Z 0000000180025b40 f i TriangleMeshBuilder.obj
 0001:00024b80       ??_4?$PxFlags@W4Enum@PxMeshFlag@physx@@G@physx@@QEAAAEAV01@AEBV01@@Z 0000000180025b80 f i TriangleMeshBuilder.obj
 0001:00024bc0       ??_GBV32Tree@Gu@physx@@QEAAPEAXI@Z 0000000180025bc0 f i TriangleMeshBuilder.obj
 0001:00024c30       ??_GBV4TriangleData@Gu@physx@@UEAAPEAXI@Z 0000000180025c30 f i TriangleMeshBuilder.obj
 0001:00024c30       ??_EBV4TriangleData@Gu@physx@@UEAAPEAXI@Z 0000000180025c30 f i TriangleMeshBuilder.obj
 0001:00024ca0       ??_GBV4TriangleMeshBuilder@physx@@UEAAPEAXI@Z 0000000180025ca0 f i TriangleMeshBuilder.obj
 0001:00024ca0       ??_EBV4TriangleMeshBuilder@physx@@UEAAPEAXI@Z 0000000180025ca0 f i TriangleMeshBuilder.obj
 0001:00024cf0       ??_GEdgeListBuilder@Gu@physx@@QEAAPEAXI@Z 0000000180025cf0 f i TriangleMeshBuilder.obj
 0001:00024d60       ??_ERTreeCookerRemap@physx@@UEAAPEAXI@Z 0000000180025d60 f i TriangleMeshBuilder.obj
 0001:00024d60       ??_GRTreeCookerRemap@physx@@UEAAPEAXI@Z 0000000180025d60 f i TriangleMeshBuilder.obj
 0001:00024db0       ??_ERTreeTriangleData@Gu@physx@@UEAAPEAXI@Z 0000000180025db0 f i TriangleMeshBuilder.obj
 0001:00024db0       ??_GRTreeTriangleData@Gu@physx@@UEAAPEAXI@Z 0000000180025db0 f i TriangleMeshBuilder.obj
 0001:00024e20       ??_ERTreeTriangleMeshBuilder@physx@@UEAAPEAXI@Z 0000000180025e20 f i TriangleMeshBuilder.obj
 0001:00024e20       ??_GRTreeTriangleMeshBuilder@physx@@UEAAPEAXI@Z 0000000180025e20 f i TriangleMeshBuilder.obj
 0001:00024e70       ??_GRemapCallback@RTreeCooker@physx@@UEAAPEAXI@Z 0000000180025e70 f i TriangleMeshBuilder.obj
 0001:00024e70       ??_ERemapCallback@RTreeCooker@physx@@UEAAPEAXI@Z 0000000180025e70 f i TriangleMeshBuilder.obj
 0001:00024ec0       ??_GTriangleMeshBuilder@physx@@UEAAPEAXI@Z 0000000180025ec0 f i TriangleMeshBuilder.obj
 0001:00024ec0       ??_ETriangleMeshBuilder@physx@@UEAAPEAXI@Z 0000000180025ec0 f i TriangleMeshBuilder.obj
 0001:00024f10       ??_ETriangleMeshData@Gu@physx@@UEAAPEAXI@Z 0000000180025f10 f i TriangleMeshBuilder.obj
 0001:00024f10       ??_GTriangleMeshData@Gu@physx@@UEAAPEAXI@Z 0000000180025f10 f i TriangleMeshBuilder.obj
 0001:00024f80       ?HasActiveEdge01@EdgeTriangleAC@Gu@physx@@SAHAEBUEdgeTriangleData@23@@Z 0000000180025f80 f i TriangleMeshBuilder.obj
 0001:00024fb0       ?HasActiveEdge12@EdgeTriangleAC@Gu@physx@@SAHAEBUEdgeTriangleData@23@@Z 0000000180025fb0 f i TriangleMeshBuilder.obj
 0001:00024fe0       ?HasActiveEdge20@EdgeTriangleAC@Gu@physx@@SAHAEBUEdgeTriangleData@23@@Z 0000000180025fe0 f i TriangleMeshBuilder.obj
 0001:00025010       ?LeafSetData@Gu@physx@@YAIII@Z 0000000180026010 f i TriangleMeshBuilder.obj
 0001:00025120       ?PxRecipSqrt@physx@@YAMM@Z 0000000180026120 f i TriangleMeshBuilder.obj
 0001:00025140       ?SetData@LeafTriangles@Gu@physx@@QEAAXII@Z 0000000180026140 f i TriangleMeshBuilder.obj
 0001:00025180       ?WriteDwordBuffer@physx@@YAXPEBII_NAEAVPxOutputStream@1@@Z 0000000180026180 f i TriangleMeshBuilder.obj
 0001:000251d0       ?allocate@?$Array@USharpEdgeRange@GrbTrimeshCookerHelper@physx@@VNamedAllocator@shdfnd@3@@shdfnd@physx@@IEAAPEAUSharpEdgeRange@GrbTrimeshCookerHelper@3@I@Z 00000001800261d0 f i TriangleMeshBuilder.obj
 0001:00025280       ?allocate@?$Array@USortedNeighbor@GrbTrimeshCookerHelper@physx@@VNamedAllocator@shdfnd@3@@shdfnd@physx@@IEAAPEAUSortedNeighbor@GrbTrimeshCookerHelper@3@I@Z 0000000180026280 f i TriangleMeshBuilder.obj
 0001:00025330       ?allocate@?$ReflectionAllocator@E@shdfnd@physx@@QEAAPEAX_KPEBDH@Z 0000000180026330 f i TriangleMeshBuilder.obj
 0001:000253d0       ?allocate@?$ReflectionAllocator@G@shdfnd@physx@@QEAAPEAX_KPEBDH@Z 00000001800263d0 f i TriangleMeshBuilder.obj
 0001:00025470       ?allocate@?$ReflectionAllocator@I@shdfnd@physx@@QEAAPEAX_KPEBDH@Z 0000000180026470 f i TriangleMeshBuilder.obj
 0001:00025510       ?allocate@?$ReflectionAllocator@VBV32Tree@Gu@physx@@@shdfnd@physx@@QEAAPEAX_KPEBDH@Z 0000000180026510 f i TriangleMeshBuilder.obj
 0001:000255b0       ?allocate@?$ReflectionAllocator@VEdgeListBuilder@Gu@physx@@@shdfnd@physx@@QEAAPEAX_KPEBDH@Z 00000001800265b0 f i TriangleMeshBuilder.obj
 0001:00025650       ?allocateMaterials@TriangleMeshData@Gu@physx@@QEAAPEAGXZ 0000000180026650 f i TriangleMeshBuilder.obj
 0001:000257c0       ?allocateTriangles@TriangleMeshData@Gu@physx@@QEAAPEAXI_NI@Z 00000001800267c0 f i TriangleMeshBuilder.obj
 0001:00025a90       ?allocateVertices@TriangleMeshData@Gu@physx@@QEAAPEAVPxVec3@3@I@Z 0000000180026a90 f i TriangleMeshBuilder.obj
 0001:00025ba0       ?begin@?$Array@USortedNeighbor@GrbTrimeshCookerHelper@physx@@VNamedAllocator@shdfnd@3@@shdfnd@physx@@QEAAPEAUSortedNeighbor@GrbTrimeshCookerHelper@3@XZ 0000000180026ba0 f i TriangleMeshBuilder.obj
 0001:00025bc0       ?capacity@?$Array@USharpEdgeRange@GrbTrimeshCookerHelper@physx@@VNamedAllocator@shdfnd@3@@shdfnd@physx@@QEBAIXZ 0000000180026bc0 f i TriangleMeshBuilder.obj
 0001:00025be0       ?capacity@?$Array@USortedNeighbor@GrbTrimeshCookerHelper@physx@@VNamedAllocator@shdfnd@3@@shdfnd@physx@@QEBAIXZ 0000000180026be0 f i TriangleMeshBuilder.obj
 0001:00025c00       ?capacityIncrement@?$Array@USortedNeighbor@GrbTrimeshCookerHelper@physx@@VNamedAllocator@shdfnd@3@@shdfnd@physx@@IEBAIXZ 0000000180026c00 f i TriangleMeshBuilder.obj
 0001:00025c50       ?copy@?$Array@USharpEdgeRange@GrbTrimeshCookerHelper@physx@@VNamedAllocator@shdfnd@3@@shdfnd@physx@@KAXPEAUSharpEdgeRange@GrbTrimeshCookerHelper@3@0PEBU453@@Z 0000000180026c50 f i TriangleMeshBuilder.obj
 0001:00025d30       ?copy@?$Array@USortedNeighbor@GrbTrimeshCookerHelper@physx@@VNamedAllocator@shdfnd@3@@shdfnd@physx@@KAXPEAUSortedNeighbor@GrbTrimeshCookerHelper@3@0PEBU453@@Z 0000000180026d30 f i TriangleMeshBuilder.obj
 0001:00025e20       ?create@?$Array@USharpEdgeRange@GrbTrimeshCookerHelper@physx@@VNamedAllocator@shdfnd@3@@shdfnd@physx@@KAXPEAUSharpEdgeRange@GrbTrimeshCookerHelper@3@0AEBU453@@Z 0000000180026e20 f i TriangleMeshBuilder.obj
 0001:00025ef0       ?cross@PxVec3@physx@@QEBA?AV12@AEBV12@@Z 0000000180026ef0 f i TriangleMeshBuilder.obj
 0001:00025fe0       ?deallocate@?$AlignedAllocator@$0IA@VNonTrackingAllocator@shdfnd@physx@@@shdfnd@physx@@QEAAXPEAX@Z 0000000180026fe0 f i TriangleMeshBuilder.obj
 0001:00026050       ?deallocate@?$Array@USharpEdgeRange@GrbTrimeshCookerHelper@physx@@VNamedAllocator@shdfnd@3@@shdfnd@physx@@IEAAXPEAX@Z 0000000180027050 f i TriangleMeshBuilder.obj
 0001:00026080       ?deallocate@?$Array@USortedNeighbor@GrbTrimeshCookerHelper@physx@@VNamedAllocator@shdfnd@3@@shdfnd@physx@@IEAAXPEAX@Z 0000000180027080 f i TriangleMeshBuilder.obj
 0001:000260b0       ?deallocate@NonTrackingAllocator@shdfnd@physx@@QEAAXPEAX@Z 00000001800270b0 f i TriangleMeshBuilder.obj
 0001:00026100       ?destroy@?$Array@USharpEdgeRange@GrbTrimeshCookerHelper@physx@@VNamedAllocator@shdfnd@3@@shdfnd@physx@@KAXPEAUSharpEdgeRange@GrbTrimeshCookerHelper@3@0@Z 0000000180027100 f i TriangleMeshBuilder.obj
 0001:00026150       ?destroy@?$Array@USortedNeighbor@GrbTrimeshCookerHelper@physx@@VNamedAllocator@shdfnd@3@@shdfnd@physx@@KAXPEAUSortedNeighbor@GrbTrimeshCookerHelper@3@0@Z 0000000180027150 f i TriangleMeshBuilder.obj
 0001:000261a0       ?distance@PxPlane@physx@@QEBAMAEBVPxVec3@2@@Z 00000001800271a0 f i TriangleMeshBuilder.obj
 0001:000261e0       ?dot@PxVec3@physx@@QEBAMAEBV12@@Z 00000001800271e0 f i TriangleMeshBuilder.obj
 0001:00026240       ?findEdgeCCW@?$TriangleT@I@Gu@physx@@QEBAEII@Z 0000000180027240 f i TriangleMeshBuilder.obj
 0001:000263f0       ?gatherStrided@Cooking@physx@@SAXPEBXPEAXIII@Z 00000001800273f0 f i TriangleMeshBuilder.obj
 0001:000264a0       ?getEdgeToTriangles@EdgeList@Gu@physx@@QEBAPEBUEdgeDescData@23@XZ 00000001800274a0 f i TriangleMeshBuilder.obj
 0001:000264c0       ?getEdgeTriangle@EdgeList@Gu@physx@@QEBAAEBUEdgeTriangleData@23@I@Z 00000001800274c0 f i TriangleMeshBuilder.obj
 0001:000264f0       ?getEdges@EdgeList@Gu@physx@@QEBAPEBUEdgeData@23@XZ 00000001800274f0 f i TriangleMeshBuilder.obj
 0001:00026510       ?getFacesByEdges@EdgeList@Gu@physx@@QEBAPEBIXZ 0000000180027510 f i TriangleMeshBuilder.obj
 0001:00026530       ?getFoundation@shdfnd@physx@@YAAEAVFoundation@12@XZ 0000000180027530 f i TriangleMeshBuilder.obj
 0001:00026550       ?getMidphaseID@BV4TriangleMeshBuilder@physx@@UEBA?AW4Enum@PxMeshMidPhase@2@XZ 0000000180027550 f i TriangleMeshBuilder.obj
 0001:00026560       ?getMidphaseID@RTreeTriangleMeshBuilder@physx@@UEBA?AW4Enum@PxMeshMidPhase@2@XZ 0000000180027560 f i TriangleMeshBuilder.obj
 0001:00026570       ?getName@?$ReflectionAllocator@E@shdfnd@physx@@CAPEBDXZ 0000000180027570 f i TriangleMeshBuilder.obj
 0001:000265c0       ?getName@?$ReflectionAllocator@G@shdfnd@physx@@CAPEBDXZ 00000001800275c0 f i TriangleMeshBuilder.obj
 0001:00026610       ?getName@?$ReflectionAllocator@I@shdfnd@physx@@CAPEBDXZ 0000000180027610 f i TriangleMeshBuilder.obj
 0001:00026660       ?getName@?$ReflectionAllocator@VBV32Tree@Gu@physx@@@shdfnd@physx@@CAPEBDXZ 0000000180027660 f i TriangleMeshBuilder.obj
 0001:000266b0       ?getName@?$ReflectionAllocator@VEdgeListBuilder@Gu@physx@@@shdfnd@physx@@CAPEBDXZ 00000001800276b0 f i TriangleMeshBuilder.obj
 0001:00026700       ?getNbEdges@EdgeList@Gu@physx@@QEBAIXZ 0000000180027700 f i TriangleMeshBuilder.obj
 0001:00026710       ?getNbFaces@EdgeList@Gu@physx@@QEBAIXZ 0000000180027710 f i TriangleMeshBuilder.obj
 0001:00026730       ?getNormalized@PxVec3@physx@@QEBA?AV12@XZ 0000000180027730 f i TriangleMeshBuilder.obj
 0001:000267e0       ?getRemap@SourceMesh@Gu@physx@@QEBAPEBIXZ 00000001800277e0 f i TriangleMeshBuilder.obj
 0001:00026800       ?getType@PxMidphaseDesc@physx@@QEBA?AW4Enum@PxMeshMidPhase@2@XZ 0000000180027800 f i TriangleMeshBuilder.obj
 0001:00026820       ?grow@?$Array@USharpEdgeRange@GrbTrimeshCookerHelper@physx@@VNamedAllocator@shdfnd@3@@shdfnd@physx@@IEAAXI@Z 0000000180027820 f i TriangleMeshBuilder.obj
 0001:000268c0       ?grow@?$Array@USortedNeighbor@GrbTrimeshCookerHelper@physx@@VNamedAllocator@shdfnd@3@@shdfnd@physx@@IEAAXI@Z 00000001800278c0 f i TriangleMeshBuilder.obj
 0001:00026960       ?growAndPushBack@?$Array@USortedNeighbor@GrbTrimeshCookerHelper@physx@@VNamedAllocator@shdfnd@3@@shdfnd@physx@@IEAAAEAUSortedNeighbor@GrbTrimeshCookerHelper@3@AEBU453@@Z 0000000180027960 f i TriangleMeshBuilder.obj
 0001:00026ba0       ?has16BitIndices@TriangleMeshData@Gu@physx@@QEBA_NXZ 0000000180027ba0 f i TriangleMeshBuilder.obj
 0001:00026be0       ?initRemap@SourceMesh@Gu@physx@@QEAAXXZ 0000000180027be0 f i TriangleMeshBuilder.obj
 0001:00026c00       ?isArrayOfPOD@?$Array@USharpEdgeRange@GrbTrimeshCookerHelper@physx@@VNamedAllocator@shdfnd@3@@shdfnd@physx@@SA_NXZ 0000000180027c00 f i TriangleMeshBuilder.obj
 0001:00026c10       ?isArrayOfPOD@?$Array@USortedNeighbor@GrbTrimeshCookerHelper@physx@@VNamedAllocator@shdfnd@3@@shdfnd@physx@@SA_NXZ 0000000180027c10 f i TriangleMeshBuilder.obj
 0001:00026c20       ?isInUserMemory@?$Array@USharpEdgeRange@GrbTrimeshCookerHelper@physx@@VNamedAllocator@shdfnd@3@@shdfnd@physx@@QEBAIXZ 0000000180027c20 f i TriangleMeshBuilder.obj
 0001:00026c40       ?isInUserMemory@?$Array@USortedNeighbor@GrbTrimeshCookerHelper@physx@@VNamedAllocator@shdfnd@3@@shdfnd@physx@@QEBAIXZ 0000000180027c40 f i TriangleMeshBuilder.obj
 0001:00026c60       ?isValid@PxBVH33MidphaseDesc@physx@@QEBA_NXZ 0000000180027c60 f i TriangleMeshBuilder.obj
 0001:00026ca0       ?isValid@PxBVH34MidphaseDesc@physx@@QEBA_NXZ 0000000180027ca0 f i TriangleMeshBuilder.obj
 0001:00026cd0       ?isValid@PxMidphaseDesc@physx@@QEBA_NXZ 0000000180027cd0 f i TriangleMeshBuilder.obj
 0001:00026d30       ?isValid@PxSimpleTriangleMesh@physx@@QEBA_NXZ 0000000180027d30 f i TriangleMeshBuilder.obj
 0001:00026e40       ?isValid@PxTriangleMeshDesc@physx@@QEBA_NXZ 0000000180027e40 f i TriangleMeshBuilder.obj
 0001:00026ed0       ?isZeroInit@?$Array@USharpEdgeRange@GrbTrimeshCookerHelper@physx@@VNamedAllocator@shdfnd@3@@shdfnd@physx@@KA_NAEBUSharpEdgeRange@GrbTrimeshCookerHelper@3@@Z 0000000180027ed0 f i TriangleMeshBuilder.obj
 0001:00026f50       ?littleEndian@shdfnd@physx@@YADXZ 0000000180027f50 f i TriangleMeshBuilder.obj
 0001:00026f70       ?magnitudeSquared@PxVec3@physx@@QEBAMXZ 0000000180027f70 f i TriangleMeshBuilder.obj
 0001:00026fd0       ?name@type_info@@QEBAPEBDXZ 0000000180027fd0 f i TriangleMeshBuilder.obj
 0001:00027000       ?onMeshIndexFormatChange@TriangleMeshBuilder@physx@@UEAAXXZ 0000000180028000 f i TriangleMeshBuilder.obj
 0001:00027010       ?pushBack@?$Array@USortedNeighbor@GrbTrimeshCookerHelper@physx@@VNamedAllocator@shdfnd@3@@shdfnd@physx@@QEAAAEAUSortedNeighbor@GrbTrimeshCookerHelper@3@AEBU453@@Z 0000000180028010 f i TriangleMeshBuilder.obj
 0001:000270e0       ?recipSqrt@intrinsics@physx@@YAMM@Z 00000001800280e0 f i TriangleMeshBuilder.obj
 0001:00027120       ?recreate@?$Array@USharpEdgeRange@GrbTrimeshCookerHelper@physx@@VNamedAllocator@shdfnd@3@@shdfnd@physx@@IEAAXI@Z 0000000180028120 f i TriangleMeshBuilder.obj
 0001:00027280       ?recreate@?$Array@USortedNeighbor@GrbTrimeshCookerHelper@physx@@VNamedAllocator@shdfnd@3@@shdfnd@physx@@IEAAXI@Z 0000000180028280 f i TriangleMeshBuilder.obj
 0001:000273e0       ?release@RTree@Gu@physx@@QEAAXXZ 00000001800283e0 f i TriangleMeshBuilder.obj
 0001:00027460       ?releaseRemap@SourceMesh@Gu@physx@@QEAAXXZ 0000000180028460 f i TriangleMeshBuilder.obj
 0001:000274b0       ?remap@RTreeCookerRemap@physx@@UEAAXPEAIII@Z 00000001800284b0 f i TriangleMeshBuilder.obj
 0001:00027720       ?reserve@?$Array@USharpEdgeRange@GrbTrimeshCookerHelper@physx@@VNamedAllocator@shdfnd@3@@shdfnd@physx@@QEAAXI@Z 0000000180028720 f i TriangleMeshBuilder.obj
 0001:00027760       ?reserve@?$Array@USortedNeighbor@GrbTrimeshCookerHelper@physx@@VNamedAllocator@shdfnd@3@@shdfnd@physx@@QEAAXI@Z 0000000180028760 f i TriangleMeshBuilder.obj
 0001:000277a0       ?resize@?$Array@USharpEdgeRange@GrbTrimeshCookerHelper@physx@@VNamedAllocator@shdfnd@3@@shdfnd@physx@@QEAAXIAEBUSharpEdgeRange@GrbTrimeshCookerHelper@3@@Z 00000001800287a0 f i TriangleMeshBuilder.obj
 0001:00027860       ?resizeUninitialized@?$Array@USortedNeighbor@GrbTrimeshCookerHelper@physx@@VNamedAllocator@shdfnd@3@@shdfnd@physx@@QEAAXI@Z 0000000180028860 f i TriangleMeshBuilder.obj
 0001:000278a0       ?setNbTriangles@SourceMesh@Gu@physx@@QEAAXI@Z 00000001800288a0 f i TriangleMeshBuilder.obj
 0001:000278c0       ?setNbVertices@SourceMesh@Gu@physx@@QEAAXI@Z 00000001800288c0 f i TriangleMeshBuilder.obj
 0001:000278e0       ?setPointers@SourceMesh@Gu@physx@@QEAAXPEAVIndTri32@23@PEAVIndTri16@23@PEBVPxVec3@3@@Z 00000001800288e0 f i TriangleMeshBuilder.obj
 0001:00027930       ?setTriangleAdjacency@TriangleMeshData@Gu@physx@@QEAAXIII@Z 0000000180028930 f i TriangleMeshBuilder.obj
 0001:000279e0       ?size@?$Array@USortedNeighbor@GrbTrimeshCookerHelper@physx@@VNamedAllocator@shdfnd@3@@shdfnd@physx@@QEBAIXZ 00000001800289e0 f i TriangleMeshBuilder.obj
 0001:00027a00       ?to16@shdfnd@physx@@YAGI@Z 0000000180028a00 f i TriangleMeshBuilder.obj
 0001:00027a80       ?writeChunk@physx@@YAXCCCCAEAVPxOutputStream@1@@Z 0000000180028a80 f i TriangleMeshBuilder.obj
 0001:00027b30       ?writeIntBuffer@physx@@YAXPEBII_NAEAVPxOutputStream@1@@Z 0000000180028b30 f i TriangleMeshBuilder.obj
 0001:00027b80       ??0BigConvexDataBuilder@physx@@QEAA@PEBUConvexHullData@Gu@1@PEAVBigConvexData@1@PEBVPxVec3@1@@Z 0000000180028b80 f   BigConvexDataBuilder.obj
 0001:00027bd0       ??1BigConvexDataBuilder@physx@@QEAA@XZ 0000000180028bd0 f   BigConvexDataBuilder.obj
 0001:00027be0       ?precompute@BigConvexDataBuilder@physx@@QEAA_NI@Z 0000000180028be0 f   BigConvexDataBuilder.obj
 0001:00028200       ?initialize@BigConvexDataBuilder@physx@@QEAA_NXZ 0000000180029200 f   BigConvexDataBuilder.obj
 0001:00028270       ?save@BigConvexDataBuilder@physx@@QEBA_NAEAVPxOutputStream@2@_N@Z 0000000180029270 f   BigConvexDataBuilder.obj
 0001:000283a0       ?computeValencies@BigConvexDataBuilder@physx@@QEAA_NAEBVConvexHullBuilder@2@@Z 00000001800293a0 f   BigConvexDataBuilder.obj
 0001:00028c00       ?saveValencies@BigConvexDataBuilder@physx@@QEBA_NAEAVPxOutputStream@2@_N@Z 0000000180029c00 f   BigConvexDataBuilder.obj
 0001:00029300       ??$?_UUValency@Gu@physx@@@@YAPEAX_KV?$ReflectionAllocator@UValency@Gu@physx@@@shdfnd@physx@@PEBDH@Z 000000018002a300 f i BigConvexDataBuilder.obj
 0001:00029350       ??0?$ReflectionAllocator@UValency@Gu@physx@@@shdfnd@physx@@QEAA@PEBD@Z 000000018002a350 f i BigConvexDataBuilder.obj
 0001:00029370       ??B?$PxBitAndDataT@G$0IAAA@@physx@@QEBAGXZ 000000018002a370 f i BigConvexDataBuilder.obj
 0001:00029390       ??_0PxVec3@physx@@QEAAAEAV01@M@Z 000000018002a390 f i BigConvexDataBuilder.obj
 0001:00029420       ?PxMemZero@physx@@YAPEAXPEAXI@Z 000000018002a420 f i BigConvexDataBuilder.obj
 0001:00029450       ?PxSqrt@physx@@YAMM@Z      000000018002a450 f i BigConvexDataBuilder.obj
 0001:00029470       ?allocate@?$ReflectionAllocator@UValency@Gu@physx@@@shdfnd@physx@@QEAAPEAX_KPEBDH@Z 000000018002a470 f i BigConvexDataBuilder.obj
 0001:00029510       ?getName@?$ReflectionAllocator@UValency@Gu@physx@@@shdfnd@physx@@CAPEBDXZ 000000018002a510 f i BigConvexDataBuilder.obj
 0001:00029560       ?magnitude@PxVec3@physx@@QEBAMXZ 000000018002a560 f i BigConvexDataBuilder.obj
 0001:00029590       ?normalize@PxVec3@physx@@QEAAMXZ 000000018002a590 f i BigConvexDataBuilder.obj
 0001:000295f0       ?precomputeSample@BigConvexDataBuilder@physx@@IEAAXAEBVPxVec3@2@AEAEM@Z 000000018002a5f0 f i BigConvexDataBuilder.obj
 0001:000298b0       ?sqrt@intrinsics@physx@@YAMM@Z 000000018002a8b0 f i BigConvexDataBuilder.obj
 0001:00029950       ??0ConvexHullBuilder@physx@@QEAA@PEAUConvexHullData@Gu@1@_N@Z 000000018002a950 f   ConvexHullBuilder.obj
 0001:000299e0       ??1ConvexHullBuilder@physx@@QEAA@XZ 000000018002a9e0 f   ConvexHullBuilder.obj
 0001:00029b20       ?init@ConvexHullBuilder@physx@@QEAA_NIPEBVPxVec3@2@PEBIIIPEBUPxHullPolygon@2@_NPEAVConvexHullLib@2@@Z 000000018002ab20 f   ConvexHullBuilder.obj
 0001:0002a3f0       ?save@ConvexHullBuilder@physx@@QEBA_NAEAVPxOutputStream@2@_N@Z 000000018002b3f0 f   ConvexHullBuilder.obj
 0001:0002a820       ?copy@ConvexHullBuilder@physx@@QEAA_NAEAUConvexHullData@Gu@2@AEAI@Z 000000018002b820 f   ConvexHullBuilder.obj
 0001:0002afb0       ?createEdgeList@ConvexHullBuilder@physx@@QEAA_N_NI@Z 000000018002bfb0 f   ConvexHullBuilder.obj
 0001:0002bdb0       ?checkHullPolygons@ConvexHullBuilder@physx@@QEBA_NXZ 000000018002cdb0 f   ConvexHullBuilder.obj
 0001:0002c660       ?calculateVertexMapTable@ConvexHullBuilder@physx@@QEAA_NI_N@Z 000000018002d660 f   ConvexHullBuilder.obj
 0001:0002c910       ?computeGeomCenter@ConvexHullBuilder@physx@@IEBA_NAEAVPxVec3@2@IPEAUHullTriangleData@2@@Z 000000018002d910 f   ConvexHullBuilder.obj
 0001:0002d730       ??$?_UUEdgeDescData@Gu@physx@@@@YAPEAX_KV?$ReflectionAllocator@UEdgeDescData@Gu@physx@@@shdfnd@physx@@PEBDH@Z 000000018002e730 f i ConvexHullBuilder.obj
 0001:0002d780       ??$?_U_N@@YAPEAX_KV?$ReflectionAllocator@_N@shdfnd@physx@@PEBDH@Z 000000018002e780 f i ConvexHullBuilder.obj
 0001:0002d7d0       ??0?$PxBitAndDataT@G$0IAAA@@physx@@QEAA@G_N@Z 000000018002e7d0 f i ConvexHullBuilder.obj
 0001:0002d830       ??0?$ReflectionAllocator@UEdgeDescData@Gu@physx@@@shdfnd@physx@@QEAA@PEBD@Z 000000018002e830 f i ConvexHullBuilder.obj
 0001:0002d850       ??0?$ReflectionAllocator@_N@shdfnd@physx@@QEAA@PEBD@Z 000000018002e850 f i ConvexHullBuilder.obj
 0001:0002d870       ??0?$TriangleT@I@Gu@physx@@QEAA@III@Z 000000018002e870 f i ConvexHullBuilder.obj
 0001:0002d8e0       ??0HullPolygonData@Gu@physx@@QEAA@AEBU012@@Z 000000018002e8e0 f i ConvexHullBuilder.obj
 0001:0002d960       ??0PxPlane@physx@@QEAA@AEBV01@@Z 000000018002e960 f i ConvexHullBuilder.obj
 0001:0002d9b0       ??0PxPlane@physx@@QEAA@MMMM@Z 000000018002e9b0 f i ConvexHullBuilder.obj
 0001:0002da20       ??4PxPlane@physx@@QEAAAEAV01@$$QEAV01@@Z 000000018002ea20 f i ConvexHullBuilder.obj
 0001:0002da70       ??YPxVec3@physx@@QEAAAEAV01@AEBV01@@Z 000000018002ea70 f i ConvexHullBuilder.obj
 0001:0002daf0       ?PxMemSet@physx@@YAPEAXPEAXHI@Z 000000018002eaf0 f i ConvexHullBuilder.obj
 0001:0002db30       ?allocate@?$ReflectionAllocator@UEdgeDescData@Gu@physx@@@shdfnd@physx@@QEAAPEAX_KPEBDH@Z 000000018002eb30 f i ConvexHullBuilder.obj
 0001:0002dbd0       ?allocate@?$ReflectionAllocator@_N@shdfnd@physx@@QEAAPEAX_KPEBDH@Z 000000018002ebd0 f i ConvexHullBuilder.obj
 0001:0002dc70       ?area@?$TriangleT@I@Gu@physx@@QEBAMPEBVPxVec3@3@@Z 000000018002ec70 f i ConvexHullBuilder.obj
 0001:0002dd90       ?center@?$TriangleT@I@Gu@physx@@QEBAXPEBVPxVec3@3@AEAV43@@Z 000000018002ed90 f i ConvexHullBuilder.obj
 0001:0002dea0       ?computeBufferSize@Gu@physx@@YAIAEBUConvexHullData@12@I@Z 000000018002eea0 f i ConvexHullBuilder.obj
 0001:0002e000       ?computeNbPolygons@ConvexHullBuilder@physx@@QEBAIXZ 000000018002f000 f i ConvexHullBuilder.obj
 0001:0002e0a0       ?flip@physx@@YAXAEAG@Z     000000018002f0a0 f i ConvexHullBuilder.obj
 0001:0002e120       ?flip@physx@@YAXAEAM@Z     000000018002f120 f i ConvexHullBuilder.obj
 0001:0002e210       ?flipData@Gu@physx@@YAXAEAUHullPolygonData@12@@Z 000000018002f210 f i ConvexHullBuilder.obj
 0001:0002e290       ?getName@?$ReflectionAllocator@UEdgeDescData@Gu@physx@@@shdfnd@physx@@CAPEBDXZ 000000018002f290 f i ConvexHullBuilder.obj
 0001:0002e2e0       ?getName@?$ReflectionAllocator@_N@shdfnd@physx@@CAPEBDXZ 000000018002f2e0 f i ConvexHullBuilder.obj
 0001:0002e330       ?isBitSet@?$PxBitAndDataT@G$0IAAA@@physx@@QEBAGXZ 000000018002f330 f i ConvexHullBuilder.obj
 0001:0002e350       ?memSet@intrinsics@physx@@YAPEAXPEAXHI@Z 000000018002f350 f i ConvexHullBuilder.obj
 0001:0002e390       ?to8@shdfnd@physx@@YAEI@Z  000000018002f390 f i ConvexHullBuilder.obj
 0001:0002e410       ??1ConvexHullLib@physx@@UEAA@XZ 000000018002f410 f   ConvexHullLib.obj
 0001:0002e490       ?cleanupVertices@ConvexHullLib@physx@@IEAA_NIPEBVPxVec3@2@IAEAIPEAV32@AEAV32@3@Z 000000018002f490 f   ConvexHullLib.obj
 0001:0002eb60       ?shiftAndcleanupVertices@ConvexHullLib@physx@@IEAA_NIPEBVPxVec3@2@IAEAIPEAV32@AEAV32@3@Z 000000018002fb60 f   ConvexHullLib.obj
 0001:0002ed70       ?swapLargestFace@ConvexHullLib@physx@@IEAAXAEAVPxConvexMeshDesc@2@@Z 000000018002fd70 f   ConvexHullLib.obj
 0001:0002f160       ?shiftConvexMeshDesc@ConvexHullLib@physx@@IEAAXAEAVPxConvexMeshDesc@2@@Z 0000000180030160 f   ConvexHullLib.obj
 0001:0002ff00       ??0?$PxFlags@W4Enum@PxConvexFlag@physx@@G@physx@@QEAA@AEBV01@@Z 0000000180030f00 f i ConvexHullLib.obj
 0001:0002ff30       ??0PxBounds3@physx@@QEAA@XZ 0000000180030f30 f i ConvexHullLib.obj
 0001:0002ff70       ??B?$PxFlags@W4Enum@PxConvexFlag@physx@@G@physx@@QEBA_NXZ 0000000180030f70 f i ConvexHullLib.obj
 0001:0002ffb0       ??I?$PxFlags@W4Enum@PxConvexFlag@physx@@G@physx@@QEBA?AV01@W4Enum@PxConvexFlag@1@@Z 0000000180030fb0 f i ConvexHullLib.obj
 0001:00030020       ??_GConvexHullLib@physx@@UEAAPEAXI@Z 0000000180031020 f i ConvexHullLib.obj
 0001:00030020       ??_EConvexHullLib@physx@@UEAAPEAXI@Z 0000000180031020 f i ConvexHullLib.obj
 0001:00030070       ?getCenter@PxBounds3@physx@@QEBA?AVPxVec3@2@XZ 0000000180031070 f i ConvexHullLib.obj
 0001:00030140       ?getDimensions@PxBounds3@physx@@QEBA?AVPxVec3@2@XZ 0000000180031140 f i ConvexHullLib.obj
 0001:000301f0       ?include@PxBounds3@physx@@QEAAXAEBVPxVec3@2@@Z 00000001800311f0 f i ConvexHullLib.obj
 0001:000302e0       ?maximum@PxVec3@physx@@QEBA?AV12@AEBV12@@Z 00000001800312e0 f i ConvexHullLib.obj
 0001:000303a0       ?minimum@PxVec3@physx@@QEBA?AV12@AEBV12@@Z 00000001800313a0 f i ConvexHullLib.obj
 0001:00030460       ?multiply@PxVec3@physx@@QEBA?AV12@AEBV12@@Z 0000000180031460 f i ConvexHullLib.obj
 0001:00030500       ??0ConvexHull@physx@@QEAA@AEBVPxVec3@1@0AEBV?$Array@VPxPlane@physx@@VNamedAllocator@shdfnd@2@@shdfnd@1@@Z 0000000180031500 f   ConvexHullUtils.obj
 0001:00030db0       ??0ConvexHull@physx@@QEAA@AEBVPxVec3@1@AEBVPxTransform@1@AEBV?$Array@VPxPlane@physx@@VNamedAllocator@shdfnd@2@@shdfnd@1@@Z 0000000180031db0 f   ConvexHullUtils.obj
 0001:000317e0       ?findCandidatePlane@ConvexHull@physx@@QEBAHMM@Z 00000001800327e0 f   ConvexHullUtils.obj
 0001:00031be0       ?assertIntact@ConvexHull@physx@@QEBA_NM@Z 0000000180032be0 f   ConvexHullUtils.obj
 0001:000323e0       ?maxNumVertsPerFace@ConvexHull@physx@@QEBAIXZ 00000001800333e0 f   ConvexHullUtils.obj
 0001:000324b0       ?convexHullCrop@physx@@YAPEAVConvexHull@1@AEBV21@AEBVPxPlane@1@M@Z 00000001800334b0 f   ConvexHullUtils.obj
 0001:00033b30       ?computeOBBFromConvex@physx@@YA_NAEBVPxConvexMeshDesc@1@AEAVPxVec3@1@AEAVPxTransform@1@@Z 0000000180034b30 f   ConvexHullUtils.obj
 0001:00034480       ?computeOBBSIMD@local@@YAXIPEBT__m128@@AEAT2@AEBT2@1@Z 0000000180035480 f   ConvexHullUtils.obj
 0001:00035c50       ??$?2V?$ReflectionAllocator@VConvexHull@physx@@@shdfnd@physx@@@UserAllocated@shdfnd@physx@@SAPEAX_KV?$ReflectionAllocator@VConvexHull@physx@@@12@PEBDH@Z 0000000180036c50 f i ConvexHullUtils.obj
 0001:00035ca0       ??$PX_UNUSED@W4PxIDENTITY@physx@@@@YAXAEBW4PxIDENTITY@physx@@@Z 0000000180036ca0 f i ConvexHullUtils.obj
 0001:00035cb0       ??0?$Array@VHalfEdge@ConvexHull@physx@@VNamedAllocator@shdfnd@3@@shdfnd@physx@@QEAA@AEBVNamedAllocator@12@@Z 0000000180036cb0 f i ConvexHullUtils.obj
 0001:00035d10       ??0?$Array@VPxPlane@physx@@VNamedAllocator@shdfnd@2@@shdfnd@physx@@QEAA@AEBVNamedAllocator@12@@Z 0000000180036d10 f i ConvexHullUtils.obj
 0001:00035d70       ??0?$PxFlags@W4Enum@PxConvexFlag@physx@@G@physx@@QEAA@XZ 0000000180036d70 f i ConvexHullUtils.obj
 0001:00035d90       ??0?$ReflectionAllocator@VConvexHull@physx@@@shdfnd@physx@@QEAA@PEBD@Z 0000000180036d90 f i ConvexHullUtils.obj
 0001:00035db0       ??0ConvexHull@physx@@QEAA@AEBV01@@Z 0000000180036db0 f i ConvexHullUtils.obj
 0001:00035e90       ??0ConvexHull@physx@@QEAA@AEBV?$Array@VPxPlane@physx@@VNamedAllocator@shdfnd@2@@shdfnd@1@@Z 0000000180036e90 f i ConvexHullUtils.obj
 0001:00035f60       ??0HalfEdge@ConvexHull@physx@@QEAA@FEE@Z 0000000180036f60 f i ConvexHullUtils.obj
 0001:00035fc0       ??0HalfEdge@ConvexHull@physx@@QEAA@XZ 0000000180036fc0 f i ConvexHullUtils.obj
 0001:00035fd0       ??0Mat33V@aos@shdfnd@physx@@QEAA@XZ 0000000180036fd0 f i ConvexHullUtils.obj
 0001:00035fe0       ??0PxBoundedData@physx@@QEAA@XZ 0000000180036fe0 f i ConvexHullUtils.obj
 0001:00036020       ??0PxConvexMeshDesc@physx@@QEAA@XZ 0000000180037020 f i ConvexHullUtils.obj
 0001:000360b0       ??0PxIntegrals@physx@@QEAA@XZ 00000001800370b0 f i ConvexHullUtils.obj
 0001:000360e0       ??0PxMat33@physx@@QEAA@AEBV01@@Z 00000001800370e0 f i ConvexHullUtils.obj
 0001:00036160       ??0PxMat33@physx@@QEAA@AEBVPxQuat@1@@Z 0000000180037160 f i ConvexHullUtils.obj
 0001:000364a0       ??0PxMat33@physx@@QEAA@AEBVPxVec3@1@00@Z 00000001800374a0 f i ConvexHullUtils.obj
 0001:00036520       ??0PxMat33@physx@@QEAA@W4PxIDENTITY@1@@Z 0000000180037520 f i ConvexHullUtils.obj
 0001:000365c0       ??0PxMat33@physx@@QEAA@XZ  00000001800375c0 f i ConvexHullUtils.obj
 0001:00036620       ??0PxPlane@physx@@QEAA@AEBVPxVec3@1@00@Z 0000000180037620 f i ConvexHullUtils.obj
 0001:00036710       ??0PxPlane@physx@@QEAA@AEBVPxVec3@1@M@Z 0000000180037710 f i ConvexHullUtils.obj
 0001:00036760       ??0PxPlane@physx@@QEAA@XZ  0000000180037760 f i ConvexHullUtils.obj
 0001:00036790       ??0PxQuat@physx@@QEAA@MAEBVPxVec3@1@@Z 0000000180037790 f i ConvexHullUtils.obj
 0001:000368f0       ??0PxQuat@physx@@QEAA@XZ   00000001800378f0 f i ConvexHullUtils.obj
 0001:00036900       ??0PxStridedData@physx@@QEAA@XZ 0000000180037900 f i ConvexHullUtils.obj
 0001:00036930       ??4PxPlane@physx@@QEAAAEAV01@AEBV01@@Z 0000000180037930 f i ConvexHullUtils.obj
 0001:00036980       ??8PxPlane@physx@@QEBA_NAEBV01@@Z 0000000180037980 f i ConvexHullUtils.obj
 0001:000369f0       ??8PxVec3@physx@@QEBA_NAEBV01@@Z 00000001800379f0 f i ConvexHullUtils.obj
 0001:00036a70       ??A?$Array@VHalfEdge@ConvexHull@physx@@VNamedAllocator@shdfnd@3@@shdfnd@physx@@QEAAAEAVHalfEdge@ConvexHull@2@I@Z 0000000180037a70 f i ConvexHullUtils.obj
[...]
 0003:00002bb8       __acrt_current_locale_data 0000000180169bb8     libucrtd:nlsdata.obj
 0003:00002bc8       __acrt_heap                0000000180169bc8     libucrtd:heap_handle.obj
 0003:00002be0       __acrt_current_multibyte_data 0000000180169be0     libucrtd:mbctype.obj
 0003:00002be8       _mbctype                   0000000180169be8     libucrtd:mbctype.obj
 0003:00002bf0       _mbcasemap                 0000000180169bf0     libucrtd:mbctype.obj
 0003:00002c08       _pgmptr                    0000000180169c08     libucrtd:argv_data.obj
 0003:00002c18       _wpgmptr                   0000000180169c18     libucrtd:argv_data.obj
 0003:00002c24       __argc                     0000000180169c24     libucrtd:argv_data.obj
 0003:00002c28       __argv                     0000000180169c28     libucrtd:argv_data.obj
 0003:00002c38       __wargv                    0000000180169c38     libucrtd:argv_data.obj
 0003:00002c48       _acmdln                    0000000180169c48     libucrtd:argv_data.obj
 0003:00002c58       _wcmdln                    0000000180169c58     libucrtd:argv_data.obj
 0003:00002e90       __pioinfo                  0000000180169e90     libucrtd:ioinit.obj
 0003:0000335c       _nhandle                   000000018016a35c     libucrtd:ioinit.obj
 0003:00003370       __acrt_stdout_buffer       000000018016a370     libucrtd:_sftbuf.obj
 0003:00003380       __acrt_stderr_buffer       000000018016a380     libucrtd:_sftbuf.obj
 0003:00003390       _nstream                   000000018016a390     libucrtd:_file.obj
 0003:00003398       __piob                     000000018016a398     libucrtd:_file.obj
 0003:000033a4       _cflush                    000000018016a3a4     libucrtd:_file.obj
 0003:00003b23       __acrt_lconv_static_null   000000018016ab23     libucrtd:localeconv.obj
 0003:00003b24       __acrt_lconv_static_W_null 000000018016ab24     libucrtd:localeconv.obj
 0003:00003b30       ?__WinRTOutOfMemoryExceptionCallback@@3P6APEAXXZEA 000000018016ab30     libvcruntimed:ehhelpers.obj
 0003:00003b3c       __scrt_ucrt_dll_is_in_use  000000018016ab3c     <common>
 0003:00003b48       __dyn_tls_init_callback    000000018016ab48     <common>
 0005:00000000       __imp_LoadLibraryA         0000000180177000     kernel32:KERNEL32.dll
 0005:00000008       __imp_CreateFileW          0000000180177008     kernel32:KERNEL32.dll
 0005:00000010       __imp_RaiseException       0000000180177010     kernel32:KERNEL32.dll
 0005:00000018       __imp_GetLastError         0000000180177018     kernel32:KERNEL32.dll
 0005:00000020       __imp_GetSystemInfo        0000000180177020     kernel32:KERNEL32.dll
 0005:00000028       __imp_VirtualProtect       0000000180177028     kernel32:KERNEL32.dll
 0005:00000030       __imp_VirtualQuery         0000000180177030     kernel32:KERNEL32.dll
 0005:00000038       __imp_FreeLibrary          0000000180177038     kernel32:KERNEL32.dll
 0005:00000040       __imp_GetModuleHandleW     0000000180177040     kernel32:KERNEL32.dll
 0005:00000048       __imp_GetProcAddress       0000000180177048     kernel32:KERNEL32.dll
 0005:00000050       __imp_LoadLibraryExA       0000000180177050     kernel32:KERNEL32.dll
 0005:00000058       __imp_InitializeSListHead  0000000180177058     kernel32:KERNEL32.dll
 0005:00000060       __imp_QueryPerformanceCounter 0000000180177060     kernel32:KERNEL32.dll
 0005:00000068       __imp_GetCurrentProcessId  0000000180177068     kernel32:KERNEL32.dll
 0005:00000070       __imp_GetCurrentThreadId   0000000180177070     kernel32:KERNEL32.dll
 0005:00000078       __imp_GetSystemTimeAsFileTime 0000000180177078     kernel32:KERNEL32.dll
 0005:00000080       __imp_RtlCaptureContext    0000000180177080     kernel32:KERNEL32.dll
 0005:00000088       __imp_RtlLookupFunctionEntry 0000000180177088     kernel32:KERNEL32.dll
 0005:00000090       __imp_RtlVirtualUnwind     0000000180177090     kernel32:KERNEL32.dll
 0005:00000098       __imp_IsDebuggerPresent    0000000180177098     kernel32:KERNEL32.dll
 0005:000000a0       __imp_UnhandledExceptionFilter 00000001801770a0     kernel32:KERNEL32.dll
 0005:000000a8       __imp_SetUnhandledExceptionFilter 00000001801770a8     kernel32:KERNEL32.dll
 0005:000000b0       __imp_GetStartupInfoW      00000001801770b0     kernel32:KERNEL32.dll
 0005:000000b8       __imp_IsProcessorFeaturePresent 00000001801770b8     kernel32:KERNEL32.dll
 0005:000000c0       __imp_MultiByteToWideChar  00000001801770c0     kernel32:KERNEL32.dll
 0005:000000c8       __imp_WideCharToMultiByte  00000001801770c8     kernel32:KERNEL32.dll
 0005:000000d0       __imp_HeapAlloc            00000001801770d0     kernel32:KERNEL32.dll
 0005:000000d8       __imp_HeapFree             00000001801770d8     kernel32:KERNEL32.dll
 0005:000000e0       __imp_GetProcessHeap       00000001801770e0     kernel32:KERNEL32.dll
 0005:000000e8       __imp_GetCurrentProcess    00000001801770e8     kernel32:KERNEL32.dll
 0005:000000f0       __imp_TerminateProcess     00000001801770f0     kernel32:KERNEL32.dll
 0005:000000f8       __imp_InterlockedPushEntrySList 00000001801770f8     kernel32:KERNEL32.dll
 0005:00000100       __imp_InterlockedFlushSList 0000000180177100     kernel32:KERNEL32.dll
 0005:00000108       __imp_RtlUnwindEx          0000000180177108     kernel32:KERNEL32.dll
 0005:00000110       __imp_RtlPcToFileHeader    0000000180177110     kernel32:KERNEL32.dll
 0005:00000118       __imp_GetModuleFileNameW   0000000180177118     kernel32:KERNEL32.dll
 0005:00000120       __imp_LoadLibraryExW       0000000180177120     kernel32:KERNEL32.dll
 0005:00000128       __imp_SetLastError         0000000180177128     kernel32:KERNEL32.dll
 0005:00000130       __imp_EnterCriticalSection 0000000180177130     kernel32:KERNEL32.dll
 0005:00000138       __imp_LeaveCriticalSection 0000000180177138     kernel32:KERNEL32.dll
 0005:00000140       __imp_DeleteCriticalSection 0000000180177140     kernel32:KERNEL32.dll
 0005:00000148       __imp_InitializeCriticalSectionAndSpinCount 0000000180177148     kernel32:KERNEL32.dll
 0005:00000150       __imp_TlsAlloc             0000000180177150     kernel32:KERNEL32.dll
 0005:00000158       __imp_TlsGetValue          0000000180177158     kernel32:KERNEL32.dll
 0005:00000160       __imp_TlsSetValue          0000000180177160     kernel32:KERNEL32.dll
 0005:00000168       __imp_TlsFree              0000000180177168     kernel32:KERNEL32.dll
 0005:00000170       __imp_GetModuleFileNameA   0000000180177170     kernel32:KERNEL32.dll
 0005:00000178       __imp_GetModuleHandleExW   0000000180177178     kernel32:KERNEL32.dll
 0005:00000180       __imp_HeapSize             0000000180177180     kernel32:KERNEL32.dll
 0005:00000188       __imp_HeapValidate         0000000180177188     kernel32:KERNEL32.dll
 0005:00000190       __imp_ExitProcess          0000000180177190     kernel32:KERNEL32.dll
 0005:00000198       __imp_GetStdHandle         0000000180177198     kernel32:KERNEL32.dll
 0005:000001a0       __imp_GetFileType          00000001801771a0     kernel32:KERNEL32.dll
 0005:000001a8       __imp_WriteFile            00000001801771a8     kernel32:KERNEL32.dll
 0005:000001b0       __imp_OutputDebugStringA   00000001801771b0     kernel32:KERNEL32.dll
 0005:000001b8       __imp_OutputDebugStringW   00000001801771b8     kernel32:KERNEL32.dll
 0005:000001c0       __imp_WriteConsoleW        00000001801771c0     kernel32:KERNEL32.dll
 0005:000001c8       __imp_SetConsoleCtrlHandler 00000001801771c8     kernel32:KERNEL32.dll
 0005:000001d0       __imp_HeapReAlloc          00000001801771d0     kernel32:KERNEL32.dll
 0005:000001d8       __imp_GetCurrentThread     00000001801771d8     kernel32:KERNEL32.dll
 0005:000001e0       __imp_HeapQueryInformation 00000001801771e0     kernel32:KERNEL32.dll
 0005:000001e8       __imp_GetACP               00000001801771e8     kernel32:KERNEL32.dll
 0005:000001f0       __imp_FindClose            00000001801771f0     kernel32:KERNEL32.dll
 0005:000001f8       __imp_FindFirstFileExA     00000001801771f8     kernel32:KERNEL32.dll
 0005:00000200       __imp_FindFirstFileExW     0000000180177200     kernel32:KERNEL32.dll
 0005:00000208       __imp_FindNextFileA        0000000180177208     kernel32:KERNEL32.dll
 0005:00000210       __imp_FindNextFileW        0000000180177210     kernel32:KERNEL32.dll
 0005:00000218       __imp_IsValidCodePage      0000000180177218     kernel32:KERNEL32.dll
 0005:00000220       __imp_GetOEMCP             0000000180177220     kernel32:KERNEL32.dll
 0005:00000228       __imp_GetCPInfo            0000000180177228     kernel32:KERNEL32.dll
 0005:00000230       __imp_GetCommandLineA      0000000180177230     kernel32:KERNEL32.dll
 0005:00000238       __imp_GetCommandLineW      0000000180177238     kernel32:KERNEL32.dll
 0005:00000240       __imp_GetEnvironmentStringsW 0000000180177240     kernel32:KERNEL32.dll
 0005:00000248       __imp_FreeEnvironmentStringsW 0000000180177248     kernel32:KERNEL32.dll
 0005:00000250       __imp_SetEnvironmentVariableA 0000000180177250     kernel32:KERNEL32.dll
 0005:00000258       __imp_SetEnvironmentVariableW 0000000180177258     kernel32:KERNEL32.dll
 0005:00000260       __imp_GetDateFormatW       0000000180177260     kernel32:KERNEL32.dll
 0005:00000268       __imp_GetTimeFormatW       0000000180177268     kernel32:KERNEL32.dll
 0005:00000270       __imp_CompareStringW       0000000180177270     kernel32:KERNEL32.dll
 0005:00000278       __imp_LCMapStringW         0000000180177278     kernel32:KERNEL32.dll
 0005:00000280       __imp_GetLocaleInfoW       0000000180177280     kernel32:KERNEL32.dll
 0005:00000288       __imp_IsValidLocale        0000000180177288     kernel32:KERNEL32.dll
 0005:00000290       __imp_GetUserDefaultLCID   0000000180177290     kernel32:KERNEL32.dll
 0005:00000298       __imp_EnumSystemLocalesW   0000000180177298     kernel32:KERNEL32.dll
 0005:000002a0       __imp_GetStringTypeW       00000001801772a0     kernel32:KERNEL32.dll
 0005:000002a8       __imp_SetStdHandle         00000001801772a8     kernel32:KERNEL32.dll
 0005:000002b0       __imp_FlushFileBuffers     00000001801772b0     kernel32:KERNEL32.dll
 0005:000002b8       __imp_GetConsoleCP         00000001801772b8     kernel32:KERNEL32.dll
 0005:000002c0       __imp_GetConsoleMode       00000001801772c0     kernel32:KERNEL32.dll
 0005:000002c8       __imp_SetFilePointerEx     00000001801772c8     kernel32:KERNEL32.dll
 0005:000002d0       __imp_CloseHandle          00000001801772d0     kernel32:KERNEL32.dll
 0005:000002d8       __imp_EncodePointer        00000001801772d8     kernel32:KERNEL32.dll
 0005:000002e0       \177KERNEL32_NULL_THUNK_DATA 00000001801772e0     kernel32:KERNEL32.dll
 0005:000003c8       __IMPORT_DESCRIPTOR_KERNEL32 00000001801773c8     kernel32:KERNEL32.dll
 0005:000003dc       __NULL_IMPORT_DESCRIPTOR   00000001801773dc     kernel32:KERNEL32.dll
 0006:00000000       __DELAY_IMPORT_DESCRIPTOR_PxFoundationDEBUG_x64_dll 0000000180179000     PxFoundationDEBUG_x64:PxFoundationDEBUG_x64.dll
 0006:00000020       __DELAY_IMPORT_DESCRIPTOR_PhysX3CommonDEBUG_x64_dll 0000000180179020     PhysX3CommonDEBUG_x64:PhysX3CommonDEBUG_x64.dll
 0006:00000040       __NULL_DELAY_IMPORT_DESCRIPTOR 0000000180179040     PxFoundationDEBUG_x64:PxFoundationDEBUG_x64.dll
 0006:00000178       \177PhysX3CommonDEBUG_x64_NULL_THUNK_DATA_DLN 0000000180179178     PhysX3CommonDEBUG_x64:PhysX3CommonDEBUG_x64.dll
 0006:00000290       \177PxFoundationDEBUG_x64_NULL_THUNK_DATA_DLN 0000000180179290     PxFoundationDEBUG_x64:PxFoundationDEBUG_x64.dll
 0006:00000300       __imp_??1BV4Tree@Gu@physx@@QEAA@XZ 0000000180179300     PhysX3CommonDEBUG_x64:PhysX3CommonDEBUG_x64.dll
 0006:00000308       __imp_?releaseMemory@HeightField@Gu@physx@@QEAAXXZ 0000000180179308     PhysX3CommonDEBUG_x64:PhysX3CommonDEBUG_x64.dll
 0006:00000310       __imp_?loadFromDesc@HeightField@Gu@physx@@QEAA_NAEBVPxHeightFieldDesc@3@@Z 0000000180179310     PhysX3CommonDEBUG_x64:PhysX3CommonDEBUG_x64.dll
 0006:00000318       __imp_??0HeightField@Gu@physx@@QEAA@PEAVGuMeshFactory@2@@Z 0000000180179318     PhysX3CommonDEBUG_x64:PhysX3CommonDEBUG_x64.dll
 0006:00000320       __imp_?ReadHeader@Gu@physx@@YA_NEEEEAEAIAEA_NAEAVPxInputStream@2@@Z 0000000180179320     PhysX3CommonDEBUG_x64:PhysX3CommonDEBUG_x64.dll
 0006:00000328       __imp_?readDword@physx@@YAI_NAEAVPxInputStream@1@@Z 0000000180179328     PhysX3CommonDEBUG_x64:PhysX3CommonDEBUG_x64.dll
 0006:00000330       __imp_??1BigConvexData@physx@@QEAA@XZ 0000000180179330     PhysX3CommonDEBUG_x64:PhysX3CommonDEBUG_x64.dll
 0006:00000338       __imp_??0BigConvexData@physx@@QEAA@XZ 0000000180179338     PhysX3CommonDEBUG_x64:PhysX3CommonDEBUG_x64.dll
 0006:00000340       __imp_?computeOBBPoints@Gu@physx@@YAXPEIAVPxVec3@2@AEBV32@1111@Z 0000000180179340     PhysX3CommonDEBUG_x64:PhysX3CommonDEBUG_x64.dll
 0006:00000348       __imp_?Sort@RadixSortBuffered@Cm@physx@@QEAAAEAV123@PEBIIW4RadixHint@23@@Z 0000000180179348     PhysX3CommonDEBUG_x64:PhysX3CommonDEBUG_x64.dll
 0006:00000350       __imp_??1RadixSortBuffered@Cm@physx@@UEAA@XZ 0000000180179350     PhysX3CommonDEBUG_x64:PhysX3CommonDEBUG_x64.dll
 0006:00000358       __imp_??0RadixSortBuffered@Cm@physx@@QEAA@XZ 0000000180179358     PhysX3CommonDEBUG_x64:PhysX3CommonDEBUG_x64.dll
 0006:00000360       __imp_?GetRanks@RadixSort@Cm@physx@@QEBAPEBIXZ 0000000180179360     PhysX3CommonDEBUG_x64:PhysX3CommonDEBUG_x64.dll
 0006:00000368       __imp_?CreateOffsets@BigConvexData@physx@@IEAAXXZ 0000000180179368     PhysX3CommonDEBUG_x64:PhysX3CommonDEBUG_x64.dll
 0006:00000370       __imp_?StoreIndices@Gu@physx@@YAXGIPEBGAEAVPxOutputStream@2@_N@Z 0000000180179370     PhysX3CommonDEBUG_x64:PhysX3CommonDEBUG_x64.dll
 0006:00000378       __imp_?WriteHeader@Gu@physx@@YA_NEEEEI_NAEAVPxOutputStream@2@@Z 0000000180179378     PhysX3CommonDEBUG_x64:PhysX3CommonDEBUG_x64.dll
 0006:00000380       __imp_?computeMaxIndex@physx@@YAGPEBGI@Z 0000000180179380     PhysX3CommonDEBUG_x64:PhysX3CommonDEBUG_x64.dll
 0006:00000388       __imp_?BuildBV32Ex@Gu@physx@@YA_NAEAVBV32Tree@12@AEAVSourceMesh@12@MI@Z 0000000180179388     PhysX3CommonDEBUG_x64:PhysX3CommonDEBUG_x64.dll
 0006:00000390       __imp_?writeWord@physx@@YAXG_NAEAVPxOutputStream@1@@Z 0000000180179390     PhysX3CommonDEBUG_x64:PhysX3CommonDEBUG_x64.dll
 0006:00000398       __imp_?BuildBV4Ex@Gu@physx@@YA_NAEAVBV4Tree@12@AEAVSourceMesh@12@MI@Z 0000000180179398     PhysX3CommonDEBUG_x64:PhysX3CommonDEBUG_x64.dll
 0006:000003a0       __imp_?writeDword@physx@@YAXI_NAEAVPxOutputStream@1@@Z 00000001801793a0     PhysX3CommonDEBUG_x64:PhysX3CommonDEBUG_x64.dll
 0006:000003a8       __imp_?writeFloat@physx@@YAXM_NAEAVPxOutputStream@1@@Z 00000001801793a8     PhysX3CommonDEBUG_x64:PhysX3CommonDEBUG_x64.dll
 0006:000003b0       __imp_?writeHeader@physx@@YA_NCCCCI_NAEAVPxOutputStream@1@@Z 00000001801793b0     PhysX3CommonDEBUG_x64:PhysX3CommonDEBUG_x64.dll
 0006:000003b8       __imp_?validate@RTree@Gu@physx@@QEAAXPEAUCallbackRefit@123@@Z 00000001801793b8     PhysX3CommonDEBUG_x64:PhysX3CommonDEBUG_x64.dll
 0006:000003c0       __imp_??0SourceMesh@Gu@physx@@QEAA@XZ 00000001801793c0     PhysX3CommonDEBUG_x64:PhysX3CommonDEBUG_x64.dll
 0006:000003c8       __imp_??1SourceMesh@Gu@physx@@QEAA@XZ 00000001801793c8     PhysX3CommonDEBUG_x64:PhysX3CommonDEBUG_x64.dll
 0006:000003d0       __imp_??0BV4Tree@Gu@physx@@QEAA@XZ 00000001801793d0     PhysX3CommonDEBUG_x64:PhysX3CommonDEBUG_x64.dll
 0006:000003d8       __imp_??1HeightField@Gu@physx@@UEAA@XZ 00000001801793d8     PhysX3CommonDEBUG_x64:PhysX3CommonDEBUG_x64.dll
 0006:000003e0       __imp_??0BV32Tree@Gu@physx@@QEAA@XZ 00000001801793e0     PhysX3CommonDEBUG_x64:PhysX3CommonDEBUG_x64.dll
 0006:000003e8       __imp_??1BV32Tree@Gu@physx@@QEAA@XZ 00000001801793e8     PhysX3CommonDEBUG_x64:PhysX3CommonDEBUG_x64.dll
 0006:000003f0       __imp_?writeFloatBuffer@physx@@YAXPEBMI_NAEAVPxOutputStream@1@@Z 00000001801793f0     PhysX3CommonDEBUG_x64:PhysX3CommonDEBUG_x64.dll
 0006:000003f8       __imp_?writeWordBuffer@physx@@YAXPEBGI_NAEAVPxOutputStream@1@@Z 00000001801793f8     PhysX3CommonDEBUG_x64:PhysX3CommonDEBUG_x64.dll
 0006:00000400       __imp_?computeMaxIndex@physx@@YAIPEBII@Z 0000000180179400     PhysX3CommonDEBUG_x64:PhysX3CommonDEBUG_x64.dll
 0006:00000408       __imp_?storeIndices@physx@@YAXIIPEBIAEAVPxOutputStream@1@_N@Z 0000000180179408     PhysX3CommonDEBUG_x64:PhysX3CommonDEBUG_x64.dll
 0006:00000410       __imp_?computeBoundsAroundVertices@Gu@physx@@YAXAEAVPxBounds3@2@IPEIBVPxVec3@2@@Z 0000000180179410     PhysX3CommonDEBUG_x64:PhysX3CommonDEBUG_x64.dll
 0006:00000418       \177PhysX3CommonDEBUG_x64_NULL_THUNK_DATA_DLA 0000000180179418     PhysX3CommonDEBUG_x64:PhysX3CommonDEBUG_x64.dll
 0006:000004a8       __imp_??1FPUGuard@shdfnd@physx@@QEAA@XZ 00000001801794a8     PxFoundationDEBUG_x64:PxFoundationDEBUG_x64.dll
 0006:000004b0       __imp_??0FPUGuard@shdfnd@physx@@QEAA@XZ 00000001801794b0     PxFoundationDEBUG_x64:PxFoundationDEBUG_x64.dll
 0006:000004b8       __imp_?decRefCount@Foundation@shdfnd@physx@@SAXXZ 00000001801794b8     PxFoundationDEBUG_x64:PxFoundationDEBUG_x64.dll
 0006:000004c0       __imp_?incRefCount@Foundation@shdfnd@physx@@SAXXZ 00000001801794c0     PxFoundationDEBUG_x64:PxFoundationDEBUG_x64.dll
 0006:000004c8       __imp_?PxDiagonalize@physx@@YA?AVPxVec3@1@AEBVPxMat33@1@AEAVPxQuat@1@@Z 00000001801794c8     PxFoundationDEBUG_x64:PxFoundationDEBUG_x64.dll
 0006:000004d0       __imp_?error@Foundation@shdfnd@physx@@QEAAXW4Enum@PxErrorCode@3@PEBDH1ZZ 00000001801794d0     PxFoundationDEBUG_x64:PxFoundationDEBUG_x64.dll
 0006:000004d8       __imp_?getInstance@Foundation@shdfnd@physx@@SAAEAV123@XZ 00000001801794d8     PxFoundationDEBUG_x64:PxFoundationDEBUG_x64.dll
 0006:000004e0       __imp_PxGetFoundation      00000001801794e0     PxFoundationDEBUG_x64:PxFoundationDEBUG_x64.dll
 0006:000004e8       __imp_?deallocate@TempAllocator@shdfnd@physx@@QEAAXPEAX@Z 00000001801794e8     PxFoundationDEBUG_x64:PxFoundationDEBUG_x64.dll
 0006:000004f0       __imp_?allocate@TempAllocator@shdfnd@physx@@QEAAPEAX_KPEBDH@Z 00000001801794f0     PxFoundationDEBUG_x64:PxFoundationDEBUG_x64.dll
 0006:000004f8       __imp_?deallocate@NamedAllocator@shdfnd@physx@@QEAAXPEAX@Z 00000001801794f8     PxFoundationDEBUG_x64:PxFoundationDEBUG_x64.dll
 0006:00000500       __imp_?allocate@NamedAllocator@shdfnd@physx@@QEAAPEAX_KPEBDH@Z 0000000180179500     PxFoundationDEBUG_x64:PxFoundationDEBUG_x64.dll
 0006:00000508       __imp_??1NamedAllocator@shdfnd@physx@@QEAA@XZ 0000000180179508     PxFoundationDEBUG_x64:PxFoundationDEBUG_x64.dll
 0006:00000510       __imp_??0NamedAllocator@shdfnd@physx@@QEAA@AEBV012@@Z 0000000180179510     PxFoundationDEBUG_x64:PxFoundationDEBUG_x64.dll
 0006:00000518       __imp_??0NamedAllocator@shdfnd@physx@@QEAA@PEBD@Z 0000000180179518     PxFoundationDEBUG_x64:PxFoundationDEBUG_x64.dll
 0006:00000520       __imp_?getAllocator@shdfnd@physx@@YAAEAVPxAllocatorCallback@2@XZ 0000000180179520     PxFoundationDEBUG_x64:PxFoundationDEBUG_x64.dll
 0006:00000528       __imp_?PxGetAssertHandler@physx@@YAAEAVPxAssertHandler@1@XZ 0000000180179528     PxFoundationDEBUG_x64:PxFoundationDEBUG_x64.dll
 0006:00000530       \177PxFoundationDEBUG_x64_NULL_THUNK_DATA_DLA 0000000180179530     PxFoundationDEBUG_x64:PxFoundationDEBUG_x64.dll
 0006:000011e8       \177PxFoundationDEBUG_x64_NULL_THUNK_DATA_DLB 000000018017a1e8     PxFoundationDEBUG_x64:PxFoundationDEBUG_x64.dll
 0006:00001278       \177PhysX3CommonDEBUG_x64_NULL_THUNK_DATA_DLB 000000018017a278     PhysX3CommonDEBUG_x64:PhysX3CommonDEBUG_x64.dll
 0007:00000000       __guard_check_icall_fptr   000000018017b000     LIBCMTD:guard_support.obj
 0007:00000010       __guard_dispatch_icall_fptr 000000018017b010     LIBCMTD:guard_support.obj
 0007:00000020       __guard_ss_verify_failure_fptr 000000018017b020     LIBCMTD:guard_support.obj
 0007:00000030       __guard_ss_verify_sp_fptr  000000018017b030     LIBCMTD:guard_support.obj
