 PhysX3CharacterKinematicDEBUG_x64

 Timestamp is 59b7acf9 (Tue Sep 12 17:46:33 2017)

 Preferred load address is 0000000180000000

 Start         Length     Name                   Class
 0001:00000000 0000bb60H .text$di                CODE
 0001:0000bb60 000f1770H .text$mn                CODE
 0001:000fd2d0 00001110H .text$mn$00             CODE
 0001:000fe3e0 00002039H .text$x                 CODE
 0002:00000000 00000110H .CRT$XCA                DATA
 0002:00000110 00000140H .CRT$XCU                DATA
 0002:00000250 00000110H .CRT$XCZ                DATA
 0002:00000360 00000110H .CRT$XIA                DATA
 0002:00000470 00000130H .CRT$XIC                DATA
 0002:000005a0 00000110H .CRT$XIZ                DATA
 0002:000006b0 00000110H .CRT$XPA                DATA
 0002:000007c0 00000120H .CRT$XPX                DATA
 0002:000008e0 00000110H .CRT$XPXA               DATA
 0002:000009f0 00000110H .CRT$XPZ                DATA
 0002:00000b00 00000110H .CRT$XTA                DATA
 0002:00000c10 00000110H .CRT$XTZ                DATA
 0002:00000d20 000275f8H .rdata                  DATA
 0002:00028318 0000060cH .rdata$r                DATA
 0002:00028924 000001a4H .rdata$zzzdbg           DATA
 0002:00028ac8 00000110H .rtc$IAA                DATA
 0002:00028bd8 000001d0H .rtc$IMZ                DATA
 0002:00028da8 00000110H .rtc$IZZ                DATA
 0002:00028eb8 00000110H .rtc$TAA                DATA
 0002:00028fc8 000001d0H .rtc$TMZ                DATA
 0002:00029198 00000118H .rtc$TZZ                DATA
 0002:000292b0 00008d50H .xdata                  DATA
 0002:00032000 000001a0H .xdata$x                DATA
 0002:000321a0 00000b11H .edata                  DATA
 0003:00000000 00000d60H .data                   DATA
 0003:00000d60 00000430H .data$r                 DATA
 0003:00001190 00002291H .bss                    DATA
 0004:00000000 0000b370H .pdata                  DATA
 0005:00000000 000005f0H .idata$5                DATA
 0005:000005f0 0000003cH .idata$2                DATA
 0005:0000062c 00000014H .idata$3                DATA
 0005:00000640 000005f0H .idata$4                DATA
 0005:00000c30 0000157aH .idata$6                DATA
 0006:00000000 0000013fH .00cfg                  DATA
 0007:00000000 000001c0H .rsrc$01                DATA
 0007:000001c0 00000700H .rsrc$02                DATA

  Address         Publics by Value              Rva+Base               Lib:Object

 0000:00000000       __hybrid_code_map_count    0000000000000000     <absolute>
 0000:00000000       __hybrid_auxiliary_iat     0000000000000000     <absolute>
 0000:00000000       __enclave_config           0000000000000000     <absolute>
 0000:00000000       __guard_longjmp_count      0000000000000000     <absolute>
 0000:00000000       __hybrid_code_map          0000000000000000     <absolute>
 0000:00000000       ___safe_se_handler_count   0000000000000000     <absolute>
 0000:00000000       __guard_fids_count         0000000000000000     <absolute>
 0000:00000000       __dynamic_value_reloc_table 0000000000000000     <absolute>
 0000:00000000       __guard_fids_table         0000000000000000     <absolute>
 0000:00000000       __guard_longjmp_table      0000000000000000     <absolute>
 0000:00000000       __guard_iat_table          0000000000000000     <absolute>
 0000:00000000       __guard_iat_count          0000000000000000     <absolute>
 0000:00000000       ___safe_se_handler_table   0000000000000000     <absolute>
 0000:00000100       __guard_flags              0000000000000100     <absolute>
 0000:00000000       __ImageBase                0000000180000000     <linker-defined>
 0001:0000bb60       ??0BoxController@Cct@physx@@QEAA@AEBVPxControllerDesc@2@AEAVPxPhysics@2@PEAVPxScene@2@@Z 000000018000cb60 f   CctBoxController.obj
 0001:0000bcc0       ??1BoxController@Cct@physx@@UEAA@XZ 000000018000ccc0 f   CctBoxController.obj
 0001:0000bd10       ?getWorldBox@BoxController@Cct@physx@@UEBA_NAEAUPxExtendedBounds3@3@@Z 000000018000cd10 f   CctBoxController.obj
 0001:0000bd80       ?setFootPosition@BoxController@Cct@physx@@UEAA_NAEBUPxExtendedVec3@3@@Z 000000018000cd80 f   CctBoxController.obj
 0001:0000be10       ?getFootPosition@BoxController@Cct@physx@@UEBA?AUPxExtendedVec3@3@XZ 000000018000ce10 f   CctBoxController.obj
 0001:0000bea0       ?invalidateCache@BoxController@Cct@physx@@UEAAXXZ 000000018000cea0 f   CctBoxController.obj
 0001:0000bf20       ?resize@BoxController@Cct@physx@@UEAAXM@Z 000000018000cf20 f   CctBoxController.obj
 0001:0000bff0       ?getHalfHeight@BoxController@Cct@physx@@UEBAMXZ 000000018000cff0 f   CctBoxController.obj
 0001:0000c010       ?getHalfSideExtent@BoxController@Cct@physx@@UEBAMXZ 000000018000d010 f   CctBoxController.obj
 0001:0000c030       ?getHalfForwardExtent@BoxController@Cct@physx@@UEBAMXZ 000000018000d030 f   CctBoxController.obj
 0001:0000c050       ?setHalfHeight@BoxController@Cct@physx@@UEAA_NM@Z 000000018000d050 f   CctBoxController.obj
 0001:0000c0a0       ?setHalfSideExtent@BoxController@Cct@physx@@UEAA_NM@Z 000000018000d0a0 f   CctBoxController.obj
 0001:0000c0f0       ?setHalfForwardExtent@BoxController@Cct@physx@@UEAA_NM@Z 000000018000d0f0 f   CctBoxController.obj
 0001:0000c140       ?updateKinematicProxy@BoxController@Cct@physx@@QEAA_NXZ 000000018000d140 f   CctBoxController.obj
 0001:0000c260       ?getOBB@BoxController@Cct@physx@@QEBAXAEAVPxExtendedBox@3@@Z 000000018000d260 f   CctBoxController.obj
 0001:0000c560       ??0Allocator@shdfnd@physx@@QEAA@PEBD@Z 000000018000d560 f i CctBoxController.obj
 0001:0000c580       ??0NonTrackingAllocator@shdfnd@physx@@QEAA@PEBD@Z 000000018000d580 f i CctBoxController.obj
 0001:0000c5a0       ??0PxBoxController@physx@@IEAA@XZ 000000018000d5a0 f i CctBoxController.obj
 0001:0000c5e0       ??0PxBoxGeometry@physx@@QEAA@XZ 000000018000d5e0 f i CctBoxController.obj
 0001:0000c630       ??0PxController@physx@@IEAA@XZ 000000018000d630 f i CctBoxController.obj
 0001:0000c650       ??0PxControllerManager@physx@@IEAA@XZ 000000018000d650 f i CctBoxController.obj
 0001:0000c670       ??0PxControllerManager@physx@@QEAA@AEBV01@@Z 000000018000d670 f i CctBoxController.obj
 0001:0000c6a0       ??0PxExtendedBounds3@physx@@QEAA@XZ 000000018000d6a0 f i CctBoxController.obj
 0001:0000c6e0       ??0PxExtendedVec3@physx@@QEAA@NNN@Z 000000018000d6e0 f i CctBoxController.obj
 0001:0000c740       ??0PxExtendedVec3@physx@@QEAA@XZ 000000018000d740 f i CctBoxController.obj
 0001:0000c750       ??0PxFoundation@physx@@QEAA@AEBV01@@Z 000000018000d750 f i CctBoxController.obj
 0001:0000c780       ??0PxFoundation@physx@@QEAA@XZ 000000018000d780 f i CctBoxController.obj
 0001:0000c7a0       ??0PxGeometry@physx@@IEAA@W4Enum@PxGeometryType@1@@Z 000000018000d7a0 f i CctBoxController.obj
 0001:0000c7c0       ??0PxVec3@physx@@QEAA@AEBV01@@Z 000000018000d7c0 f i CctBoxController.obj
 0001:0000c820       ??0PxVec3@physx@@QEAA@MMM@Z 000000018000d820 f i CctBoxController.obj
 0001:0000c880       ??1PxBoxController@physx@@MEAA@XZ 000000018000d880 f i CctBoxController.obj
 0001:0000c8b0       ??1PxController@physx@@MEAA@XZ 000000018000d8b0 f i CctBoxController.obj
 0001:0000c8d0       ??1PxControllerManager@physx@@MEAA@XZ 000000018000d8d0 f i CctBoxController.obj
 0001:0000c8f0       ??1PxFoundation@physx@@MEAA@XZ 000000018000d8f0 f i CctBoxController.obj
 0001:0000c910       ??3UserAllocated@shdfnd@physx@@SAXPEAX@Z 000000018000d910 f i CctBoxController.obj
 0001:0000c940       ??4Allocator@shdfnd@physx@@QEAAAEAV012@$$QEAV012@@Z 000000018000d940 f i CctBoxController.obj
 0001:0000c960       ??4Allocator@shdfnd@physx@@QEAAAEAV012@AEBV012@@Z 000000018000d960 f i CctBoxController.obj
 0001:0000c980       ??4MutexImpl@shdfnd@physx@@QEAAAEAV012@AEBV012@@Z 000000018000d980 f i CctBoxController.obj
 0001:0000c9a0       ??4PxControllerManager@physx@@QEAAAEAV01@AEBV01@@Z 000000018000d9a0 f i CctBoxController.obj
 0001:0000c9c0       ??4PxFoundation@physx@@QEAAAEAV01@AEBV01@@Z 000000018000d9c0 f i CctBoxController.obj
 0001:0000c9e0       ??4PxQuat@physx@@QEAAAEAV01@AEBV01@@Z 000000018000d9e0 f i CctBoxController.obj
 0001:0000ca60       ??4PxVec3@physx@@QEAAAEAV01@AEBV01@@Z 000000018000da60 f i CctBoxController.obj
 0001:0000cac0       ??DPxVec3@physx@@QEBA?AV01@M@Z 000000018000dac0 f i CctBoxController.obj
 0001:0000cb50       ??GPxExtendedVec3@physx@@QEBA?AVPxVec3@1@AEBU01@@Z 000000018000db50 f i CctBoxController.obj
 0001:0000cc00       ??HPxExtendedVec3@physx@@QEBA?AU01@AEBU01@@Z 000000018000dc00 f i CctBoxController.obj
 0001:0000cca0       ??XPxExtendedVec3@physx@@QEAAAEAU01@AEBM@Z 000000018000dca0 f i CctBoxController.obj
 0001:0000cd40       ??XPxVec3@physx@@QEAAAEAV01@M@Z 000000018000dd40 f i CctBoxController.obj
 0001:0000cdc0       ??YPxExtendedVec3@physx@@QEAAAEAU01@AEBVPxVec3@1@@Z 000000018000ddc0 f i CctBoxController.obj
 0001:0000ce60       ??ZPxExtendedVec3@physx@@QEAAAEAU01@AEBVPxVec3@1@@Z 000000018000de60 f i CctBoxController.obj
 0001:0000cefc       ??_EBoxController@Cct@physx@@W7EAAPEAXI@Z 000000018000defc f i CctBoxController.obj
 0001:0000cf10       ??_EPxControllerManager@physx@@MEAAPEAXI@Z 000000018000df10 f i CctBoxController.obj
 0001:0000cfe0       ??_EPxFoundation@physx@@MEAAPEAXI@Z 000000018000dfe0 f i CctBoxController.obj
 0001:0000d0b0       ??_FAllocator@shdfnd@physx@@QEAAXXZ 000000018000e0b0 f i CctBoxController.obj
 0001:0000d0d0       ??_FNamedAllocator@shdfnd@physx@@QEAAXXZ 000000018000e0d0 f i CctBoxController.obj
 0001:0000d0f0       ??_EBoxController@Cct@physx@@UEAAPEAXI@Z 000000018000e0f0 f i CctBoxController.obj
 0001:0000d0f0       ??_GBoxController@Cct@physx@@UEAAPEAXI@Z 000000018000e0f0 f i CctBoxController.obj
 0001:0000d160       ??_GPxBoxController@physx@@MEAAPEAXI@Z 000000018000e160 f i CctBoxController.obj
 0001:0000d160       ??_EPxBoxController@physx@@MEAAPEAXI@Z 000000018000e160 f i CctBoxController.obj
 0001:0000d1b0       ??_GPxController@physx@@MEAAPEAXI@Z 000000018000e1b0 f i CctBoxController.obj
 0001:0000d1b0       ??_EPxController@physx@@MEAAPEAXI@Z 000000018000e1b0 f i CctBoxController.obj
 0001:0000d200       ??_GPxControllerManager@physx@@MEAAPEAXI@Z 000000018000e200 f i CctBoxController.obj
 0001:0000d250       ??_GPxFoundation@physx@@MEAAPEAXI@Z 000000018000e250 f i CctBoxController.obj
 0001:0000d2a0       ??_H@YAXPEAX_K1P6APEAX0@Z@Z 000000018000e2a0 f i CctBoxController.obj
 0001:0000d340       ??_I@YAXPEAX_K1P6AX0@Z@Z   000000018000e340 f i CctBoxController.obj
 0001:0000d400       ?__empty_global_delete@@YAXPEAX@Z 000000018000e400 f i CctBoxController.obj
 0001:0000d410       ?__empty_global_delete@@YAXPEAX_K@Z 000000018000e410 f i CctBoxController.obj
 0001:0000d410       ?__global_delete@@YAXPEAX_K@Z 000000018000e410 f i CctBoxController.obj
 0001:0000d420       ?deallocate@NonTrackingAllocator@shdfnd@physx@@QEAAXPEAX@Z 000000018000e420 f i CctBoxController.obj
 0001:0000d470       ?getActor@BoxController@Cct@physx@@UEBAPEAVPxRigidDynamic@3@XZ 000000018000e470 f i CctBoxController.obj
 0001:0000d490       ?getCenter@physx@@YAXAEBUPxExtendedBounds3@1@AEAUPxExtendedVec3@1@@Z 000000018000e490 f i CctBoxController.obj
 0001:0000d510       ?getContactOffset@BoxController@Cct@physx@@UEBAMXZ 000000018000e510 f i CctBoxController.obj
 0001:0000d530       ?getExtents@physx@@YAXAEBUPxExtendedBounds3@1@AEAVPxVec3@1@@Z 000000018000e530 f i CctBoxController.obj
 0001:0000d590       ?getHalfHeightInternal@BoxController@Cct@physx@@UEBAMXZ 000000018000e590 f i CctBoxController.obj
 0001:0000d5b0       ?getNonWalkableMode@BoxController@Cct@physx@@UEBA?AW4Enum@PxControllerNonWalkableMode@3@XZ 000000018000e5b0 f i CctBoxController.obj
 0001:0000d5d0       ?getPosition@BoxController@Cct@physx@@UEBAAEBUPxExtendedVec3@3@XZ 000000018000e5d0 f i CctBoxController.obj
 0001:0000d5f0       ?getPxController@BoxController@Cct@physx@@UEAAPEAVPxController@3@XZ 000000018000e5f0 f i CctBoxController.obj
 0001:0000d610       ?getScene@BoxController@Cct@physx@@UEAAPEAVPxScene@3@XZ 000000018000e610 f i CctBoxController.obj
 0001:0000d630       ?getSlopeLimit@BoxController@Cct@physx@@UEBAMXZ 000000018000e630 f i CctBoxController.obj
 0001:0000d650       ?getState@BoxController@Cct@physx@@UEBAXAEAUPxControllerState@3@@Z 000000018000e650 f i CctBoxController.obj
 0001:0000d690       ?getStats@BoxController@Cct@physx@@UEBAXAEAUPxControllerStats@3@@Z 000000018000e690 f i CctBoxController.obj
 0001:0000d6d0       ?getStepOffset@BoxController@Cct@physx@@UEBAMXZ 000000018000e6d0 f i CctBoxController.obj
 0001:0000d6f0       ?getType@BoxController@Cct@physx@@UEBA?AW4Enum@PxControllerShapeType@3@XZ 000000018000e6f0 f i CctBoxController.obj
 0001:0000d710       ?getUpDirection@BoxController@Cct@physx@@UEBA?AVPxVec3@3@XZ 000000018000e710 f i CctBoxController.obj
 0001:0000d750       ?getUserData@BoxController@Cct@physx@@UEBAPEAXXZ 000000018000e750 f i CctBoxController.obj
 0001:0000d770       ?lock@?$MutexT@V?$ReflectionAllocator@VMutexImpl@shdfnd@physx@@@shdfnd@physx@@@shdfnd@physx@@QEBAXXZ 000000018000e770 f i CctBoxController.obj
 0001:0000d7a0       ?release@BoxController@Cct@physx@@UEAAXXZ 000000018000e7a0 f i CctBoxController.obj
 0001:0000d7d0       ?setCenterExtents@physx@@YAXAEAUPxExtendedBounds3@1@AEBUPxExtendedVec3@1@AEBVPxVec3@1@@Z 000000018000e7d0 f i CctBoxController.obj
 0001:0000d860       ?setContactOffset@BoxController@Cct@physx@@UEAAXM@Z 000000018000e860 f i CctBoxController.obj
 0001:0000d8a0       ?setNonWalkableMode@BoxController@Cct@physx@@UEAAXW4Enum@PxControllerNonWalkableMode@3@@Z 000000018000e8a0 f i CctBoxController.obj
 0001:0000d8c0       ?setPosition@BoxController@Cct@physx@@UEAA_NAEBUPxExtendedVec3@3@@Z 000000018000e8c0 f i CctBoxController.obj
 0001:0000d900       ?setSlopeLimit@BoxController@Cct@physx@@UEAAXM@Z 000000018000e900 f i CctBoxController.obj
 0001:0000d940       ?setStepOffset@BoxController@Cct@physx@@UEAAXM@Z 000000018000e940 f i CctBoxController.obj
 0001:0000d980       ?setUpDirection@BoxController@Cct@physx@@UEAAXAEBVPxVec3@3@@Z 000000018000e980 f i CctBoxController.obj
 0001:0000d9c0       ?setUserData@BoxController@Cct@physx@@UEAAXPEAX@Z 000000018000e9c0 f i CctBoxController.obj
 0001:0000d9e0       ?unlock@?$MutexT@V?$ReflectionAllocator@VMutexImpl@shdfnd@physx@@@shdfnd@physx@@@shdfnd@physx@@QEBAXXZ 000000018000e9e0 f i CctBoxController.obj
 0001:0000da10       ??0CapsuleController@Cct@physx@@QEAA@AEBVPxControllerDesc@2@AEAVPxPhysics@2@PEAVPxScene@2@@Z 000000018000ea10 f   CctCapsuleController.obj
 0001:0000db60       ??1CapsuleController@Cct@physx@@UEAA@XZ 000000018000eb60 f   CctCapsuleController.obj
 0001:0000dbb0       ?getWorldBox@CapsuleController@Cct@physx@@UEBA_NAEAUPxExtendedBounds3@3@@Z 000000018000ebb0 f   CctCapsuleController.obj
 0001:0000dc40       ?setFootPosition@CapsuleController@Cct@physx@@UEAA_NAEBUPxExtendedVec3@3@@Z 000000018000ec40 f   CctCapsuleController.obj
 0001:0000dce0       ?getFootPosition@CapsuleController@Cct@physx@@UEBA?AUPxExtendedVec3@3@XZ 000000018000ece0 f   CctCapsuleController.obj
 0001:0000dd90       ?invalidateCache@CapsuleController@Cct@physx@@UEAAXXZ 000000018000ed90 f   CctCapsuleController.obj
 0001:0000de10       ?resize@CapsuleController@Cct@physx@@UEAAXM@Z 000000018000ee10 f   CctCapsuleController.obj
 0001:0000df10       ?getClimbingMode@CapsuleController@Cct@physx@@UEBA?AW4Enum@PxCapsuleClimbingMode@3@XZ 000000018000ef10 f   CctCapsuleController.obj
 0001:0000df30       ?setRadius@CapsuleController@Cct@physx@@UEAA_NM@Z 000000018000ef30 f   CctCapsuleController.obj
 0001:0000e040       ?setHeight@CapsuleController@Cct@physx@@UEAA_NM@Z 000000018000f040 f   CctCapsuleController.obj
 0001:0000e150       ?setClimbingMode@CapsuleController@Cct@physx@@UEAA_NW4Enum@PxCapsuleClimbingMode@3@@Z 000000018000f150 f   CctCapsuleController.obj
 0001:0000e180       ?getCapsule@CapsuleController@Cct@physx@@QEBAXAEAUPxExtendedCapsule@3@@Z 000000018000f180 f   CctCapsuleController.obj
 0001:0000e510       ??0PxCapsuleController@physx@@IEAA@XZ 000000018000f510 f i CctCapsuleController.obj
 0001:0000e550       ??0PxCapsuleGeometry@physx@@QEAA@XZ 000000018000f550 f i CctCapsuleController.obj
 0001:0000e5a0       ??1PxCapsuleController@physx@@MEAA@XZ 000000018000f5a0 f i CctCapsuleController.obj
 0001:0000e5d0       ??_ECapsuleController@Cct@physx@@W7EAAPEAXI@Z 000000018000f5d0 f i CctCapsuleController.obj
 0001:0000e5e0       ??_GCapsuleController@Cct@physx@@UEAAPEAXI@Z 000000018000f5e0 f i CctCapsuleController.obj
 0001:0000e5e0       ??_ECapsuleController@Cct@physx@@UEAAPEAXI@Z 000000018000f5e0 f i CctCapsuleController.obj
 0001:0000e650       ??_EPxCapsuleController@physx@@MEAAPEAXI@Z 000000018000f650 f i CctCapsuleController.obj
 0001:0000e650       ??_GPxCapsuleController@physx@@MEAAPEAXI@Z 000000018000f650 f i CctCapsuleController.obj
 0001:0000e6a0       ?getActor@CapsuleController@Cct@physx@@UEBAPEAVPxRigidDynamic@3@XZ 000000018000f6a0 f i CctCapsuleController.obj
 0001:0000e6c0       ?getContactOffset@CapsuleController@Cct@physx@@UEBAMXZ 000000018000f6c0 f i CctCapsuleController.obj
 0001:0000e6e0       ?getHalfHeightInternal@CapsuleController@Cct@physx@@UEBAMXZ 000000018000f6e0 f i CctCapsuleController.obj
 0001:0000e720       ?getHeight@CapsuleController@Cct@physx@@UEBAMXZ 000000018000f720 f i CctCapsuleController.obj
 0001:0000e740       ?getNonWalkableMode@CapsuleController@Cct@physx@@UEBA?AW4Enum@PxControllerNonWalkableMode@3@XZ 000000018000f740 f i CctCapsuleController.obj
 0001:0000e760       ?getPosition@CapsuleController@Cct@physx@@UEBAAEBUPxExtendedVec3@3@XZ 000000018000f760 f i CctCapsuleController.obj
 0001:0000e780       ?getPxController@CapsuleController@Cct@physx@@UEAAPEAVPxController@3@XZ 000000018000f780 f i CctCapsuleController.obj
 0001:0000e7a0       ?getRadius@CapsuleController@Cct@physx@@UEBAMXZ 000000018000f7a0 f i CctCapsuleController.obj
 0001:0000e7c0       ?getScene@CapsuleController@Cct@physx@@UEAAPEAVPxScene@3@XZ 000000018000f7c0 f i CctCapsuleController.obj
 0001:0000e7e0       ?getSlopeLimit@CapsuleController@Cct@physx@@UEBAMXZ 000000018000f7e0 f i CctCapsuleController.obj
 0001:0000e800       ?getState@CapsuleController@Cct@physx@@UEBAXAEAUPxControllerState@3@@Z 000000018000f800 f i CctCapsuleController.obj
 0001:0000e840       ?getStats@CapsuleController@Cct@physx@@UEBAXAEAUPxControllerStats@3@@Z 000000018000f840 f i CctCapsuleController.obj
 0001:0000e880       ?getStepOffset@CapsuleController@Cct@physx@@UEBAMXZ 000000018000f880 f i CctCapsuleController.obj
 0001:0000e8a0       ?getType@CapsuleController@Cct@physx@@UEBA?AW4Enum@PxControllerShapeType@3@XZ 000000018000f8a0 f i CctCapsuleController.obj
 0001:0000e8c0       ?getUpDirection@CapsuleController@Cct@physx@@UEBA?AVPxVec3@3@XZ 000000018000f8c0 f i CctCapsuleController.obj
 0001:0000e900       ?getUserData@CapsuleController@Cct@physx@@UEBAPEAXXZ 000000018000f900 f i CctCapsuleController.obj
 0001:0000e920       ?release@CapsuleController@Cct@physx@@UEAAXXZ 000000018000f920 f i CctCapsuleController.obj
 0001:0000e950       ?setContactOffset@CapsuleController@Cct@physx@@UEAAXM@Z 000000018000f950 f i CctCapsuleController.obj
 0001:0000e990       ?setNonWalkableMode@CapsuleController@Cct@physx@@UEAAXW4Enum@PxControllerNonWalkableMode@3@@Z 000000018000f990 f i CctCapsuleController.obj
 0001:0000e9b0       ?setPosition@CapsuleController@Cct@physx@@UEAA_NAEBUPxExtendedVec3@3@@Z 000000018000f9b0 f i CctCapsuleController.obj
 0001:0000e9f0       ?setSlopeLimit@CapsuleController@Cct@physx@@UEAAXM@Z 000000018000f9f0 f i CctCapsuleController.obj
 0001:0000ea30       ?setStepOffset@CapsuleController@Cct@physx@@UEAAXM@Z 000000018000fa30 f i CctCapsuleController.obj
 0001:0000ea70       ?setUpDirection@CapsuleController@Cct@physx@@UEAAXAEBVPxVec3@3@@Z 000000018000fa70 f i CctCapsuleController.obj
 0001:0000eab0       ?setUserData@CapsuleController@Cct@physx@@UEAAXPEAX@Z 000000018000fab0 f i CctCapsuleController.obj
 0001:0000ead0       ??0CCTParams@Cct@physx@@QEAA@XZ 000000018000fad0 f   CctCharacterController.obj
 0001:0000eba0       ??0SweepTest@Cct@physx@@QEAA@_N@Z 000000018000fba0 f   CctCharacterController.obj
 0001:0000efd0       ??1SweepTest@Cct@physx@@QEAA@XZ 000000018000ffd0 f   CctCharacterController.obj
 0001:0000f050       ?moveCharacter@SweepTest@Cct@physx@@QEAA?AV?$PxFlags@W4Enum@PxControllerCollisionFlag@physx@@E@3@PEBUInternalCBData_FindTouchedGeom@23@PEAUInternalCBData_OnHit@23@AEAVSweptVolume@23@AEBVPxVec3@3@AEBUUserObstacles@23@MAEBVPxControllerFilters@3@_N6AEAPEBVPxRigidActor@3@AEAPEBVPxShape@3@_K@Z 0000000180010050 f   CctCharacterController.obj
 0001:0000ff90       ?doSweepTest@SweepTest@Cct@physx@@QEAA_NPEBUInternalCBData_FindTouchedGeom@23@PEAUInternalCBData_OnHit@23@AEBUUserObstacles@23@AEAVSweptVolume@23@AEBVPxVec3@3@4IPEAIMAEBVPxControllerFilters@3@W4SweepPass@23@AEAPEBVPxRigidActor@3@AEAPEBVPxShape@3@_K@Z 0000000180010f90 f   CctCharacterController.obj
 0001:00010da0       ?findTouchedObstacles@SweepTest@Cct@physx@@QEAAXAEBUUserObstacles@23@AEBUPxExtendedBounds3@3@@Z 0000000180011da0 f   CctCharacterController.obj
 0001:00011400       ?voidTestCache@SweepTest@Cct@physx@@QEAAXXZ 0000000180012400 f   CctCharacterController.obj
 0001:00011460       ?onRelease@SweepTest@Cct@physx@@QEAAXAEBVPxBase@3@@Z 0000000180012460 f   CctCharacterController.obj
 0001:00011530       ?updateCachedShapesRegistration@SweepTest@Cct@physx@@QEAAXI_N@Z 0000000180012530 f   CctCharacterController.obj
 0001:000116d0       ?onObstacleRemoved@SweepTest@Cct@physx@@QEAAXI@Z 00000001800126d0 f   CctCharacterController.obj
 0001:00011700       ?onObstacleUpdated@SweepTest@Cct@physx@@QEAAXIPEBVPxObstacleContext@3@AEBVPxVec3@3@1M@Z 0000000180012700 f   CctCharacterController.obj
 0001:000118f0       ?onObstacleAdded@SweepTest@Cct@physx@@QEAAXIPEBVPxObstacleContext@3@AEBVPxVec3@3@1M@Z 00000001800128f0 f   CctCharacterController.obj
 0001:00011b10       ?onOriginShift@SweepTest@Cct@physx@@QEAAXAEBVPxVec3@3@@Z 0000000180012b10 f   CctCharacterController.obj
 0001:00011c90       ?updateTouchedGeoms@SweepTest@Cct@physx@@AEAAXPEBUInternalCBData_FindTouchedGeom@23@AEBUUserObstacles@23@AEBUPxExtendedBounds3@3@AEBVPxControllerFilters@3@AEBVPxVec3@3@@Z 0000000180012c90 f   CctCharacterController.obj
 0001:00012630       ?findTouchedObject@Controller@Cct@physx@@IEAAXAEBVPxControllerFilters@3@PEBVPxObstacleContext@3@AEBVPxVec3@3@@Z 0000000180013630 f   CctCharacterController.obj
 0001:00012eb0       ?rideOnTouchedObject@Controller@Cct@physx@@IEAA_NAEAVSweptVolume@23@AEBVPxVec3@3@AEAV53@PEBVPxObstacleContext@3@@Z 0000000180013eb0 f   CctCharacterController.obj
 0001:00013530       ?move@Controller@Cct@physx@@IEAA?AV?$PxFlags@W4Enum@PxControllerCollisionFlag@physx@@E@3@AEAVSweptVolume@23@AEBVPxVec3@3@MMAEBVPxControllerFilters@3@PEBVPxObstacleContext@3@_N@Z 0000000180014530 f   CctCharacterController.obj
 0001:00014c70       ?filterTouchedShape@Controller@Cct@physx@@IEAA_NAEBVPxControllerFilters@3@@Z 0000000180015c70 f   CctCharacterController.obj
 0001:00018330       ?move@BoxController@Cct@physx@@UEAA?AV?$PxFlags@W4Enum@PxControllerCollisionFlag@physx@@E@3@AEBVPxVec3@3@MMAEBVPxControllerFilters@3@PEBVPxObstacleContext@3@@Z 0000000180019330 f   CctCharacterController.obj
 0001:000184b0       ?move@CapsuleController@Cct@physx@@UEAA?AV?$PxFlags@W4Enum@PxControllerCollisionFlag@physx@@E@3@AEBVPxVec3@3@MMAEBVPxControllerFilters@3@PEBVPxObstacleContext@3@@Z 00000001800194b0 f   CctCharacterController.obj
 0001:0001ad40       ??$PX_UNUSED@I@@YAXAEBI@Z  000000018001bd40 f i CctCharacterController.obj
 0001:0001ad50       ??$PX_UNUSED@PEBUPxRaycastHit@physx@@@@YAXAEBQEBUPxRaycastHit@physx@@@Z 000000018001bd50 f i CctCharacterController.obj
 0001:0001ad60       ??$PX_UNUSED@W4PxIDENTITY@physx@@@@YAXAEBW4PxIDENTITY@physx@@@Z 000000018001bd60 f i CctCharacterController.obj
 0001:0001ad70       ??$PX_UNUSED@_K@@YAXAEB_K@Z 000000018001bd70 f i CctCharacterController.obj
 0001:0001ad80       ??$PxMax@I@physx@@YAIII@Z  000000018001bd80 f i CctCharacterController.obj
 0001:0001adc0       ??$PxMax@N@physx@@YANNN@Z  000000018001bdc0 f i CctCharacterController.obj
 0001:0001ae10       ??$PxMin@N@physx@@YANNN@Z  000000018001be10 f i CctCharacterController.obj
 0001:0001ae60       ??$PxUnionCast@PEBVPxGeometry@physx@@PEAY03$$CBE@physx@@YAPEBVPxGeometry@0@PEAY03$$CBE@Z 000000018001be60 f i CctCharacterController.obj
 0001:0001ae90       ??0?$Array@IVNamedAllocator@shdfnd@physx@@@shdfnd@physx@@QEAA@AEBVNamedAllocator@12@@Z 000000018001be90 f i CctCharacterController.obj
 0001:0001aef0       ??0?$Array@VPxTriangle@physx@@VNamedAllocator@shdfnd@2@@shdfnd@physx@@QEAA@AEBVNamedAllocator@12@@Z 000000018001bef0 f i CctCharacterController.obj
 0001:0001af50       ??0?$PxFlags@W4Enum@PxControllerCollisionFlag@physx@@E@physx@@QEAA@AEBV01@@Z 000000018001bf50 f i CctCharacterController.obj
 0001:0001af80       ??0?$PxFlags@W4Enum@PxControllerCollisionFlag@physx@@E@physx@@QEAA@E@Z 000000018001bf80 f i CctCharacterController.obj
 0001:0001afb0       ??0?$PxFlags@W4Enum@PxHitFlag@physx@@G@physx@@QEAA@AEBV01@@Z 000000018001bfb0 f i CctCharacterController.obj
 0001:0001afe0       ??0?$PxFlags@W4Enum@PxHitFlag@physx@@G@physx@@QEAA@G@Z 000000018001bfe0 f i CctCharacterController.obj
 0001:0001b010       ??0?$PxFlags@W4Enum@PxHitFlag@physx@@G@physx@@QEAA@W4Enum@PxHitFlag@1@@Z 000000018001c010 f i CctCharacterController.obj
 0001:0001b040       ??0?$PxFlags@W4Enum@PxQueryFlag@physx@@G@physx@@QEAA@AEBV01@@Z 000000018001c040 f i CctCharacterController.obj
 0001:0001b070       ??0?$PxFlags@W4Enum@PxQueryFlag@physx@@G@physx@@QEAA@W4Enum@PxQueryFlag@1@@Z 000000018001c070 f i CctCharacterController.obj
 0001:0001b0a0       ??0?$PxFlags@W4Enum@PxQueryFlag@physx@@G@physx@@QEAA@XZ 000000018001c0a0 f i CctCharacterController.obj
 0001:0001b0c0       ??0?$PxFlags@W4Enum@PxRigidBodyFlag@physx@@E@physx@@QEAA@AEBV01@@Z 000000018001c0c0 f i CctCharacterController.obj
 0001:0001b0f0       ??0?$PxFlags@W4Enum@PxShapeFlag@physx@@E@physx@@QEAA@AEBV01@@Z 000000018001c0f0 f i CctCharacterController.obj
 0001:0001b120       ??0?$PxHitBuffer@UPxRaycastHit@physx@@@physx@@QEAA@PEAUPxRaycastHit@1@I@Z 000000018001c120 f i CctCharacterController.obj
 0001:0001b170       ??0?$PxHitCallback@UPxRaycastHit@physx@@@physx@@QEAA@PEAUPxRaycastHit@1@I@Z 000000018001c170 f i CctCharacterController.obj
 0001:0001b200       ??0?$TouchedObject@VPxRigidActor@physx@@@Cct@physx@@QEAA@_N@Z 000000018001c200 f i CctCharacterController.obj
 0001:0001b250       ??0?$TouchedObject@VPxShape@physx@@@Cct@physx@@QEAA@_N@Z 000000018001c250 f i CctCharacterController.obj
 0001:0001b2d0       ??0CCTFilter@Cct@physx@@QEAA@XZ 000000018001c2d0 f i CctCharacterController.obj
 0001:0001b340       ??0ControllerFilter@@QEAA@XZ 000000018001c340 f i CctCharacterController.obj
 0001:0001b390       ??0DebugBox@Cm@physx@@QEAA@AEBVPxBounds3@2@_N@Z 000000018001c390 f i CctCharacterController.obj
 0001:0001b400       ??0DebugBox@Cm@physx@@QEAA@AEBVPxVec3@2@_N@Z 000000018001c400 f i CctCharacterController.obj
 0001:0001b470       ??0PxActorShape@physx@@QEAA@XZ 000000018001c470 f i CctCharacterController.obj
 0001:0001b4a0       ??0PxBounds3@physx@@QEAA@AEBVPxVec3@1@0@Z 000000018001c4a0 f i CctCharacterController.obj
 0001:0001b500       ??0PxBoxGeometry@physx@@QEAA@VPxVec3@1@@Z 000000018001c500 f i CctCharacterController.obj
 0001:0001b550       ??0PxCapsuleGeometry@physx@@QEAA@MM@Z 000000018001c550 f i CctCharacterController.obj
 0001:0001b5c0       ??0PxExtendedBox@physx@@QEAA@AEBV01@@Z 000000018001c5c0 f i CctCharacterController.obj
 0001:0001b640       ??0PxExtendedBox@physx@@QEAA@XZ 000000018001c640 f i CctCharacterController.obj
 0001:0001b6a0       ??0PxExtendedCapsule@physx@@QEAA@XZ 000000018001c6a0 f i CctCharacterController.obj
 0001:0001b6d0       ??0PxExtendedSegment@physx@@QEAA@XZ 000000018001c6d0 f i CctCharacterController.obj
 0001:0001b710       ??0PxFilterData@physx@@QEAA@XZ 000000018001c710 f i CctCharacterController.obj
 0001:0001b760       ??0PxLocationHit@physx@@QEAA@XZ 000000018001c760 f i CctCharacterController.obj
 0001:0001b7f0       ??0PxMat33@physx@@QEAA@AEBVPxQuat@1@@Z 000000018001c7f0 f i CctCharacterController.obj
 0001:0001bb30       ??0PxMat33@physx@@QEAA@W4PxIDENTITY@1@@Z 000000018001cb30 f i CctCharacterController.obj
 0001:0001bbd0       ??0PxMat44@physx@@QEAA@AEBVPxMat33@1@AEBVPxVec3@1@@Z 000000018001cbd0 f i CctCharacterController.obj
 0001:0001bc80       ??0PxMat44@physx@@QEAA@AEBVPxTransform@1@@Z 000000018001cc80 f i CctCharacterController.obj
 0001:0001bd70       ??0PxProfileScoped@physx@@QEAA@PEBD_N_K@Z 000000018001cd70 f i CctCharacterController.obj
 0001:0001be40       ??0PxQuat@physx@@QEAA@AEBV01@@Z 000000018001ce40 f i CctCharacterController.obj
 0001:0001bec0       ??0PxQuat@physx@@QEAA@MMMM@Z 000000018001cec0 f i CctCharacterController.obj
 0001:0001bf40       ??0PxQuat@physx@@QEAA@W4PxIDENTITY@1@@Z 000000018001cf40 f i CctCharacterController.obj
 0001:0001bfb0       ??0PxQuat@physx@@QEAA@XZ   000000018001cfb0 f i CctCharacterController.obj
 0001:0001bfc0       ??0PxQueryFilterCallback@physx@@QEAA@XZ 000000018001cfc0 f i CctCharacterController.obj
 0001:0001bfe0       ??0PxQueryFilterData@physx@@QEAA@AEBUPxFilterData@1@V?$PxFlags@W4Enum@PxQueryFlag@physx@@G@1@@Z 000000018001cfe0 f i CctCharacterController.obj
 0001:0001c050       ??0PxQueryHit@physx@@QEAA@XZ 000000018001d050 f i CctCharacterController.obj
 0001:0001c090       ??0PxRaycastHit@physx@@QEAA@XZ 000000018001d090 f i CctCharacterController.obj
 0001:0001c0e0       ??0PxSphereGeometry@physx@@QEAA@XZ 000000018001d0e0 f i CctCharacterController.obj
 0001:0001c120       ??0PxSweepHit@physx@@QEAA@XZ 000000018001d120 f i CctCharacterController.obj
 0001:0001c150       ??0PxTransform@physx@@QEAA@AEBVPxVec3@1@AEBVPxQuat@1@@Z 000000018001d150 f i CctCharacterController.obj
 0001:0001c220       ??0PxTransform@physx@@QEAA@XZ 000000018001d220 f i CctCharacterController.obj
 0001:0001c260       ??0PxVec3@physx@@QEAA@M@Z  000000018001d260 f i CctCharacterController.obj
 0001:0001c2b0       ??0PxVec3@physx@@QEAA@XZ   000000018001d2b0 f i CctCharacterController.obj
 0001:0001c2c0       ??0PxVec4@physx@@QEAA@AEBVPxVec3@1@M@Z 000000018001d2c0 f i CctCharacterController.obj
 0001:0001c340       ??0PxVec4@physx@@QEAA@XZ   000000018001d340 f i CctCharacterController.obj
 0001:0001c350       ??0SIMDGuard@shdfnd@physx@@QEAA@XZ 000000018001d350 f i CctCharacterController.obj
 0001:0001c390       ??0SweptContact@Cct@physx@@QEAA@XZ 000000018001d390 f i CctCharacterController.obj
 0001:0001c3d0       ??0TriArray@Cct@physx@@QEAA@XZ 000000018001d3d0 f i CctCharacterController.obj
 0001:0001c420       ??1?$Array@IVNamedAllocator@shdfnd@physx@@@shdfnd@physx@@QEAA@XZ 000000018001d420 f i CctCharacterController.obj
 0001:0001c4b0       ??1?$Array@VPxTriangle@physx@@VNamedAllocator@shdfnd@2@@shdfnd@physx@@QEAA@XZ 000000018001d4b0 f i CctCharacterController.obj
 0001:0001c540       ??1?$PxHitBuffer@UPxRaycastHit@physx@@@physx@@UEAA@XZ 000000018001d540 f i CctCharacterController.obj
 0001:0001c570       ??1?$PxHitCallback@UPxRaycastHit@physx@@@physx@@UEAA@XZ 000000018001d570 f i CctCharacterController.obj
 0001:0001c590       ??1ControllerFilter@@UEAA@XZ 000000018001d590 f i CctCharacterController.obj
 0001:0001c5b0       ??1PxExtendedBox@physx@@QEAA@XZ 000000018001d5b0 f i CctCharacterController.obj
 0001:0001c5c0       ??1PxProfileScoped@physx@@QEAA@XZ 000000018001d5c0 f i CctCharacterController.obj
 0001:0001c630       ??1PxQueryFilterCallback@physx@@UEAA@XZ 000000018001d630 f i CctCharacterController.obj
 0001:0001c650       ??1PxTriangle@physx@@QEAA@XZ 000000018001d650 f i CctCharacterController.obj
 0001:0001c660       ??1SIMDGuard@shdfnd@physx@@QEAA@XZ 000000018001d660 f i CctCharacterController.obj
 0001:0001c690       ??1TriArray@Cct@physx@@QEAA@XZ 000000018001d690 f i CctCharacterController.obj
 0001:0001c6b0       ??2@YAPEAX_KPEAX@Z         000000018001d6b0 f i CctCharacterController.obj
 0001:0001c6d0       ??4?$PxFlags@W4Enum@PxControllerCollisionFlag@physx@@E@physx@@QEAAAEAV01@AEBV01@@Z 000000018001d6d0 f i CctCharacterController.obj
 0001:0001c700       ??4?$PxFlags@W4Enum@PxHitFlag@physx@@G@physx@@QEAAAEAV01@AEBV01@@Z 000000018001d700 f i CctCharacterController.obj
 0001:0001c730       ??4?$PxFlags@W4Enum@PxQueryFlag@physx@@G@physx@@QEAAAEAV01@AEBV01@@Z 000000018001d730 f i CctCharacterController.obj
 0001:0001c760       ??4?$TouchedObject@VPxRigidActor@physx@@@Cct@physx@@QEAAAEAU012@PEBVPxRigidActor@2@@Z 000000018001d760 f i CctCharacterController.obj
 0001:0001c800       ??4?$TouchedObject@VPxShape@physx@@@Cct@physx@@QEAAAEAU012@PEBVPxShape@2@@Z 000000018001d800 f i CctCharacterController.obj
 0001:0001c8a0       ??4CCTParams@Cct@physx@@QEAAAEAU012@AEBU012@@Z 000000018001d8a0 f i CctCharacterController.obj
 0001:0001ca10       ??4FPUGuard@shdfnd@physx@@QEAAAEAV012@AEBV012@@Z 000000018001da10 f i CctCharacterController.obj
 0001:0001ca40       ??4PxExtendedBox@physx@@QEAAAEAV01@AEBV01@@Z 000000018001da40 f i CctCharacterController.obj
 0001:0001cac0       ??4PxLocationHit@physx@@QEAAAEAU01@AEBU01@@Z 000000018001dac0 f i CctCharacterController.obj
 0001:0001cb80       ??4PxMat44@physx@@QEAAAEAV01@AEBV01@@Z 000000018001db80 f i CctCharacterController.obj
 0001:0001cc20       ??4PxRaycastHit@physx@@QEAAAEAU01@AEBU01@@Z 000000018001dc20 f i CctCharacterController.obj
 0001:0001cc90       ??4PxTransform@physx@@QEAAAEAV01@$$QEAV01@@Z 000000018001dc90 f i CctCharacterController.obj
 0001:0001ccf0       ??4PxVec4@physx@@QEAAAEAV01@AEBV01@@Z 000000018001dcf0 f i CctCharacterController.obj
 0001:0001cd70       ??4SweptContact@Cct@physx@@QEAAAEAU012@AEBU012@@Z 000000018001dd70 f i CctCharacterController.obj
 0001:0001ce20       ??8?$TouchedObject@VPxRigidActor@physx@@@Cct@physx@@QEAA_NPEBVPxBase@2@@Z 000000018001de20 f i CctCharacterController.obj
 0001:0001ce70       ??8?$TouchedObject@VPxShape@physx@@@Cct@physx@@QEAA_NPEBVPxBase@2@@Z 000000018001de70 f i CctCharacterController.obj
 0001:0001cec0       ??8?$TouchedObject@VPxShape@physx@@@Cct@physx@@QEAA_NPEBVPxShape@2@@Z 000000018001dec0 f i CctCharacterController.obj
 0001:0001cf10       ??A?$Array@IVNamedAllocator@shdfnd@physx@@@shdfnd@physx@@QEAAAEAII@Z 000000018001df10 f i CctCharacterController.obj
 0001:0001cfb0       ??A?$Array@IVNamedAllocator@shdfnd@physx@@@shdfnd@physx@@QEBAAEBII@Z 000000018001dfb0 f i CctCharacterController.obj
 0001:0001d050       ??A?$Array@UInternalBoxObstacle@ObstacleContext@Cct@physx@@VNamedAllocator@shdfnd@4@@shdfnd@physx@@QEBAAEBUInternalBoxObstacle@ObstacleContext@Cct@2@I@Z 000000018001e050 f i CctCharacterController.obj
 0001:0001d0f0       ??A?$Array@UInternalCapsuleObstacle@ObstacleContext@Cct@physx@@VNamedAllocator@shdfnd@4@@shdfnd@physx@@QEBAAEBUInternalCapsuleObstacle@ObstacleContext@Cct@2@I@Z 000000018001e0f0 f i CctCharacterController.obj
 0001:0001d190       ??A?$Array@VPxTriangle@physx@@VNamedAllocator@shdfnd@2@@shdfnd@physx@@QEBAAEBVPxTriangle@2@I@Z 000000018001e190 f i CctCharacterController.obj
 0001:0001d230       ??B?$PxFlags@W4Enum@PxControllerBehaviorFlag@physx@@E@physx@@QEBAIXZ 000000018001e230 f i CctCharacterController.obj
 0001:0001d250       ??B?$PxFlags@W4Enum@PxControllerDebugRenderFlag@physx@@I@physx@@QEBAIXZ 000000018001e250 f i CctCharacterController.obj
 0001:0001d260       ??B?$PxFlags@W4Enum@PxQueryFlag@physx@@G@physx@@QEBA_NXZ 000000018001e260 f i CctCharacterController.obj
 0001:0001d2a0       ??B?$PxFlags@W4Enum@PxRigidBodyFlag@physx@@E@physx@@QEBA_NXZ 000000018001e2a0 f i CctCharacterController.obj
 0001:0001d2e0       ??B?$PxFlags@W4Enum@PxShapeFlag@physx@@E@physx@@QEBA_NXZ 000000018001e2e0 f i CctCharacterController.obj
 0001:0001d320       ??B?$TouchedObject@VPxRigidActor@physx@@@Cct@physx@@QEBA_NXZ 000000018001e320 f i CctCharacterController.obj
 0001:0001d360       ??B?$TouchedObject@VPxShape@physx@@@Cct@physx@@QEBA_NXZ 000000018001e360 f i CctCharacterController.obj
 0001:0001d3a0       ??C?$TouchedObject@VPxRigidActor@physx@@@Cct@physx@@QEBAPEBVPxRigidActor@2@XZ 000000018001e3a0 f i CctCharacterController.obj
 0001:0001d3c0       ??C?$TouchedObject@VPxShape@physx@@@Cct@physx@@QEBAPEBVPxShape@2@XZ 000000018001e3c0 f i CctCharacterController.obj
 0001:0001d3e0       ??DPxQuat@physx@@QEBA?AV01@AEBV01@@Z 000000018001e3e0 f i CctCharacterController.obj
 0001:0001d5f0       ??DPxTransform@physx@@QEBA?AV01@AEBV01@@Z 000000018001e5f0 f i CctCharacterController.obj
 0001:0001d6a0       ??GPxVec3@physx@@QEBA?AV01@AEBV01@@Z 000000018001e6a0 f i CctCharacterController.obj
 0001:0001d740       ??GPxVec3@physx@@QEBA?AV01@XZ 000000018001e740 f i CctCharacterController.obj
 0001:0001d7d0       ??HPxVec3@physx@@QEBA?AV01@AEBV01@@Z 000000018001e7d0 f i CctCharacterController.obj
 0001:0001d870       ??I?$PxFlags@W4Enum@PxQueryFlag@physx@@G@physx@@QEBA?AV01@W4Enum@PxQueryFlag@1@@Z 000000018001e870 f i CctCharacterController.obj
 0001:0001d8e0       ??I?$PxFlags@W4Enum@PxRigidBodyFlag@physx@@E@physx@@QEBA?AV01@W4Enum@PxRigidBodyFlag@1@@Z 000000018001e8e0 f i CctCharacterController.obj
 0001:0001d940       ??I?$PxFlags@W4Enum@PxShapeFlag@physx@@E@physx@@QEBA?AV01@W4Enum@PxShapeFlag@1@@Z 000000018001e940 f i CctCharacterController.obj
 0001:0001d9a0       ??R?$Hash@PEAVPxShape@physx@@@shdfnd@physx@@QEBAIAEBQEAVPxShape@2@@Z 000000018001e9a0 f i CctCharacterController.obj
 0001:0001d9d0       ??RGetKey@?$HashSetBase@PEAVPxShape@physx@@U?$Hash@PEAVPxShape@physx@@@shdfnd@2@VNonTrackingAllocator@42@$0A@@internal@shdfnd@physx@@QEAAAEBQEAVPxShape@4@AEBQEAV54@@Z 000000018001e9d0 f i CctCharacterController.obj
 0001:0001d9f0       ??U?$PxFlags@W4Enum@PxQueryFlag@physx@@G@physx@@QEBA?AV01@W4Enum@PxQueryFlag@1@@Z 000000018001e9f0 f i CctCharacterController.obj
 0001:0001da50       ??Uphysx@@YA?AV?$PxFlags@W4Enum@PxQueryFlag@physx@@G@0@W4Enum@PxQueryFlag@0@0@Z 000000018001ea50 f i CctCharacterController.obj
 0001:0001dab0       ??YPxVec3@physx@@QEAAAEAV01@AEBV01@@Z 000000018001eab0 f i CctCharacterController.obj
 0001:0001db30       ??ZPxVec3@physx@@QEAAAEAV01@AEBV01@@Z 000000018001eb30 f i CctCharacterController.obj
 0001:0001dbb0       ??_0PxVec3@physx@@QEAAAEAV01@M@Z 000000018001ebb0 f i CctCharacterController.obj
 0001:0001dc40       ??_5?$PxFlags@W4Enum@PxControllerCollisionFlag@physx@@E@physx@@QEAAAEAV01@W4Enum@PxControllerCollisionFlag@1@@Z 000000018001ec40 f i CctCharacterController.obj
 0001:0001dc70       ??_5?$PxFlags@W4Enum@PxHitFlag@physx@@G@physx@@QEAAAEAV01@W4Enum@PxHitFlag@1@@Z 000000018001ec70 f i CctCharacterController.obj
 0001:0001dcb0       ??_5?$PxFlags@W4Enum@PxQueryFlag@physx@@G@physx@@QEAAAEAV01@W4Enum@PxQueryFlag@1@@Z 000000018001ecb0 f i CctCharacterController.obj
 0001:0001dcf0       ??_E?$PxHitBuffer@UPxRaycastHit@physx@@@physx@@UEAAPEAXI@Z 000000018001ecf0 f i CctCharacterController.obj
 0001:0001dcf0       ??_G?$PxHitBuffer@UPxRaycastHit@physx@@@physx@@UEAAPEAXI@Z 000000018001ecf0 f i CctCharacterController.obj
 0001:0001dd40       ??_G?$PxHitCallback@UPxRaycastHit@physx@@@physx@@UEAAPEAXI@Z 000000018001ed40 f i CctCharacterController.obj
 0001:0001dd40       ??_E?$PxHitCallback@UPxRaycastHit@physx@@@physx@@UEAAPEAXI@Z 000000018001ed40 f i CctCharacterController.obj
 0001:0001dd90       ??_GControllerFilter@@UEAAPEAXI@Z 000000018001ed90 f i CctCharacterController.obj
 0001:0001dd90       ??_EControllerFilter@@UEAAPEAXI@Z 000000018001ed90 f i CctCharacterController.obj
 0001:0001dde0       ??_GPxExtendedBox@physx@@QEAAPEAXI@Z 000000018001ede0 f i CctCharacterController.obj
 0001:0001de30       ??_EPxQueryFilterCallback@physx@@UEAAPEAXI@Z 000000018001ee30 f i CctCharacterController.obj
 0001:0001de30       ??_GPxQueryFilterCallback@physx@@UEAAPEAXI@Z 000000018001ee30 f i CctCharacterController.obj
 0001:0001de80       ??_GPxTriangle@physx@@QEAAPEAXI@Z 000000018001ee80 f i CctCharacterController.obj
 0001:0001ded0       ?PxAbs@physx@@YAMM@Z       000000018001eed0 f i CctCharacterController.obj
 0001:0001def0       ?PxIsFinite@physx@@YA_NM@Z 000000018001eef0 f i CctCharacterController.obj
 0001:0001df10       ?PxRecipSqrt@physx@@YAMM@Z 000000018001ef10 f i CctCharacterController.obj
 0001:0001df30       ?PxSqrt@physx@@YAMM@Z      000000018001ef30 f i CctCharacterController.obj
 0001:0001df50       ?abs@intrinsics@physx@@YAMM@Z 000000018001ef50 f i CctCharacterController.obj
 0001:0001df70       ?add@physx@@YAXAEAUPxExtendedBounds3@1@AEBU21@@Z 000000018001ef70 f i CctCharacterController.obj
 0001:0001dfc0       ?allocate@?$Array@IVNamedAllocator@shdfnd@physx@@@shdfnd@physx@@IEAAPEAII@Z 000000018001efc0 f i CctCharacterController.obj
 0001:0001e070       ?allocate@?$Array@PEBXVNamedAllocator@shdfnd@physx@@@shdfnd@physx@@IEAAPEAPEBXI@Z 000000018001f070 f i CctCharacterController.obj
 0001:0001e120       ?allocate@?$Array@UPxExtendedCapsule@physx@@VNamedAllocator@shdfnd@2@@shdfnd@physx@@IEAAPEAUPxExtendedCapsule@3@I@Z 000000018001f120 f i CctCharacterController.obj
 0001:0001e1d0       ?allocate@?$Array@VPxExtendedBox@physx@@VNamedAllocator@shdfnd@2@@shdfnd@physx@@IEAAPEAVPxExtendedBox@3@I@Z 000000018001f1d0 f i CctCharacterController.obj
 0001:0001e280       ?any@PxGeometryHolder@physx@@QEBAAEBVPxGeometry@2@XZ 000000018001f280 f i CctCharacterController.obj
 0001:0001e2b0       ?begin@?$Array@IVNamedAllocator@shdfnd@physx@@@shdfnd@physx@@QEAAPEAIXZ 000000018001f2b0 f i CctCharacterController.obj
 0001:0001e2d0       ?begin@?$Array@IVNamedAllocator@shdfnd@physx@@@shdfnd@physx@@QEBAPEBIXZ 000000018001f2d0 f i CctCharacterController.obj
 0001:0001e2f0       ?begin@?$Array@PEBXVNamedAllocator@shdfnd@physx@@@shdfnd@physx@@QEAAPEAPEBXXZ 000000018001f2f0 f i CctCharacterController.obj
 0001:0001e310       ?begin@?$Array@UPxExtendedCapsule@physx@@VNamedAllocator@shdfnd@2@@shdfnd@physx@@QEAAPEAUPxExtendedCapsule@3@XZ 000000018001f310 f i CctCharacterController.obj
 0001:0001e330       ?begin@?$Array@VPxExtendedBox@physx@@VNamedAllocator@shdfnd@2@@shdfnd@physx@@QEAAPEAVPxExtendedBox@3@XZ 000000018001f330 f i CctCharacterController.obj
 0001:0001e350       ?capacity@?$Array@IVNamedAllocator@shdfnd@physx@@@shdfnd@physx@@QEBAIXZ 000000018001f350 f i CctCharacterController.obj
 0001:0001e370       ?capacity@?$Array@PEBXVNamedAllocator@shdfnd@physx@@@shdfnd@physx@@QEBAIXZ 000000018001f370 f i CctCharacterController.obj
 0001:0001e390       ?capacity@?$Array@UPxExtendedCapsule@physx@@VNamedAllocator@shdfnd@2@@shdfnd@physx@@QEBAIXZ 000000018001f390 f i CctCharacterController.obj
 0001:0001e3b0       ?capacity@?$Array@VPxExtendedBox@physx@@VNamedAllocator@shdfnd@2@@shdfnd@physx@@QEBAIXZ 000000018001f3b0 f i CctCharacterController.obj
 0001:0001e3d0       ?capacity@?$Array@VPxTriangle@physx@@VNamedAllocator@shdfnd@2@@shdfnd@physx@@QEBAIXZ 000000018001f3d0 f i CctCharacterController.obj
 0001:0001e3f0       ?capacityIncrement@?$Array@PEBXVNamedAllocator@shdfnd@physx@@@shdfnd@physx@@IEBAIXZ 000000018001f3f0 f i CctCharacterController.obj
 0001:0001e440       ?capacityIncrement@?$Array@UPxExtendedCapsule@physx@@VNamedAllocator@shdfnd@2@@shdfnd@physx@@IEBAIXZ 000000018001f440 f i CctCharacterController.obj
 0001:0001e490       ?capacityIncrement@?$Array@VPxExtendedBox@physx@@VNamedAllocator@shdfnd@2@@shdfnd@physx@@IEBAIXZ 000000018001f490 f i CctCharacterController.obj
 0001:0001e4e0       ?clear@?$Array@IVNamedAllocator@shdfnd@physx@@@shdfnd@physx@@QEAAXXZ 000000018001f4e0 f i CctCharacterController.obj
 0001:0001e530       ?clear@?$Array@VPxTriangle@physx@@VNamedAllocator@shdfnd@2@@shdfnd@physx@@QEAAXXZ 000000018001f530 f i CctCharacterController.obj
 0001:0001e580       ?clear@TriArray@Cct@physx@@QEAAXXZ 000000018001f580 f i CctCharacterController.obj
 0001:0001e5a0       ?computeTimeCoeff@Controller@Cct@physx@@IEAAMXZ 000000018001f5a0 f i CctCharacterController.obj
 0001:0001e610       ?contains@?$HashSetBase@PEAVPxShape@physx@@U?$Hash@PEAVPxShape@physx@@@shdfnd@2@VNonTrackingAllocator@42@$0A@@internal@shdfnd@physx@@QEBA_NAEBQEAVPxShape@4@@Z 000000018001f610 f i CctCharacterController.obj
 0001:0001e670       ?copy@?$Array@IVNamedAllocator@shdfnd@physx@@@shdfnd@physx@@KAXPEAI0PEBI@Z 000000018001f670 f i CctCharacterController.obj
 0001:0001e750       ?copy@?$Array@PEBXVNamedAllocator@shdfnd@physx@@@shdfnd@physx@@KAXPEAPEBX0PEBQEBX@Z 000000018001f750 f i CctCharacterController.obj
 0001:0001e830       ?copy@?$Array@UPxExtendedCapsule@physx@@VNamedAllocator@shdfnd@2@@shdfnd@physx@@KAXPEAUPxExtendedCapsule@3@0PEBU43@@Z 000000018001f830 f i CctCharacterController.obj
 0001:0001e920       ?copy@?$Array@VPxExtendedBox@physx@@VNamedAllocator@shdfnd@2@@shdfnd@physx@@KAXPEAVPxExtendedBox@3@0PEBV43@@Z 000000018001f920 f i CctCharacterController.obj
 0001:0001ea10       ?cross@PxVec3@physx@@QEBA?AV12@AEBV12@@Z 000000018001fa10 f i CctCharacterController.obj
 0001:0001eb00       ?deallocate@?$Array@IVNamedAllocator@shdfnd@physx@@@shdfnd@physx@@IEAAXPEAX@Z 000000018001fb00 f i CctCharacterController.obj
 0001:0001eb30       ?deallocate@?$Array@PEBXVNamedAllocator@shdfnd@physx@@@shdfnd@physx@@IEAAXPEAX@Z 000000018001fb30 f i CctCharacterController.obj
 0001:0001eb60       ?deallocate@?$Array@UPxExtendedCapsule@physx@@VNamedAllocator@shdfnd@2@@shdfnd@physx@@IEAAXPEAX@Z 000000018001fb60 f i CctCharacterController.obj
 0001:0001eb90       ?deallocate@?$Array@VPxExtendedBox@physx@@VNamedAllocator@shdfnd@2@@shdfnd@physx@@IEAAXPEAX@Z 000000018001fb90 f i CctCharacterController.obj
 0001:0001ebc0       ?deallocate@?$Array@VPxTriangle@physx@@VNamedAllocator@shdfnd@2@@shdfnd@physx@@IEAAXPEAX@Z 000000018001fbc0 f i CctCharacterController.obj
 0001:0001ebf0       ?decomposeVector@shdfnd@physx@@YAXAEAVPxVec3@2@0AEBV32@1@Z 000000018001fbf0 f i CctCharacterController.obj
 0001:0001ec80       ?destroy@?$Array@IVNamedAllocator@shdfnd@physx@@@shdfnd@physx@@KAXPEAI0@Z 000000018001fc80 f i CctCharacterController.obj
 0001:0001ecd0       ?destroy@?$Array@PEBXVNamedAllocator@shdfnd@physx@@@shdfnd@physx@@KAXPEAPEBX0@Z 000000018001fcd0 f i CctCharacterController.obj
 0001:0001ed20       ?destroy@?$Array@UPxExtendedCapsule@physx@@VNamedAllocator@shdfnd@2@@shdfnd@physx@@KAXPEAUPxExtendedCapsule@3@0@Z 000000018001fd20 f i CctCharacterController.obj
 0001:0001ed70       ?destroy@?$Array@VPxExtendedBox@physx@@VNamedAllocator@shdfnd@2@@shdfnd@physx@@KAXPEAVPxExtendedBox@3@0@Z 000000018001fd70 f i CctCharacterController.obj
 0001:0001edd0       ?destroy@?$Array@VPxTriangle@physx@@VNamedAllocator@shdfnd@2@@shdfnd@physx@@KAXPEAVPxTriangle@3@0@Z 000000018001fdd0 f i CctCharacterController.obj
 0001:0001ee30       ?dot@PxExtendedVec3@physx@@QEBANAEBVPxVec3@2@@Z 000000018001fe30 f i CctCharacterController.obj
 0001:0001eeb0       ?dot@PxVec3@physx@@QEBAMAEBV12@@Z 000000018001feb0 f i CctCharacterController.obj
 0001:0001ef10       ?encodeUserObject@Cct@physx@@YAIIW4UserObjectType@12@@Z 000000018001ff10 f i CctCharacterController.obj
 0001:0001f000       ?end@?$Array@IVNamedAllocator@shdfnd@physx@@@shdfnd@physx@@QEAAPEAIXZ 0000000180020000 f i CctCharacterController.obj
 0001:0001f020       ?end@?$Array@IVNamedAllocator@shdfnd@physx@@@shdfnd@physx@@QEBAPEBIXZ 0000000180020020 f i CctCharacterController.obj
 0001:0001f040       ?equal@?$Hash@PEAVPxShape@physx@@@shdfnd@physx@@QEBA_NAEBQEAVPxShape@3@0@Z 0000000180020040 f i CctCharacterController.obj
 0001:0001f090       ?finalizeQuery@?$PxHitCallback@UPxRaycastHit@physx@@@physx@@UEAAXXZ 0000000180020090 f i CctCharacterController.obj
 0001:0001f0a0       ?find@?$HashBase@PEAVPxShape@physx@@PEAV12@U?$Hash@PEAVPxShape@physx@@@shdfnd@2@UGetKey@?$HashSetBase@PEAVPxShape@physx@@U?$Hash@PEAVPxShape@physx@@@shdfnd@2@VNonTrackingAllocator@42@$0A@@internal@42@VNonTrackingAllocator@42@$0A@@internal@shdfnd@physx@@QEBAPEBQEAVPxShape@4@AEBQEAV54@@Z 00000001800200a0 f i CctCharacterController.obj
 0001:0001f1a0       ?forceSize_Unsafe@?$Array@IVNamedAllocator@shdfnd@physx@@@shdfnd@physx@@QEAAXI@Z 00000001800201a0 f i CctCharacterController.obj
 0001:0001f230       ?forceSize_Unsafe@?$Array@VPxTriangle@physx@@VNamedAllocator@shdfnd@2@@shdfnd@physx@@QEAAXI@Z 0000000180020230 f i CctCharacterController.obj
 0001:0001f2c0       ?forceSize_Unsafe@TriArray@Cct@physx@@QEAAXI@Z 00000001800202c0 f i CctCharacterController.obj
 0001:0001f2f0       ?get@?$TouchedObject@VPxRigidActor@physx@@@Cct@physx@@QEBAPEBVPxRigidActor@3@XZ 00000001800202f0 f i CctCharacterController.obj
 0001:0001f310       ?get@?$TouchedObject@VPxShape@physx@@@Cct@physx@@QEBAPEBVPxShape@3@XZ 0000000180020310 f i CctCharacterController.obj
 0001:0001f330       ?getAnyHit@?$PxHitBuffer@UPxRaycastHit@physx@@@physx@@QEBAAEBUPxRaycastHit@2@I@Z 0000000180020330 f i CctCharacterController.obj
 0001:0001f420       ?getBasisVector0@PxQuat@physx@@QEBA?AVPxVec3@2@XZ 0000000180020420 f i CctCharacterController.obj
 0001:0001f540       ?getCenter@PxBounds3@physx@@QEBA?AVPxVec3@2@XZ 0000000180020540 f i CctCharacterController.obj
 0001:0001f610       ?getConcreteType@PxBase@physx@@QEBAGXZ 0000000180020610 f i CctCharacterController.obj
 0001:0001f630       ?getContextId@Controller@Cct@physx@@QEBA_KXZ 0000000180020630 f i CctCharacterController.obj
 0001:0001f650       ?getDimensions@PxBounds3@physx@@QEBA?AVPxVec3@2@XZ 0000000180020650 f i CctCharacterController.obj
 0001:0001f700       ?getExtents@PxBounds3@physx@@QEBA?AVPxVec3@2@XZ 0000000180020700 f i CctCharacterController.obj
 0001:0001f7c0       ?getGlobalPose@PxShapeExt@physx@@SA?AVPxTransform@2@AEBVPxShape@2@AEBVPxRigidActor@2@@Z 00000001800207c0 f i CctCharacterController.obj
 0001:0001f870       ?getNbTouches@?$PxHitBuffer@UPxRaycastHit@physx@@@physx@@QEBAIXZ 0000000180020870 f i CctCharacterController.obj
 0001:0001f890       ?getNormalized@PxVec3@physx@@QEBA?AV12@XZ 0000000180020890 f i CctCharacterController.obj
 0001:0001f940       ?getShapeGlobalPose@physx@@YA?AVPxTransform@1@AEBVPxShape@1@AEBVPxRigidActor@1@@Z 0000000180020940 f i CctCharacterController.obj
 0001:0001f980       ?getTouches@?$PxHitBuffer@UPxRaycastHit@physx@@@physx@@QEBAPEBUPxRaycastHit@2@XZ 0000000180020980 f i CctCharacterController.obj
 0001:0001f9a0       ?getTriangle@TriArray@Cct@physx@@QEBAAEBVPxTriangle@3@I@Z 00000001800209a0 f i CctCharacterController.obj
 0001:0001f9d0       ?getType@SweptVolume@Cct@physx@@QEBA?AW4Enum@SweptVolumeType@23@XZ 00000001800209d0 f i CctCharacterController.obj
 0001:0001f9f0       ?grow@?$Array@IVNamedAllocator@shdfnd@physx@@@shdfnd@physx@@IEAAXI@Z 00000001800209f0 f i CctCharacterController.obj
 0001:0001fa90       ?growAndPushBack@?$Array@PEBXVNamedAllocator@shdfnd@physx@@@shdfnd@physx@@IEAAAEAPEBXAEBQEBX@Z 0000000180020a90 f i CctCharacterController.obj
 0001:0001fc70       ?growAndPushBack@?$Array@UPxExtendedCapsule@physx@@VNamedAllocator@shdfnd@2@@shdfnd@physx@@IEAAAEAUPxExtendedCapsule@3@AEBU43@@Z 0000000180020c70 f i CctCharacterController.obj
 0001:0001feb0       ?growAndPushBack@?$Array@VPxExtendedBox@physx@@VNamedAllocator@shdfnd@2@@shdfnd@physx@@IEAAAEAVPxExtendedBox@3@AEBV43@@Z 0000000180020eb0 f i CctCharacterController.obj
 0001:000200a0       ?hash@?$HashBase@PEAVPxShape@physx@@PEAV12@U?$Hash@PEAVPxShape@physx@@@shdfnd@2@UGetKey@?$HashSetBase@PEAVPxShape@physx@@U?$Hash@PEAVPxShape@physx@@@shdfnd@2@VNonTrackingAllocator@42@$0A@@internal@42@VNonTrackingAllocator@42@$0A@@internal@shdfnd@physx@@AEBAIAEBQEAVPxShape@4@@Z 00000001800210a0 f i CctCharacterController.obj
 0001:000200e0       ?hash@?$HashBase@PEAVPxShape@physx@@PEAV12@U?$Hash@PEAVPxShape@physx@@@shdfnd@2@UGetKey@?$HashSetBase@PEAVPxShape@physx@@U?$Hash@PEAVPxShape@physx@@@shdfnd@2@VNonTrackingAllocator@42@$0A@@internal@42@VNonTrackingAllocator@42@$0A@@internal@shdfnd@physx@@AEBAIAEBQEAVPxShape@4@I@Z 00000001800210e0 f i CctCharacterController.obj
 0001:00020120       ?hash@shdfnd@physx@@YAIPEBX@Z 0000000180021120 f i CctCharacterController.obj
 0001:00020140       ?hash@shdfnd@physx@@YAI_K@Z 0000000180021140 f i CctCharacterController.obj
 0001:00020250       ?intersectOBBAABB@Gu@physx@@YA_NAEBVBox@12@AEBVPxBounds3@2@@Z 0000000180021250 f i CctCharacterController.obj
 0001:00020310       ?isAlmostZero@shdfnd@physx@@YA_NAEBVPxVec3@2@@Z 0000000180021310 f i CctCharacterController.obj
 0001:00020390       ?isArrayOfPOD@?$Array@IVNamedAllocator@shdfnd@physx@@@shdfnd@physx@@SA_NXZ 0000000180021390 f i CctCharacterController.obj
 0001:000203a0       ?isArrayOfPOD@?$Array@PEBXVNamedAllocator@shdfnd@physx@@@shdfnd@physx@@SA_NXZ 00000001800213a0 f i CctCharacterController.obj
 0001:000203b0       ?isArrayOfPOD@?$Array@UPxExtendedCapsule@physx@@VNamedAllocator@shdfnd@2@@shdfnd@physx@@SA_NXZ 00000001800213b0 f i CctCharacterController.obj
 0001:000203c0       ?isArrayOfPOD@?$Array@VPxExtendedBox@physx@@VNamedAllocator@shdfnd@2@@shdfnd@physx@@SA_NXZ 00000001800213c0 f i CctCharacterController.obj
 0001:000203d0       ?isArrayOfPOD@?$Array@VPxTriangle@physx@@VNamedAllocator@shdfnd@2@@shdfnd@physx@@SA_NXZ 00000001800213d0 f i CctCharacterController.obj
 0001:000203e0       ?isFinite@PxBounds3@physx@@QEBA_NXZ 00000001800213e0 f i CctCharacterController.obj
 0001:00020450       ?isFinite@PxQuat@physx@@QEBA_NXZ 0000000180021450 f i CctCharacterController.obj
 0001:000204f0       ?isFinite@PxTransform@physx@@QEBA_NXZ 00000001800214f0 f i CctCharacterController.obj
 0001:00020560       ?isFinite@PxVec3@physx@@QEBA_NXZ 0000000180021560 f i CctCharacterController.obj
 0001:000205e0       ?isFinite@intrinsics@physx@@YA_NM@Z 00000001800215e0 f i CctCharacterController.obj
 0001:00020630       ?isInUserMemory@?$Array@IVNamedAllocator@shdfnd@physx@@@shdfnd@physx@@QEBAIXZ 0000000180021630 f i CctCharacterController.obj
 0001:00020650       ?isInUserMemory@?$Array@PEBXVNamedAllocator@shdfnd@physx@@@shdfnd@physx@@QEBAIXZ 0000000180021650 f i CctCharacterController.obj
 0001:00020670       ?isInUserMemory@?$Array@UPxExtendedCapsule@physx@@VNamedAllocator@shdfnd@2@@shdfnd@physx@@QEBAIXZ 0000000180021670 f i CctCharacterController.obj
 0001:00020690       ?isInUserMemory@?$Array@VPxExtendedBox@physx@@VNamedAllocator@shdfnd@2@@shdfnd@physx@@QEBAIXZ 0000000180021690 f i CctCharacterController.obj
 0001:000206b0       ?isInUserMemory@?$Array@VPxTriangle@physx@@VNamedAllocator@shdfnd@2@@shdfnd@physx@@QEBAIXZ 00000001800216b0 f i CctCharacterController.obj
 0001:000206d0       ?isInside@PxExtendedBounds3@physx@@QEBA_NAEBU12@@Z 00000001800216d0 f i CctCharacterController.obj
 0001:000207b0       ?isSane@PxQuat@physx@@QEBA_NXZ 00000001800217b0 f i CctCharacterController.obj
 0001:00020830       ?isSane@PxTransform@physx@@QEBA_NXZ 0000000180021830 f i CctCharacterController.obj
 0001:00020890       ?isValid@PxBounds3@physx@@QEBA_NXZ 0000000180021890 f i CctCharacterController.obj
 0001:000209c0       ?isZero@PxVec3@physx@@QEBA_NXZ 00000001800219c0 f i CctCharacterController.obj
 0001:00020a20       ?magnitude@PxQuat@physx@@QEBAMXZ 0000000180021a20 f i CctCharacterController.obj
 0001:00020a50       ?magnitude@PxVec3@physx@@QEBAMXZ 0000000180021a50 f i CctCharacterController.obj
 0001:00020a80       ?magnitudeSquared@PxQuat@physx@@QEBAMXZ 0000000180021a80 f i CctCharacterController.obj
 0001:00020b00       ?magnitudeSquared@PxVec3@physx@@QEBAMXZ 0000000180021b00 f i CctCharacterController.obj
 0001:00020b60       ?maximum@PxExtendedVec3@physx@@QEAAXAEBU12@@Z 0000000180021b60 f i CctCharacterController.obj
 0001:00020c10       ?memCopy@intrinsics@physx@@YAPEAXPEIAXPEIBXI@Z 0000000180021c10 f i CctCharacterController.obj
 0001:00020c50       ?minimum@PxExtendedVec3@physx@@QEAAXAEBU12@@Z 0000000180021c50 f i CctCharacterController.obj
 0001:00020d00       ?normal@PxTriangle@physx@@QEBAXAEAVPxVec3@2@@Z 0000000180021d00 f i CctCharacterController.obj
 0001:00020df0       ?normalize@PxVec3@physx@@QEAAMXZ 0000000180021df0 f i CctCharacterController.obj
 0001:00020e50       ?postFilter@ControllerFilter@@UEAA?AW4Enum@PxQueryHitType@physx@@AEBUPxFilterData@4@AEBUPxQueryHit@4@@Z 0000000180021e50 f i CctCharacterController.obj
 0001:00020f50       ?preFilter@ControllerFilter@@UEAA?AW4Enum@PxQueryHitType@physx@@AEBUPxFilterData@4@PEBVPxShape@4@PEBVPxRigidActor@4@AEAV?$PxFlags@W4Enum@PxHitFlag@physx@@G@4@@Z 0000000180021f50 f i CctCharacterController.obj
 0001:00021090       ?processTouches@?$PxHitBuffer@UPxRaycastHit@physx@@@physx@@MEAA_NPEBUPxRaycastHit@2@I@Z 0000000180022090 f i CctCharacterController.obj
 0001:000210d0       ?pushBack@?$Array@PEBXVNamedAllocator@shdfnd@physx@@@shdfnd@physx@@QEAAAEAPEBXAEBQEBX@Z 00000001800220d0 f i CctCharacterController.obj
 0001:000211a0       ?pushBack@?$Array@UPxExtendedCapsule@physx@@VNamedAllocator@shdfnd@2@@shdfnd@physx@@QEAAAEAUPxExtendedCapsule@3@AEBU43@@Z 00000001800221a0 f i CctCharacterController.obj
 0001:00021270       ?pushBack@?$Array@VPxExtendedBox@physx@@VNamedAllocator@shdfnd@2@@shdfnd@physx@@QEAAAEAVPxExtendedBox@3@AEBV43@@Z 0000000180022270 f i CctCharacterController.obj
 0001:00021340       ?recipSqrt@intrinsics@physx@@YAMM@Z 0000000180022340 f i CctCharacterController.obj
 0001:00021380       ?recreate@?$Array@IVNamedAllocator@shdfnd@physx@@@shdfnd@physx@@IEAAXI@Z 0000000180022380 f i CctCharacterController.obj
 0001:000214d0       ?reserve@?$Array@IVNamedAllocator@shdfnd@physx@@@shdfnd@physx@@QEAAXI@Z 00000001800224d0 f i CctCharacterController.obj
 0001:00021510       ?resetStats@SweepTest@Cct@physx@@QEAAXXZ 0000000180022510 f i CctCharacterController.obj
 0001:00021560       ?rotate@PxQuat@physx@@QEBA?BVPxVec3@2@AEBV32@@Z 0000000180022560 f i CctCharacterController.obj
 0001:000217b0       ?rotateInv@PxQuat@physx@@QEBA?BVPxVec3@2@AEBV32@@Z 00000001800227b0 f i CctCharacterController.obj
 0001:00021a00       ?selectMax@intrinsics@physx@@YAMMM@Z 0000000180022a00 f i CctCharacterController.obj
 0001:00021a50       ?selectMin@intrinsics@physx@@YAMMM@Z 0000000180022a50 f i CctCharacterController.obj
 0001:00021aa0       ?set@PxExtendedBounds3@physx@@QEAAXNNNNNN@Z 0000000180022aa0 f i CctCharacterController.obj
 0001:00021b20       ?set@PxExtendedVec3@physx@@QEAAXNNN@Z 0000000180022b20 f i CctCharacterController.obj
 0001:00021b80       ?setEmpty@PxExtendedBounds3@physx@@QEAAXXZ 0000000180022b80 f i CctCharacterController.obj
 0001:00021bf0       ?setWorldPos@SweptContact@Cct@physx@@QEAAXAEBVPxVec3@3@AEBUPxExtendedVec3@3@@Z 0000000180022bf0 f i CctCharacterController.obj
 0001:00021c70       ?size@?$Array@IVNamedAllocator@shdfnd@physx@@@shdfnd@physx@@QEBAIXZ 0000000180022c70 f i CctCharacterController.obj
 0001:00021c90       ?size@?$Array@PEBXVNamedAllocator@shdfnd@physx@@@shdfnd@physx@@QEBAIXZ 0000000180022c90 f i CctCharacterController.obj
 0001:00021cb0       ?size@?$Array@UInternalBoxObstacle@ObstacleContext@Cct@physx@@VNamedAllocator@shdfnd@4@@shdfnd@physx@@QEBAIXZ 0000000180022cb0 f i CctCharacterController.obj
 0001:00021cd0       ?size@?$Array@UInternalCapsuleObstacle@ObstacleContext@Cct@physx@@VNamedAllocator@shdfnd@4@@shdfnd@physx@@QEBAIXZ 0000000180022cd0 f i CctCharacterController.obj
 0001:00021cf0       ?size@?$Array@UPxExtendedCapsule@physx@@VNamedAllocator@shdfnd@2@@shdfnd@physx@@QEBAIXZ 0000000180022cf0 f i CctCharacterController.obj
 0001:00021d10       ?size@?$Array@VPxExtendedBox@physx@@VNamedAllocator@shdfnd@2@@shdfnd@physx@@QEBAIXZ 0000000180022d10 f i CctCharacterController.obj
 0001:00021d30       ?size@?$Array@VPxTriangle@physx@@VNamedAllocator@shdfnd@2@@shdfnd@physx@@QEBAIXZ 0000000180022d30 f i CctCharacterController.obj
 0001:00021d50       ?size@TriArray@Cct@physx@@QEBAIXZ 0000000180022d50 f i CctCharacterController.obj
 0001:00021d70       ?sqrt@intrinsics@physx@@YAMM@Z 0000000180022d70 f i CctCharacterController.obj
 0001:00021d90       ?testSlope@physx@@YA_NAEBVPxVec3@1@0M@Z 0000000180022d90 f i CctCharacterController.obj
 0001:00021e10       ?toVec3@physx@@YA?AVPxVec3@1@AEBUPxExtendedVec3@1@@Z 0000000180022e10 f i CctCharacterController.obj
 0001:00021e80       ?transform@PxTransform@physx@@QEBA?AV12@AEBV12@@Z 0000000180022e80 f i CctCharacterController.obj
 0001:00022050       ?transform@PxTransform@physx@@QEBA?AVPxVec3@2@AEBV32@@Z 0000000180023050 f i CctCharacterController.obj
 0001:00022130       ?transformInv@PxTransform@physx@@QEBA?AVPxVec3@2@AEBV32@@Z 0000000180023130 f i CctCharacterController.obj
 0001:00022200       fabsf                      0000000180023200 f i CctCharacterController.obj
 0001:000222b0       ?getSceneTimestamp@Cct@physx@@YAIPEBUInternalCBData_FindTouchedGeom@12@@Z 00000001800232b0 f   CctCharacterControllerCallbacks.obj
 0001:00022340       ?findTouchedGeometry@Cct@physx@@YAXPEBUInternalCBData_FindTouchedGeom@12@AEBUPxExtendedBounds3@2@AEAVTriArray@12@AEAV?$Array@IVNamedAllocator@shdfnd@physx@@@shdfnd@2@3AEBVCCTFilter@12@AEBUCCTParams@12@AEAG@Z 0000000180023340 f   CctCharacterControllerCallbacks.obj
 0001:00022b30       ?shapeHitCallback@Cct@physx@@YAIPEBUInternalCBData_OnHit@12@AEBUSweptContact@12@AEBVPxVec3@2@M@Z 0000000180023b30 f   CctCharacterControllerCallbacks.obj
 0001:00022c60       ?userHitCallback@Cct@physx@@YAIPEBUInternalCBData_OnHit@12@AEBUSweptContact@12@AEBVPxVec3@2@M@Z 0000000180023c60 f   CctCharacterControllerCallbacks.obj
 0001:000283f0       ??$PX_UNUSED@PEBUPxOverlapHit@physx@@@@YAXAEBQEBUPxOverlapHit@physx@@@Z 00000001800293f0 f i CctCharacterControllerCallbacks.obj
 0001:00028400       ??0?$PxFlags@W4Enum@PxConvexMeshGeometryFlag@physx@@E@physx@@QEAA@XZ 0000000180029400 f i CctCharacterControllerCallbacks.obj
 0001:00028420       ??0?$PxFlags@W4Enum@PxMeshGeometryFlag@physx@@E@physx@@QEAA@E@Z 0000000180029420 f i CctCharacterControllerCallbacks.obj
 0001:00028450       ??0?$PxFlags@W4Enum@PxMeshGeometryFlag@physx@@E@physx@@QEAA@XZ 0000000180029450 f i CctCharacterControllerCallbacks.obj
 0001:00028470       ??0?$PxHitBuffer@UPxOverlapHit@physx@@@physx@@QEAA@PEAUPxOverlapHit@1@I@Z 0000000180029470 f i CctCharacterControllerCallbacks.obj
 0001:000284c0       ??0?$PxHitCallback@UPxOverlapHit@physx@@@physx@@QEAA@PEAUPxOverlapHit@1@I@Z 00000001800294c0 f i CctCharacterControllerCallbacks.obj
 0001:00028550       ??0?$PxPadding@$02@physx@@QEAA@XZ 0000000180029550 f i CctCharacterControllerCallbacks.obj
 0001:000285a0       ??0PxControllerHit@physx@@QEAA@XZ 00000001800295a0 f i CctCharacterControllerCallbacks.obj
 0001:00028600       ??0PxControllerObstacleHit@physx@@QEAA@XZ 0000000180029600 f i CctCharacterControllerCallbacks.obj
 0001:00028630       ??0PxControllerShapeHit@physx@@QEAA@XZ 0000000180029630 f i CctCharacterControllerCallbacks.obj
 0001:00028660       ??0PxControllersHit@physx@@QEAA@XZ 0000000180029660 f i CctCharacterControllerCallbacks.obj
 0001:00028690       ??0PxConvexMeshGeometry@physx@@QEAA@XZ 0000000180029690 f i CctCharacterControllerCallbacks.obj
 0001:00028720       ??0PxExtendedSphere@physx@@QEAA@XZ 0000000180029720 f i CctCharacterControllerCallbacks.obj
 0001:00028750       ??0PxHeightFieldGeometry@physx@@QEAA@XZ 0000000180029750 f i CctCharacterControllerCallbacks.obj
 0001:00028800       ??0PxMat33@physx@@QEAA@AEBVPxVec3@1@00@Z 0000000180029800 f i CctCharacterControllerCallbacks.obj
 0001:00028880       ??0PxMeshScale@physx@@QEAA@M@Z 0000000180029880 f i CctCharacterControllerCallbacks.obj
 0001:000288d0       ??0PxMeshScale@physx@@QEAA@XZ 00000001800298d0 f i CctCharacterControllerCallbacks.obj
 0001:00028920       ??0PxOverlapHit@physx@@QEAA@XZ 0000000180029920 f i CctCharacterControllerCallbacks.obj
 0001:00028950       ??0PxPlane@physx@@QEAA@AEBVPxVec3@1@M@Z 0000000180029950 f i CctCharacterControllerCallbacks.obj
 0001:000289a0       ??0PxPlane@physx@@QEAA@MMMM@Z 00000001800299a0 f i CctCharacterControllerCallbacks.obj
 0001:00028a10       ??0PxQueryFilterData@physx@@QEAA@$$QEAU01@@Z 0000000180029a10 f i CctCharacterControllerCallbacks.obj
 0001:00028a80       ??0PxQueryFilterData@physx@@QEAA@V?$PxFlags@W4Enum@PxQueryFlag@physx@@G@1@@Z 0000000180029a80 f i CctCharacterControllerCallbacks.obj
 0001:00028ae0       ??0PxTransform@physx@@QEAA@AEBVPxVec3@1@@Z 0000000180029ae0 f i CctCharacterControllerCallbacks.obj
 0001:00028b30       ??0PxTriangle@physx@@QEAA@AEBV01@@Z 0000000180029b30 f i CctCharacterControllerCallbacks.obj
 0001:00028c30       ??0PxTriangle@physx@@QEAA@AEBVPxVec3@1@00@Z 0000000180029c30 f i CctCharacterControllerCallbacks.obj
 0001:00028d00       ??0PxTriangle@physx@@QEAA@XZ 0000000180029d00 f i CctCharacterControllerCallbacks.obj
 0001:00028d40       ??0PxTriangleMeshGeometry@physx@@QEAA@XZ 0000000180029d40 f i CctCharacterControllerCallbacks.obj
 0001:00028dc0       ??0PxVec4@physx@@QEAA@MMMM@Z 0000000180029dc0 f i CctCharacterControllerCallbacks.obj
 0001:00028e40       ??0TessParams@@QEAA@XZ     0000000180029e40 f i CctCharacterControllerCallbacks.obj
 0001:00028e90       ??0TrianglePadded@Gu@physx@@QEAA@XZ 0000000180029e90 f i CctCharacterControllerCallbacks.obj
 0001:00028ec0       ??0Vec3p@Gu@physx@@QEAA@AEBVPxVec3@2@@Z 0000000180029ec0 f i CctCharacterControllerCallbacks.obj
 0001:00028ef0       ??1?$PxHitBuffer@UPxOverlapHit@physx@@@physx@@UEAA@XZ 0000000180029ef0 f i CctCharacterControllerCallbacks.obj
 0001:00028f20       ??1?$PxHitCallback@UPxOverlapHit@physx@@@physx@@UEAA@XZ 0000000180029f20 f i CctCharacterControllerCallbacks.obj
 0001:00028f40       ??1PxExtendedSphere@physx@@QEAA@XZ 0000000180029f40 f i CctCharacterControllerCallbacks.obj
 0001:00028f50       ??1TrianglePadded@Gu@physx@@QEAA@XZ 0000000180029f50 f i CctCharacterControllerCallbacks.obj
 0001:00028f70       ??1Vec3p@Gu@physx@@QEAA@XZ 0000000180029f70 f i CctCharacterControllerCallbacks.obj
 0001:00028f80       ??APxVec3@physx@@QEBAAEBMI@Z 0000000180029f80 f i CctCharacterControllerCallbacks.obj
 0001:00029010       ??DPxMat33@physx@@QEBA?BV01@AEBV01@@Z 000000018002a010 f i CctCharacterControllerCallbacks.obj
 0001:000290d0       ??DPxVec4@physx@@QEBA?AV01@M@Z 000000018002a0d0 f i CctCharacterControllerCallbacks.obj
 0001:00029170       ??HPxVec4@physx@@QEBA?AV01@AEBV01@@Z 000000018002a170 f i CctCharacterControllerCallbacks.obj
 0001:00029220       ??_E?$PxHitBuffer@UPxOverlapHit@physx@@@physx@@UEAAPEAXI@Z 000000018002a220 f i CctCharacterControllerCallbacks.obj
 0001:00029220       ??_G?$PxHitBuffer@UPxOverlapHit@physx@@@physx@@UEAAPEAXI@Z 000000018002a220 f i CctCharacterControllerCallbacks.obj
 0001:00029270       ??_G?$PxHitCallback@UPxOverlapHit@physx@@@physx@@UEAAPEAXI@Z 000000018002a270 f i CctCharacterControllerCallbacks.obj
 0001:00029270       ??_E?$PxHitCallback@UPxOverlapHit@physx@@@physx@@UEAAPEAXI@Z 000000018002a270 f i CctCharacterControllerCallbacks.obj
 0001:000292c0       ?FLoad@aos@shdfnd@physx@@YA?AT__m128@@M@Z 000000018002a2c0 f i CctCharacterControllerCallbacks.obj
 0001:000292f0       ?PxPlaneEquationFromTransform@physx@@YA?AVPxPlane@1@AEBVPxTransform@1@@Z 000000018002a2f0 f i CctCharacterControllerCallbacks.obj
 0001:00029350       ?V3Load@aos@shdfnd@physx@@YA?AT__m128@@M@Z 000000018002a350 f i CctCharacterControllerCallbacks.obj
 0001:000293a0       ?V4Load@aos@shdfnd@physx@@YA?AT__m128@@M@Z 000000018002a3a0 f i CctCharacterControllerCallbacks.obj
 0001:000293d0       ?allocate@?$Array@VPxTriangle@physx@@VNamedAllocator@shdfnd@2@@shdfnd@physx@@IEAAPEAVPxTriangle@3@I@Z 000000018002a3d0 f i CctCharacterControllerCallbacks.obj
 0001:00029480       ?capacityIncrement@?$Array@IVNamedAllocator@shdfnd@physx@@@shdfnd@physx@@IEBAIXZ 000000018002a480 f i CctCharacterControllerCallbacks.obj
 0001:000294d0       ?centerExtents@PxBounds3@physx@@SA?AV12@AEBVPxVec3@2@0@Z 000000018002a4d0 f i CctCharacterControllerCallbacks.obj
 0001:00029550       ?computeBasis@shdfnd@physx@@YAXAEBVPxVec3@2@AEAV32@1@Z 000000018002a550 f i CctCharacterControllerCallbacks.obj
 0001:00029720       ?copy@?$Array@VPxTriangle@physx@@VNamedAllocator@shdfnd@2@@shdfnd@physx@@KAXPEAVPxTriangle@3@0PEBV43@@Z 000000018002a720 f i CctCharacterControllerCallbacks.obj
 0001:00029810       ?decodeIndex@Cct@physx@@YAII@Z 000000018002a810 f i CctCharacterControllerCallbacks.obj
 0001:00029820       ?decodeType@Cct@physx@@YA?AW4UserObjectType@12@I@Z 000000018002a820 f i CctCharacterControllerCallbacks.obj
 0001:00029840       ?distance@PxPlane@physx@@QEBAMAEBVPxVec3@2@@Z 000000018002a840 f i CctCharacterControllerCallbacks.obj
 0001:00029880       ?end@?$Array@VPxTriangle@physx@@VNamedAllocator@shdfnd@2@@shdfnd@physx@@QEAAPEAVPxTriangle@3@XZ 000000018002a880 f i CctCharacterControllerCallbacks.obj
 0001:000298a0       ?finalizeQuery@?$PxHitCallback@UPxOverlapHit@physx@@@physx@@UEAAXXZ 000000018002a8a0 f i CctCharacterControllerCallbacks.obj
 0001:000298b0       ?getAnyHit@?$PxHitBuffer@UPxOverlapHit@physx@@@physx@@QEBAAEBUPxOverlapHit@2@I@Z 000000018002a8b0 f i CctCharacterControllerCallbacks.obj
 0001:000299a0       ?getCctManager@Controller@Cct@physx@@QEAAPEAVCharacterControllerManager@23@XZ 000000018002a9a0 f i CctCharacterControllerCallbacks.obj
 0001:000299c0       ?getNbAnyHits@?$PxHitBuffer@UPxOverlapHit@physx@@@physx@@QEBAIXZ 000000018002a9c0 f i CctCharacterControllerCallbacks.obj
 0001:000299f0       ?getNbTouches@?$PxHitBuffer@UPxOverlapHit@physx@@@physx@@QEBAIXZ 000000018002a9f0 f i CctCharacterControllerCallbacks.obj
 0001:00029a10       ?getPosition@PxMat44@physx@@QEBA?BVPxVec3@2@XZ 000000018002aa10 f i CctCharacterControllerCallbacks.obj
 0001:00029a50       ?getResults@PxMeshOverlapUtil@physx@@QEBAPEBIXZ 000000018002aa50 f i CctCharacterControllerCallbacks.obj
 0001:00029a70       ?getTouches@?$PxHitBuffer@UPxOverlapHit@physx@@@physx@@QEBAPEBUPxOverlapHit@2@XZ 000000018002aa70 f i CctCharacterControllerCallbacks.obj
 0001:00029a90       ?getTranspose@PxMat33@physx@@QEBA?BV12@XZ 000000018002aa90 f i CctCharacterControllerCallbacks.obj
 0001:00029b70       ?getXYZ@PxVec4@physx@@QEBA?AVPxVec3@2@XZ 000000018002ab70 f i CctCharacterControllerCallbacks.obj
 0001:00029bc0       ?grow@?$Array@VPxTriangle@physx@@VNamedAllocator@shdfnd@2@@shdfnd@physx@@IEAAXI@Z 000000018002abc0 f i CctCharacterControllerCallbacks.obj
 0001:00029c60       ?growAndPushBack@?$Array@IVNamedAllocator@shdfnd@physx@@@shdfnd@physx@@IEAAAEAIAEBI@Z 000000018002ac60 f i CctCharacterControllerCallbacks.obj
 0001:00029e40       ?processTouches@?$PxHitBuffer@UPxOverlapHit@physx@@@physx@@MEAA_NPEBUPxOverlapHit@2@I@Z 000000018002ae40 f i CctCharacterControllerCallbacks.obj
 0001:00029e80       ?project@PxPlane@physx@@QEBA?AVPxVec3@2@AEBV32@@Z 000000018002ae80 f i CctCharacterControllerCallbacks.obj
 0001:00029ef0       ?pushBack@?$Array@IVNamedAllocator@shdfnd@physx@@@shdfnd@physx@@QEAAAEAIAEBI@Z 000000018002aef0 f i CctCharacterControllerCallbacks.obj
 0001:00029fc0       ?pushBack@TriArray@Cct@physx@@QEAAXAEBVPxTriangle@3@@Z 000000018002afc0 f i CctCharacterControllerCallbacks.obj
 0001:0002a0b0       ?recreate@?$Array@VPxTriangle@physx@@VNamedAllocator@shdfnd@2@@shdfnd@physx@@IEAAXI@Z 000000018002b0b0 f i CctCharacterControllerCallbacks.obj
 0001:0002a210       ?reserve@?$Array@VPxTriangle@physx@@VNamedAllocator@shdfnd@2@@shdfnd@physx@@QEAAXI@Z 000000018002b210 f i CctCharacterControllerCallbacks.obj
 0001:0002a250       ?reserve@TriArray@Cct@physx@@QEAAPEAVPxTriangle@3@I@Z 000000018002b250 f i CctCharacterControllerCallbacks.obj
 0001:0002a330       ?rotate@PxMat44@physx@@QEBA?BVPxVec3@2@AEBV32@@Z 000000018002b330 f i CctCharacterControllerCallbacks.obj
 0001:0002a3a0       ?rotate@PxMat44@physx@@QEBA?BVPxVec4@2@AEBV32@@Z 000000018002b3a0 f i CctCharacterControllerCallbacks.obj
 0001:0002a490       ?rotate@PxTransform@physx@@QEBA?AVPxVec3@2@AEBV32@@Z 000000018002b490 f i CctCharacterControllerCallbacks.obj
 0001:0002a540       ?toMat33@PxMeshScale@physx@@QEBA?AVPxMat33@2@XZ 000000018002b540 f i CctCharacterControllerCallbacks.obj
 0001:0002a630       ?transform@PxMat33@physx@@QEBA?BVPxVec3@2@AEBV32@@Z 000000018002b630 f i CctCharacterControllerCallbacks.obj
 0001:0002a710       ?transform@PxTransform@physx@@QEBA?AVPxPlane@2@AEBV32@@Z 000000018002b710 f i CctCharacterControllerCallbacks.obj
 0001:0002a820       PxCreateControllerManager  000000018002b820 f   CctCharacterControllerManager.obj
 0001:0002a8b0       ??0CharacterControllerManager@Cct@physx@@QEAA@AEAVPxScene@2@_N@Z 000000018002b8b0 f   CctCharacterControllerManager.obj
 0001:0002ab40       ??1CharacterControllerManager@Cct@physx@@UEAA@XZ 000000018002bb40 f   CctCharacterControllerManager.obj
 0001:0002ac90       ?release@CharacterControllerManager@Cct@physx@@UEAAXXZ 000000018002bc90 f   CctCharacterControllerManager.obj
 0001:0002adc0       ?getScene@CharacterControllerManager@Cct@physx@@UEBAAEAVPxScene@3@XZ 000000018002bdc0 f   CctCharacterControllerManager.obj
 0001:0002ade0       ?getNbControllers@CharacterControllerManager@Cct@physx@@UEBAIXZ 000000018002bde0 f   CctCharacterControllerManager.obj
 0001:0002ae10       ?getController@CharacterControllerManager@Cct@physx@@UEAAPEAVPxController@3@I@Z 000000018002be10 f   CctCharacterControllerManager.obj
 0001:0002af00       ?createController@CharacterControllerManager@Cct@physx@@UEAAPEAVPxController@3@AEBVPxControllerDesc@3@@Z 000000018002bf00 f   CctCharacterControllerManager.obj
 0001:0002b290       ?purgeControllers@CharacterControllerManager@Cct@physx@@UEAAXXZ 000000018002c290 f   CctCharacterControllerManager.obj
 0001:0002b300       ?getRenderBuffer@CharacterControllerManager@Cct@physx@@UEAAAEAVPxRenderBuffer@3@XZ 000000018002c300 f   CctCharacterControllerManager.obj
 0001:0002b390       ?setDebugRenderingFlags@CharacterControllerManager@Cct@physx@@UEAAXV?$PxFlags@W4Enum@PxControllerDebugRenderFlag@physx@@I@3@@Z 000000018002c390 f   CctCharacterControllerManager.obj
 0001:0002b430       ?getNbObstacleContexts@CharacterControllerManager@Cct@physx@@UEBAIXZ 000000018002c430 f   CctCharacterControllerManager.obj
 0001:0002b460       ?getObstacleContext@CharacterControllerManager@Cct@physx@@UEAAPEAVPxObstacleContext@3@I@Z 000000018002c460 f   CctCharacterControllerManager.obj
 0001:0002b540       ?createObstacleContext@CharacterControllerManager@Cct@physx@@UEAAPEAVPxObstacleContext@3@XZ 000000018002c540 f   CctCharacterControllerManager.obj
 0001:0002b5e0       ?computeInteractions@CharacterControllerManager@Cct@physx@@UEAAXMPEAVPxControllerFilterCallback@3@@Z 000000018002c5e0 f   CctCharacterControllerManager.obj
 0001:0002b970       ?setTessellation@CharacterControllerManager@Cct@physx@@UEAAX_NM@Z 000000018002c970 f   CctCharacterControllerManager.obj
 0001:0002b9b0       ?setOverlapRecoveryModule@CharacterControllerManager@Cct@physx@@UEAAX_N@Z 000000018002c9b0 f   CctCharacterControllerManager.obj
 0001:0002b9d0       ?setPreciseSweeps@CharacterControllerManager@Cct@physx@@UEAAX_N@Z 000000018002c9d0 f   CctCharacterControllerManager.obj
 0001:0002b9f0       ?setPreventVerticalSlidingAgainstCeiling@CharacterControllerManager@Cct@physx@@UEAAX_N@Z 000000018002c9f0 f   CctCharacterControllerManager.obj
 0001:0002ba10       ?shiftOrigin@CharacterControllerManager@Cct@physx@@UEAAXAEBVPxVec3@3@@Z 000000018002ca10 f   CctCharacterControllerManager.obj
 0001:0002bbb0       ?onRelease@CharacterControllerManager@Cct@physx@@UEAAXPEBVPxBase@3@PEAXW4Enum@PxDeletionEventFlag@3@@Z 000000018002cbb0 f   CctCharacterControllerManager.obj
 0001:0002bd80       ?registerObservedObject@CharacterControllerManager@Cct@physx@@QEAAXPEBVPxBase@3@@Z 000000018002cd80 f   CctCharacterControllerManager.obj
 0001:0002be10       ?unregisterObservedObject@CharacterControllerManager@Cct@physx@@QEAAXPEBVPxBase@3@@Z 000000018002ce10 f   CctCharacterControllerManager.obj
 0001:0002bf10       ?onObstacleRemoved@CharacterControllerManager@Cct@physx@@QEBAXI@Z 000000018002cf10 f   CctCharacterControllerManager.obj
 0001:0002bf80       ?onObstacleUpdated@CharacterControllerManager@Cct@physx@@QEBAXIPEBVPxObstacleContext@3@@Z 000000018002cf80 f   CctCharacterControllerManager.obj
 0001:0002c0c0       ?onObstacleAdded@CharacterControllerManager@Cct@physx@@QEBAXIPEBVPxObstacleContext@3@@Z 000000018002d0c0 f   CctCharacterControllerManager.obj
 0001:0002c200       ?releaseController@CharacterControllerManager@Cct@physx@@QEAAXAEAVPxController@3@@Z 000000018002d200 f   CctCharacterControllerManager.obj
 0001:0002c4a0       ?getControllers@CharacterControllerManager@Cct@physx@@QEAAPEAPEAVController@23@XZ 000000018002d4a0 f   CctCharacterControllerManager.obj
 0001:0002c4d0       ?releaseObstacleContext@CharacterControllerManager@Cct@physx@@QEAAXAEAVObstacleContext@23@@Z 000000018002d4d0 f   CctCharacterControllerManager.obj
 0001:0002c5f0       ?resetObstaclesBuffers@CharacterControllerManager@Cct@physx@@QEAAXXZ 000000018002d5f0 f   CctCharacterControllerManager.obj
 0001:0002e490       ??$?2V?$ReflectionAllocator@VBoxController@Cct@physx@@@shdfnd@physx@@@UserAllocated@shdfnd@physx@@SAPEAX_KV?$ReflectionAllocator@VBoxController@Cct@physx@@@12@PEBDH@Z 000000018002f490 f i CctCharacterControllerManager.obj
 0001:0002e4e0       ??$?2V?$ReflectionAllocator@VCapsuleController@Cct@physx@@@shdfnd@physx@@@UserAllocated@shdfnd@physx@@SAPEAX_KV?$ReflectionAllocator@VCapsuleController@Cct@physx@@@12@PEBDH@Z 000000018002f4e0 f i CctCharacterControllerManager.obj
 0001:0002e530       ??$?2V?$ReflectionAllocator@VCharacterControllerManager@Cct@physx@@@shdfnd@physx@@@UserAllocated@shdfnd@physx@@SAPEAX_KV?$ReflectionAllocator@VCharacterControllerManager@Cct@physx@@@12@PEBDH@Z 000000018002f530 f i CctCharacterControllerManager.obj
 0001:0002e580       ??$?2V?$ReflectionAllocator@VObstacleContext@Cct@physx@@@shdfnd@physx@@@UserAllocated@shdfnd@physx@@SAPEAX_KV?$ReflectionAllocator@VObstacleContext@Cct@physx@@@12@PEBDH@Z 000000018002f580 f i CctCharacterControllerManager.obj
 0001:0002e5d0       ??$?2V?$ReflectionAllocator@VRenderBuffer@Cm@physx@@@shdfnd@physx@@@UserAllocated@shdfnd@physx@@SAPEAX_KV?$ReflectionAllocator@VRenderBuffer@Cm@physx@@@12@PEBDH@Z 000000018002f5d0 f i CctCharacterControllerManager.obj
 0001:0002e620       ??$PX_UNUSED@W4Enum@PxDeletionEventFlag@physx@@@@YAXAEBW4Enum@PxDeletionEventFlag@physx@@@Z 000000018002f620 f i CctCharacterControllerManager.obj
 0001:0002e630       ??$append@UPxDebugLine@physx@@@RenderBuffer@Cm@physx@@AEAAXAEAV?$Array@UPxDebugLine@physx@@VNamedAllocator@shdfnd@2@@shdfnd@2@PEBUPxDebugLine@2@I@Z 000000018002f630 f i CctCharacterControllerManager.obj
 0001:0002e6d0       ??$append@UPxDebugPoint@physx@@@RenderBuffer@Cm@physx@@AEAAXAEAV?$Array@UPxDebugPoint@physx@@VNamedAllocator@shdfnd@2@@shdfnd@2@PEBUPxDebugPoint@2@I@Z 000000018002f6d0 f i CctCharacterControllerManager.obj
 0001:0002e770       ??$append@UPxDebugText@physx@@@RenderBuffer@Cm@physx@@AEAAXAEAV?$Array@UPxDebugText@physx@@VNamedAllocator@shdfnd@2@@shdfnd@2@PEBUPxDebugText@2@I@Z 000000018002f770 f i CctCharacterControllerManager.obj
 0001:0002e810       ??$append@UPxDebugTriangle@physx@@@RenderBuffer@Cm@physx@@AEAAXAEAV?$Array@UPxDebugTriangle@physx@@VNamedAllocator@shdfnd@2@@shdfnd@2@PEBUPxDebugTriangle@2@I@Z 000000018002f810 f i CctCharacterControllerManager.obj
 0001:0002e8b0       ??$resetOrClear@V?$Array@PEBXVNamedAllocator@shdfnd@physx@@@shdfnd@physx@@@@YAXAEAV?$Array@PEBXVNamedAllocator@shdfnd@physx@@@shdfnd@physx@@@Z 000000018002f8b0 f i CctCharacterControllerManager.obj
 0001:0002e930       ??$resetOrClear@V?$Array@UPxExtendedCapsule@physx@@VNamedAllocator@shdfnd@2@@shdfnd@physx@@@@YAXAEAV?$Array@UPxExtendedCapsule@physx@@VNamedAllocator@shdfnd@2@@shdfnd@physx@@@Z 000000018002f930 f i CctCharacterControllerManager.obj
 0001:0002e9b0       ??$resetOrClear@V?$Array@VPxExtendedBox@physx@@VNamedAllocator@shdfnd@2@@shdfnd@physx@@@@YAXAEAV?$Array@VPxExtendedBox@physx@@VNamedAllocator@shdfnd@2@@shdfnd@physx@@@Z 000000018002f9b0 f i CctCharacterControllerManager.obj
 0001:0002ea30       ??$swap@PEAVController@Cct@physx@@@shdfnd@physx@@YAXAEAPEAVController@Cct@1@0@Z 000000018002fa30 f i CctCharacterControllerManager.obj
 0001:0002ea80       ??0?$Array@DVNamedAllocator@shdfnd@physx@@@shdfnd@physx@@QEAA@AEBVNamedAllocator@12@@Z 000000018002fa80 f i CctCharacterControllerManager.obj
 0001:0002eae0       ??0?$Array@PEAVController@Cct@physx@@VNamedAllocator@shdfnd@3@@shdfnd@physx@@QEAA@AEBVNamedAllocator@12@@Z 000000018002fae0 f i CctCharacterControllerManager.obj
[...]
 0003:00001d29       ?c_exit_complete@?1???R<lambda_6e4b09c48022b2350581041d5f6b0c4c>@@QEBA@XZ@4_NA 0000000180136d29     libucrtd:exit.obj
 0003:000020e8       _environ_table             00000001801370e8     libucrtd:environment_initialization.obj
 0003:000020f0       _wenviron_table            00000001801370f0     libucrtd:environment_initialization.obj
 0003:00002100       __dcrt_initial_wide_environment 0000000180137100     libucrtd:environment_initialization.obj
 0003:00002110       __dcrt_initial_narrow_environment 0000000180137110     libucrtd:environment_initialization.obj
 0003:00002120       __acrt_atexit_table        0000000180137120     libucrtd:onexit.obj
 0003:00002140       __acrt_at_quick_exit_table 0000000180137140     libucrtd:onexit.obj
 0003:00002170       _pfnReportHook             0000000180137170     libucrtd:dbgrptt.obj
 0003:00002178       _pReportHookList           0000000180137178     libucrtd:dbgrptt.obj
 0003:00002180       _pReportHookListW          0000000180137180     libucrtd:dbgrptt.obj
 0003:00002470       __acrt_locale_changed_data 0000000180137470     libucrtd:wsetlocale.obj
 0003:00002478       __acrt_current_locale_data 0000000180137478     libucrtd:nlsdata.obj
 0003:00002488       __acrt_heap                0000000180137488     libucrtd:heap_handle.obj
 0003:000024a0       __acrt_current_multibyte_data 00000001801374a0     libucrtd:mbctype.obj
 0003:000024a8       _mbctype                   00000001801374a8     libucrtd:mbctype.obj
 0003:000024b0       _mbcasemap                 00000001801374b0     libucrtd:mbctype.obj
 0003:000024c8       _pgmptr                    00000001801374c8     libucrtd:argv_data.obj
 0003:000024d8       _wpgmptr                   00000001801374d8     libucrtd:argv_data.obj
 0003:000024e4       __argc                     00000001801374e4     libucrtd:argv_data.obj
 0003:000024e8       __argv                     00000001801374e8     libucrtd:argv_data.obj
 0003:000024f8       __wargv                    00000001801374f8     libucrtd:argv_data.obj
 0003:00002508       _acmdln                    0000000180137508     libucrtd:argv_data.obj
 0003:00002518       _wcmdln                    0000000180137518     libucrtd:argv_data.obj
 0003:00002750       __pioinfo                  0000000180137750     libucrtd:ioinit.obj
 0003:00002c1c       _nhandle                   0000000180137c1c     libucrtd:ioinit.obj
 0003:00002c30       __acrt_stdout_buffer       0000000180137c30     libucrtd:_sftbuf.obj
 0003:00002c40       __acrt_stderr_buffer       0000000180137c40     libucrtd:_sftbuf.obj
 0003:00002c50       _nstream                   0000000180137c50     libucrtd:_file.obj
 0003:00002c58       __piob                     0000000180137c58     libucrtd:_file.obj
 0003:00002c64       _cflush                    0000000180137c64     libucrtd:_file.obj
 0003:000033e3       __acrt_lconv_static_null   00000001801383e3     libucrtd:localeconv.obj
 0003:000033e4       __acrt_lconv_static_W_null 00000001801383e4     libucrtd:localeconv.obj
 0003:000033ec       __fma3_is_available        00000001801383ec     libucrtd:fma3_available.obj
 0003:000033f0       __use_fma3_lib             00000001801383f0     libucrtd:fma3_available.obj
 0003:000033f8       ?__WinRTOutOfMemoryExceptionCallback@@3P6APEAXXZEA 00000001801383f8     libvcruntimed:ehhelpers.obj
 0003:00003404       __scrt_ucrt_dll_is_in_use  0000000180138404     <common>
 0003:00003410       __dyn_tls_init_callback    0000000180138410     <common>
 0005:00000000       __imp_FreeLibrary          0000000180145000     kernel32:KERNEL32.dll
 0005:00000008       __imp_EncodePointer        0000000180145008     kernel32:KERNEL32.dll
 0005:00000010       __imp_CreateFileW          0000000180145010     kernel32:KERNEL32.dll
 0005:00000018       __imp_CloseHandle          0000000180145018     kernel32:KERNEL32.dll
 0005:00000020       __imp_SetFilePointerEx     0000000180145020     kernel32:KERNEL32.dll
 0005:00000028       __imp_GetConsoleMode       0000000180145028     kernel32:KERNEL32.dll
 0005:00000030       __imp_GetConsoleCP         0000000180145030     kernel32:KERNEL32.dll
 0005:00000038       __imp_FlushFileBuffers     0000000180145038     kernel32:KERNEL32.dll
 0005:00000040       __imp_SetStdHandle         0000000180145040     kernel32:KERNEL32.dll
 0005:00000048       __imp_GetStringTypeW       0000000180145048     kernel32:KERNEL32.dll
 0005:00000050       __imp_EnumSystemLocalesW   0000000180145050     kernel32:KERNEL32.dll
 0005:00000058       __imp_GetUserDefaultLCID   0000000180145058     kernel32:KERNEL32.dll
 0005:00000060       __imp_IsValidLocale        0000000180145060     kernel32:KERNEL32.dll
 0005:00000068       __imp_GetLocaleInfoW       0000000180145068     kernel32:KERNEL32.dll
 0005:00000070       __imp_LCMapStringW         0000000180145070     kernel32:KERNEL32.dll
 0005:00000078       __imp_CompareStringW       0000000180145078     kernel32:KERNEL32.dll
 0005:00000080       __imp_GetTimeFormatW       0000000180145080     kernel32:KERNEL32.dll
 0005:00000088       __imp_GetDateFormatW       0000000180145088     kernel32:KERNEL32.dll
 0005:00000090       __imp_SetEnvironmentVariableW 0000000180145090     kernel32:KERNEL32.dll
 0005:00000098       __imp_SetEnvironmentVariableA 0000000180145098     kernel32:KERNEL32.dll
 0005:000000a0       __imp_FreeEnvironmentStringsW 00000001801450a0     kernel32:KERNEL32.dll
 0005:000000a8       __imp_GetEnvironmentStringsW 00000001801450a8     kernel32:KERNEL32.dll
 0005:000000b0       __imp_GetCommandLineW      00000001801450b0     kernel32:KERNEL32.dll
 0005:000000b8       __imp_GetCommandLineA      00000001801450b8     kernel32:KERNEL32.dll
 0005:000000c0       __imp_GetCPInfo            00000001801450c0     kernel32:KERNEL32.dll
 0005:000000c8       __imp_GetOEMCP             00000001801450c8     kernel32:KERNEL32.dll
 0005:000000d0       __imp_IsValidCodePage      00000001801450d0     kernel32:KERNEL32.dll
 0005:000000d8       __imp_FindNextFileW        00000001801450d8     kernel32:KERNEL32.dll
 0005:000000e0       __imp_FindNextFileA        00000001801450e0     kernel32:KERNEL32.dll
 0005:000000e8       __imp_FindFirstFileExW     00000001801450e8     kernel32:KERNEL32.dll
 0005:000000f0       __imp_FindFirstFileExA     00000001801450f0     kernel32:KERNEL32.dll
 0005:000000f8       __imp_FindClose            00000001801450f8     kernel32:KERNEL32.dll
 0005:00000100       __imp_GetACP               0000000180145100     kernel32:KERNEL32.dll
 0005:00000108       __imp_HeapQueryInformation 0000000180145108     kernel32:KERNEL32.dll
 0005:00000110       __imp_GetCurrentThread     0000000180145110     kernel32:KERNEL32.dll
 0005:00000118       __imp_HeapReAlloc          0000000180145118     kernel32:KERNEL32.dll
 0005:00000120       __imp_SetConsoleCtrlHandler 0000000180145120     kernel32:KERNEL32.dll
 0005:00000128       __imp_WriteConsoleW        0000000180145128     kernel32:KERNEL32.dll
 0005:00000130       __imp_OutputDebugStringW   0000000180145130     kernel32:KERNEL32.dll
 0005:00000138       __imp_OutputDebugStringA   0000000180145138     kernel32:KERNEL32.dll
 0005:00000140       __imp_WriteFile            0000000180145140     kernel32:KERNEL32.dll
 0005:00000148       __imp_GetFileType          0000000180145148     kernel32:KERNEL32.dll
 0005:00000150       __imp_GetStdHandle         0000000180145150     kernel32:KERNEL32.dll
 0005:00000158       __imp_ExitProcess          0000000180145158     kernel32:KERNEL32.dll
 0005:00000160       __imp_GetSystemInfo        0000000180145160     kernel32:KERNEL32.dll
 0005:00000168       __imp_InitializeSListHead  0000000180145168     kernel32:KERNEL32.dll
 0005:00000170       __imp_QueryPerformanceCounter 0000000180145170     kernel32:KERNEL32.dll
 0005:00000178       __imp_GetCurrentProcessId  0000000180145178     kernel32:KERNEL32.dll
 0005:00000180       __imp_GetCurrentThreadId   0000000180145180     kernel32:KERNEL32.dll
 0005:00000188       __imp_GetSystemTimeAsFileTime 0000000180145188     kernel32:KERNEL32.dll
 0005:00000190       __imp_RtlCaptureContext    0000000180145190     kernel32:KERNEL32.dll
 0005:00000198       __imp_RtlLookupFunctionEntry 0000000180145198     kernel32:KERNEL32.dll
 0005:000001a0       __imp_RtlVirtualUnwind     00000001801451a0     kernel32:KERNEL32.dll
 0005:000001a8       __imp_IsDebuggerPresent    00000001801451a8     kernel32:KERNEL32.dll
 0005:000001b0       __imp_UnhandledExceptionFilter 00000001801451b0     kernel32:KERNEL32.dll
 0005:000001b8       __imp_SetUnhandledExceptionFilter 00000001801451b8     kernel32:KERNEL32.dll
 0005:000001c0       __imp_GetStartupInfoW      00000001801451c0     kernel32:KERNEL32.dll
 0005:000001c8       __imp_IsProcessorFeaturePresent 00000001801451c8     kernel32:KERNEL32.dll
 0005:000001d0       __imp_GetModuleHandleW     00000001801451d0     kernel32:KERNEL32.dll
 0005:000001d8       __imp_RaiseException       00000001801451d8     kernel32:KERNEL32.dll
 0005:000001e0       __imp_MultiByteToWideChar  00000001801451e0     kernel32:KERNEL32.dll
 0005:000001e8       __imp_WideCharToMultiByte  00000001801451e8     kernel32:KERNEL32.dll
 0005:000001f0       __imp_GetLastError         00000001801451f0     kernel32:KERNEL32.dll
 0005:000001f8       __imp_HeapAlloc            00000001801451f8     kernel32:KERNEL32.dll
 0005:00000200       __imp_HeapFree             0000000180145200     kernel32:KERNEL32.dll
 0005:00000208       __imp_GetProcessHeap       0000000180145208     kernel32:KERNEL32.dll
 0005:00000210       __imp_VirtualQuery         0000000180145210     kernel32:KERNEL32.dll
 0005:00000218       __imp_RtlPcToFileHeader    0000000180145218     kernel32:KERNEL32.dll
 0005:00000220       __imp_GetProcAddress       0000000180145220     kernel32:KERNEL32.dll
 0005:00000228       __imp_GetCurrentProcess    0000000180145228     kernel32:KERNEL32.dll
 0005:00000230       __imp_TerminateProcess     0000000180145230     kernel32:KERNEL32.dll
 0005:00000238       __imp_InterlockedPushEntrySList 0000000180145238     kernel32:KERNEL32.dll
 0005:00000240       __imp_InterlockedFlushSList 0000000180145240     kernel32:KERNEL32.dll
 0005:00000248       __imp_RtlUnwindEx          0000000180145248     kernel32:KERNEL32.dll
 0005:00000250       __imp_GetModuleFileNameW   0000000180145250     kernel32:KERNEL32.dll
 0005:00000258       __imp_LoadLibraryExW       0000000180145258     kernel32:KERNEL32.dll
 0005:00000260       __imp_SetLastError         0000000180145260     kernel32:KERNEL32.dll
 0005:00000268       __imp_EnterCriticalSection 0000000180145268     kernel32:KERNEL32.dll
 0005:00000270       __imp_LeaveCriticalSection 0000000180145270     kernel32:KERNEL32.dll
 0005:00000278       __imp_DeleteCriticalSection 0000000180145278     kernel32:KERNEL32.dll
 0005:00000280       __imp_InitializeCriticalSectionAndSpinCount 0000000180145280     kernel32:KERNEL32.dll
 0005:00000288       __imp_TlsAlloc             0000000180145288     kernel32:KERNEL32.dll
 0005:00000290       __imp_TlsGetValue          0000000180145290     kernel32:KERNEL32.dll
 0005:00000298       __imp_TlsSetValue          0000000180145298     kernel32:KERNEL32.dll
 0005:000002a0       __imp_TlsFree              00000001801452a0     kernel32:KERNEL32.dll
 0005:000002a8       __imp_GetModuleFileNameA   00000001801452a8     kernel32:KERNEL32.dll
 0005:000002b0       __imp_GetModuleHandleExW   00000001801452b0     kernel32:KERNEL32.dll
 0005:000002b8       __imp_HeapSize             00000001801452b8     kernel32:KERNEL32.dll
 0005:000002c0       __imp_HeapValidate         00000001801452c0     kernel32:KERNEL32.dll
 0005:000002c8       \177KERNEL32_NULL_THUNK_DATA 00000001801452c8     kernel32:KERNEL32.dll
 0005:000003a8       __imp_?findOverlapHeightField@PxMeshQuery@physx@@SAIAEBVPxGeometry@2@AEBVPxTransform@2@AEBVPxHeightFieldGeometry@2@1PEAIIIAEA_N@Z 00000001801453a8     PhysX3CommonDEBUG_x64:PhysX3CommonDEBUG_x64.dll
 0005:000003b0       __imp_?findOverlapTriangleMesh@PxMeshQuery@physx@@SAIAEBVPxGeometry@2@AEBVPxTransform@2@AEBVPxTriangleMeshGeometry@2@1PEAIIIAEA_N@Z 00000001801453b0     PhysX3CommonDEBUG_x64:PhysX3CommonDEBUG_x64.dll
 0005:000003b8       __imp_?getRaycastFuncTable@Gu@physx@@YAAEAY06Q6AIAEBVPxGeometry@2@AEBVPxTransform@2@AEBVPxVec3@2@2MV?$PxFlags@W4Enum@PxHitFlag@physx@@G@2@IPEIAUPxRaycastHit@2@@ZXZ 00000001801453b8     PhysX3CommonDEBUG_x64:PhysX3CommonDEBUG_x64.dll
 0005:000003c0       __imp_?distanceSegmentSegmentSquared@Gu@physx@@YAMAEBVPxVec3@2@000PEAM1@Z 00000001801453c0     PhysX3CommonDEBUG_x64:PhysX3CommonDEBUG_x64.dll
 0005:000003c8       __imp_?CompleteBoxPruning@Cm@physx@@YA_NPEBVPxBounds3@2@IAEAV?$Array@IVNamedAllocator@shdfnd@physx@@@shdfnd@2@AEBVAxes@Gu@2@@Z 00000001801453c8     PhysX3CommonDEBUG_x64:PhysX3CommonDEBUG_x64.dll
 0005:000003d0       __imp_?intersectTriangleBox_Unsafe@Gu@physx@@YAHAEBVPxVec3@2@0000@Z 00000001801453d0     PhysX3CommonDEBUG_x64:PhysX3CommonDEBUG_x64.dll
 0005:000003d8       __imp_??6RenderOutput@Cm@physx@@QEAAAEAV012@VPxVec3@2@@Z 00000001801453d8     PhysX3CommonDEBUG_x64:PhysX3CommonDEBUG_x64.dll
 0005:000003e0       __imp_??6RenderOutput@Cm@physx@@QEAAAEAV012@W4Primitive@012@@Z 00000001801453e0     PhysX3CommonDEBUG_x64:PhysX3CommonDEBUG_x64.dll
 0005:000003e8       __imp_?getTriangle@PxMeshQuery@physx@@SAXAEBVPxHeightFieldGeometry@2@AEBVPxTransform@2@IAEAVPxTriangle@2@PEAI3@Z 00000001801453e8     PhysX3CommonDEBUG_x64:PhysX3CommonDEBUG_x64.dll
 0005:000003f0       __imp_?getTriangle@PxMeshQuery@physx@@SAXAEBVPxTriangleMeshGeometry@2@AEBVPxTransform@2@IAEAVPxTriangle@2@PEAI3@Z 00000001801453f0     PhysX3CommonDEBUG_x64:PhysX3CommonDEBUG_x64.dll
 0005:000003f8       __imp_?distanceSegmentBoxSquared@Gu@physx@@YAMAEBVPxVec3@2@000AEBVPxMat33@2@PEAMPEAV32@@Z 00000001801453f8     PhysX3CommonDEBUG_x64:PhysX3CommonDEBUG_x64.dll
 0005:00000400       __imp_?intersectOBBOBB@Gu@physx@@YA_NAEBVPxVec3@2@0AEBVPxMat33@2@001_N@Z 0000000180145400     PhysX3CommonDEBUG_x64:PhysX3CommonDEBUG_x64.dll
 0005:00000408       __imp_??1Box@Gu@physx@@QEAA@XZ 0000000180145408     PhysX3CommonDEBUG_x64:PhysX3CommonDEBUG_x64.dll
 0005:00000410       __imp_??0Box@Gu@physx@@QEAA@AEBVPxVec3@2@0AEBVPxMat33@2@@Z 0000000180145410     PhysX3CommonDEBUG_x64:PhysX3CommonDEBUG_x64.dll
 0005:00000418       __imp_?computePenetration@PxGeometryQuery@physx@@SA_NAEAVPxVec3@2@AEAMAEBVPxGeometry@2@AEBVPxTransform@2@23@Z 0000000180145418     PhysX3CommonDEBUG_x64:PhysX3CommonDEBUG_x64.dll
 0005:00000420       __imp_?sweep@PxGeometryQuery@physx@@SA_NAEBVPxVec3@2@MAEBVPxGeometry@2@AEBVPxTransform@2@12AEAUPxSweepHit@2@V?$PxFlags@W4Enum@PxHitFlag@physx@@G@2@M@Z 0000000180145420     PhysX3CommonDEBUG_x64:PhysX3CommonDEBUG_x64.dll
 0005:00000428       __imp_?PxTransformFromSegment@physx@@YA?AVPxTransform@1@AEBVPxVec3@1@0PEAM@Z 0000000180145428     PhysX3CommonDEBUG_x64:PhysX3CommonDEBUG_x64.dll
 0005:00000430       __imp_??6Cm@physx@@YAAEAVRenderOutput@01@AEAV201@AEBUDebugBox@01@@Z 0000000180145430     PhysX3CommonDEBUG_x64:PhysX3CommonDEBUG_x64.dll
 0005:00000438       __imp_?outputCapsule@RenderOutput@Cm@physx@@QEAAAEAV123@MMAEBVPxMat44@3@@Z 0000000180145438     PhysX3CommonDEBUG_x64:PhysX3CommonDEBUG_x64.dll
 0005:00000440       __imp_??6RenderOutput@Cm@physx@@QEAAAEAV012@AEBVPxTransform@2@@Z 0000000180145440     PhysX3CommonDEBUG_x64:PhysX3CommonDEBUG_x64.dll
 0005:00000448       __imp_??6RenderOutput@Cm@physx@@QEAAAEAV012@I@Z 0000000180145448     PhysX3CommonDEBUG_x64:PhysX3CommonDEBUG_x64.dll
 0005:00000450       __imp_??0RenderOutput@Cm@physx@@QEAA@AEAVRenderBuffer@12@@Z 0000000180145450     PhysX3CommonDEBUG_x64:PhysX3CommonDEBUG_x64.dll
 0005:00000458       __imp_?sweep@PxMeshQuery@physx@@SA_NAEBVPxVec3@2@MAEBVPxGeometry@2@AEBVPxTransform@2@IPEBVPxTriangle@2@AEAUPxSweepHit@2@V?$PxFlags@W4Enum@PxHitFlag@physx@@G@2@PEBIM_N@Z 0000000180145458     PhysX3CommonDEBUG_x64:PhysX3CommonDEBUG_x64.dll
 0005:00000460       \177PhysX3CommonDEBUG_x64_NULL_THUNK_DATA 0000000180145460     PhysX3CommonDEBUG_x64:PhysX3CommonDEBUG_x64.dll
 0005:000004d8       __imp_?PxDiagonalize@physx@@YA?AVPxVec3@1@AEBVPxMat33@1@AEAVPxQuat@1@@Z 00000001801454d8     PxFoundationDEBUG_x64:PxFoundationDEBUG_x64.dll
 0005:000004e0       __imp_?PxShortestRotation@physx@@YA?AVPxQuat@1@AEBVPxVec3@1@0@Z 00000001801454e0     PxFoundationDEBUG_x64:PxFoundationDEBUG_x64.dll
 0005:000004e8       __imp_?error@Foundation@shdfnd@physx@@QEAAXW4Enum@PxErrorCode@3@PEBDH1ZZ 00000001801454e8     PxFoundationDEBUG_x64:PxFoundationDEBUG_x64.dll
 0005:000004f0       __imp_?decRefCount@Foundation@shdfnd@physx@@SAXXZ 00000001801454f0     PxFoundationDEBUG_x64:PxFoundationDEBUG_x64.dll
 0005:000004f8       __imp_?incRefCount@Foundation@shdfnd@physx@@SAXXZ 00000001801454f8     PxFoundationDEBUG_x64:PxFoundationDEBUG_x64.dll
 0005:00000500       __imp_?getInstance@Foundation@shdfnd@physx@@SAAEAV123@XZ 0000000180145500     PxFoundationDEBUG_x64:PxFoundationDEBUG_x64.dll
 0005:00000508       __imp_?getSize@MutexImpl@shdfnd@physx@@SAAEBIXZ 0000000180145508     PxFoundationDEBUG_x64:PxFoundationDEBUG_x64.dll
 0005:00000510       __imp_??1MutexImpl@shdfnd@physx@@QEAA@XZ 0000000180145510     PxFoundationDEBUG_x64:PxFoundationDEBUG_x64.dll
 0005:00000518       __imp_??0MutexImpl@shdfnd@physx@@QEAA@XZ 0000000180145518     PxFoundationDEBUG_x64:PxFoundationDEBUG_x64.dll
 0005:00000520       __imp_PxGetFoundation      0000000180145520     PxFoundationDEBUG_x64:PxFoundationDEBUG_x64.dll
 0005:00000528       __imp_?deallocate@NamedAllocator@shdfnd@physx@@QEAAXPEAX@Z 0000000180145528     PxFoundationDEBUG_x64:PxFoundationDEBUG_x64.dll
 0005:00000530       __imp_?allocate@NamedAllocator@shdfnd@physx@@QEAAPEAX_KPEBDH@Z 0000000180145530     PxFoundationDEBUG_x64:PxFoundationDEBUG_x64.dll
 0005:00000538       __imp_??1NamedAllocator@shdfnd@physx@@QEAA@XZ 0000000180145538     PxFoundationDEBUG_x64:PxFoundationDEBUG_x64.dll
 0005:00000540       __imp_??0NamedAllocator@shdfnd@physx@@QEAA@AEBV012@@Z 0000000180145540     PxFoundationDEBUG_x64:PxFoundationDEBUG_x64.dll
 0005:00000548       __imp_PxGetProfilerCallback 0000000180145548     PxFoundationDEBUG_x64:PxFoundationDEBUG_x64.dll
 0005:00000550       __imp_?unlock@MutexImpl@shdfnd@physx@@QEAAXXZ 0000000180145550     PxFoundationDEBUG_x64:PxFoundationDEBUG_x64.dll
 0005:00000558       __imp_?lock@MutexImpl@shdfnd@physx@@QEAAXXZ 0000000180145558     PxFoundationDEBUG_x64:PxFoundationDEBUG_x64.dll
 0005:00000560       __imp_??0NamedAllocator@shdfnd@physx@@QEAA@PEBD@Z 0000000180145560     PxFoundationDEBUG_x64:PxFoundationDEBUG_x64.dll
 0005:00000568       __imp_?getAllocator@shdfnd@physx@@YAAEAVPxAllocatorCallback@2@XZ 0000000180145568     PxFoundationDEBUG_x64:PxFoundationDEBUG_x64.dll
 0005:00000570       __imp_?PxGetAssertHandler@physx@@YAAEAVPxAssertHandler@1@XZ 0000000180145570     PxFoundationDEBUG_x64:PxFoundationDEBUG_x64.dll
 0005:00000578       \177PxFoundationDEBUG_x64_NULL_THUNK_DATA 0000000180145578     PxFoundationDEBUG_x64:PxFoundationDEBUG_x64.dll
 0005:000005f0       __IMPORT_DESCRIPTOR_PxFoundationDEBUG_x64 00000001801455f0     PxFoundationDEBUG_x64:PxFoundationDEBUG_x64.dll
 0005:00000604       __IMPORT_DESCRIPTOR_PhysX3CommonDEBUG_x64 0000000180145604     PhysX3CommonDEBUG_x64:PhysX3CommonDEBUG_x64.dll
 0005:00000618       __IMPORT_DESCRIPTOR_KERNEL32 0000000180145618     kernel32:KERNEL32.dll
 0005:0000062c       __NULL_IMPORT_DESCRIPTOR   000000018014562c     PxFoundationDEBUG_x64:PxFoundationDEBUG_x64.dll
 0006:00000000       __guard_check_icall_fptr   0000000180148000     LIBCMTD:guard_support.obj
 0006:00000010       __guard_dispatch_icall_fptr 0000000180148010     LIBCMTD:guard_support.obj
 0006:00000020       __guard_ss_verify_failure_fptr 0000000180148020     LIBCMTD:guard_support.obj
 0006:00000030       __guard_ss_verify_sp_fptr  0000000180148030     LIBCMTD:guard_support.obj
