 PhysX3CookingDEBUG_x64

 Timestamp is 5832913f (Mon Nov 21 14:16:31 2016)

 Preferred load address is 0000000180000000

 Start         Length     Name                   Class
 0001:00000000 000028aeH .text$di                CODE
 0001:000028b0 000c2555H .text$mn                CODE
 0001:000c4e10 0000204dH .text$x                 CODE
 0002:00000000 00000109H .CRT$XCA                DATA
 0002:00000110 00000229H .CRT$XCU                DATA
 0002:00000340 00000109H .CRT$XCZ                DATA
 0002:00000450 00000109H .CRT$XIA                DATA
 0002:00000560 00000130H .CRT$XIC                DATA
 0002:00000690 00000109H .CRT$XIZ                DATA
 0002:000007a0 00000109H .CRT$XPA                DATA
 0002:000008b0 00000113H .CRT$XPX                DATA
 0002:000009c8 00000109H .CRT$XPXA               DATA
 0002:00000ad8 00000109H .CRT$XPZ                DATA
 0002:00000be8 00000109H .CRT$XTA                DATA
 0002:00000cf8 00000109H .CRT$XTZ                DATA
 0002:00000e10 0001a1a6H .rdata                  DATA
 0002:0001afb8 00000181H .rdata$debug            DATA
 0002:0001b140 000008b4H .rdata$r                DATA
 0002:0001b9f8 00000109H .rtc$IAA                DATA
 0002:0001bb08 00000205H .rtc$IMZ                DATA
 0002:0001bd10 00000109H .rtc$IZZ                DATA
 0002:0001be20 00000109H .rtc$TAA                DATA
 0002:0001bf30 00000205H .rtc$TMZ                DATA
 0002:0001c138 00000109H .rtc$TZZ                DATA
 0002:0001c248 00004d5eH .xdata                  DATA
 0002:00020fa8 00000211H .xdata$x                DATA
 0002:000211c0 000001a0H .edata                  DATA
 0003:00000000 00001fafH .data                   DATA
 0003:00001fb0 00000695H .data$r                 DATA
 0003:00002660 00002bd1H .bss                    DATA
 0004:00000000 000051fcH .pdata                  DATA
 0005:00000000 000003a8H .idata$5                DATA
 0005:000003a8 00000014H .idata$2                DATA
 0005:000003bc 00000014H .idata$3                DATA
 0005:000003d0 000003a8H .idata$4                DATA
 0005:00000778 0000082fH .idata$6                DATA
 0006:00000000 00000020H .didat$2                DATA
 0006:00000020 00000020H .didat$3                DATA
 0006:00000040 00000468H .didat$4                DATA
 0006:000004a8 00000468H .didat$5                DATA
 0006:00000910 00001961H .didat$6                DATA
 0006:00002278 000004c8H .didat$7                DATA
 0007:00000000 000001c0H .rsrc$01                DATA
 0007:000001c0 000006a9H .rsrc$02                DATA

  Address         Publics by Value              Rva+Base               Lib:Object

 0000:00000000       ___safe_se_handler_table   0000000000000000     <absolute>
 0000:00000000       ___safe_se_handler_count   0000000000000000     <absolute>
 0000:00000000       __guard_fids_table         0000000000000000     <absolute>
 0000:00000000       __guard_flags              0000000000000000     <absolute>
 0000:00000000       __guard_fids_count         0000000000000000     <absolute>
 0000:00000000       __ImageBase                0000000180000000     <linker-defined>
 0001:000028b0       PxSetPhysXCookingDelayLoadHook 00000001800038b0 f   WindowsCookingDelayLoadHook.obj
 0001:000028d0       ?delayHook@@YAP6A_JXZIPEAUDelayLoadInfo@@@Z 00000001800038d0 f   WindowsCookingDelayLoadHook.obj
 0001:00002980       ?loadLibrary@shdfnd@physx@@YAPEAUHINSTANCE__@@PEBD@Z 0000000180003980 f i WindowsCookingDelayLoadHook.obj
 0001:000029a0       ?physXCommonDliNotePreLoadLibrary@shdfnd@physx@@YAP6A_JXZPEBDPEBVPxDelayLoadHook@2@@Z 00000001800039a0 f i WindowsCookingDelayLoadHook.obj
 0001:00002f00       ?strstr@@YAPEADPEADPEBD@Z  0000000180003f00 f i WindowsCookingDelayLoadHook.obj
 0001:00002f30       ?saveHeightField@physx@@YA_NAEBVHeightField@Gu@1@AEAVPxOutputStream@1@_N@Z 0000000180003f30 f   HeightFieldCooking.obj
 0001:00003450       ??B?$PxFlags@W4Enum@PxHeightFieldFlag@physx@@G@physx@@QEBAGXZ 0000000180004450 f i HeightFieldCooking.obj
 0001:00003470       ?getData@HeightField@Gu@physx@@QEBAAEBUHeightFieldData@23@XZ 0000000180004470 f i HeightFieldCooking.obj
 0001:00003490       ?buildFromTriangles@RTreeCooker@physx@@SAXAEAURTree@Gu@2@PEBVPxVec3@2@IPEBGPEBIIAEAV?$Array@IVNamedAllocator@shdfnd@physx@@@shdfnd@2@PEAURemapCallback@12@MW4Enum@PxMeshCookingHint@2@@Z 0000000180004490 f   RTreeCooking.obj
 0001:00005310       ??$PX_UNUSED@I@@YAXAEBI@Z  0000000180006310 f i RTreeCooking.obj
 0001:00005320       ??$PX_UNUSED@M@@YAXAEBM@Z  0000000180006320 f i RTreeCooking.obj
 0001:00005330       ??$PX_UNUSED@PEAURTreeNodeNQ@physx@@@@YAXAEBQEAURTreeNodeNQ@physx@@@Z 0000000180006330 f i RTreeCooking.obj
 0001:00005340       ??$PX_UNUSED@URTreeNodeNQ@physx@@@@YAXAEBURTreeNodeNQ@physx@@@Z 0000000180006340 f i RTreeCooking.obj
 0001:00005350       ??$PxMax@H@physx@@YAHHH@Z  0000000180006350 f i RTreeCooking.obj
 0001:00005390       ??$PxMax@I@physx@@YAIII@Z  0000000180006390 f i RTreeCooking.obj
 0001:000053d0       ??$PxMax@M@physx@@YAMMM@Z  00000001800063d0 f i RTreeCooking.obj
 0001:00005400       ??$PxMin@I@physx@@YAIII@Z  0000000180006400 f i RTreeCooking.obj
 0001:00005440       ??$PxMin@M@physx@@YAMMM@Z  0000000180006440 f i RTreeCooking.obj
 0001:00005470       ??$median3@I$$CBU?$Less@I@shdfnd@physx@@@internal@shdfnd@physx@@YAXPEAIHHAEBU?$Less@I@12@@Z 0000000180006470 f i RTreeCooking.obj
 0001:00005630       ??$median3@I$$CBUSortBoundsPredicate@physx@@@internal@shdfnd@physx@@YAXPEAIHHAEBUSortBoundsPredicate@2@@Z 0000000180006630 f i RTreeCooking.obj
 0001:000057f0       ??$partition@I$$CBU?$Less@I@shdfnd@physx@@@internal@shdfnd@physx@@YAHPEAIHHAEBU?$Less@I@12@@Z 00000001800067f0 f i RTreeCooking.obj
 0001:00005a60       ??$partition@I$$CBUSortBoundsPredicate@physx@@@internal@shdfnd@physx@@YAHPEAIHHAEBUSortBoundsPredicate@2@@Z 0000000180006a60 f i RTreeCooking.obj
 0001:00005cd0       ??$partition@UBoundsLTE@physx@@@quickSelect@physx@@YAIPEIAIIIIAEBUBoundsLTE@1@@Z 0000000180006cd0 f i RTreeCooking.obj
 0001:000060f0       ??$quickSelectFirstK@UBoundsLTE@physx@@@quickSelect@physx@@YAXPEIAIIIIAEBUBoundsLTE@1@@Z 00000001800070f0 f i RTreeCooking.obj
 0001:000062a0       ??$smallSort@I$$CBU?$Less@I@shdfnd@physx@@@internal@shdfnd@physx@@YAXPEAIHHAEBU?$Less@I@12@@Z 00000001800072a0 f i RTreeCooking.obj
 0001:000063b0       ??$smallSort@I$$CBUSortBoundsPredicate@physx@@@internal@shdfnd@physx@@YAXPEAIHHAEBUSortBoundsPredicate@2@@Z 00000001800073b0 f i RTreeCooking.obj
 0001:000064c0       ??$sort@I@shdfnd@physx@@YAXPEAII@Z 00000001800074c0 f i RTreeCooking.obj
 0001:00006540       ??$sort@IU?$Less@I@shdfnd@physx@@VNamedAllocator@23@@shdfnd@physx@@YAXPEAIIAEBU?$Less@I@01@AEBVNamedAllocator@01@I@Z 0000000180007540 f i RTreeCooking.obj
 0001:00006900       ??$sort@IUSortBoundsPredicate@physx@@@shdfnd@physx@@YAXPEAIIAEBUSortBoundsPredicate@1@@Z 0000000180007900 f i RTreeCooking.obj
 0001:00006960       ??$sort@IUSortBoundsPredicate@physx@@VNamedAllocator@shdfnd@2@@shdfnd@physx@@YAXPEAIIAEBUSortBoundsPredicate@1@AEBVNamedAllocator@01@I@Z 0000000180007960 f i RTreeCooking.obj
 0001:00006d20       ??$swap@I@shdfnd@physx@@YAXAEAI0@Z 0000000180007d20 f i RTreeCooking.obj
 0001:00006d70       ??0?$AlignedAllocator@$0IA@VAllocator@shdfnd@physx@@@shdfnd@physx@@QEAA@AEBVAllocator@12@@Z 0000000180007d70 f i RTreeCooking.obj
 0001:00006d90       ??0?$Array@IVNamedAllocator@shdfnd@physx@@@shdfnd@physx@@QEAA@IAEBIAEBVNamedAllocator@12@@Z 0000000180007d90 f i RTreeCooking.obj
 0001:00006e20       ??0?$Array@UInterval@physx@@V?$InlineAllocator@$0CA@VNamedAllocator@shdfnd@physx@@@shdfnd@2@@shdfnd@physx@@QEAA@AEBV?$InlineAllocator@$0CA@VNamedAllocator@shdfnd@physx@@@12@@Z 0000000180007e20 f i RTreeCooking.obj
 0001:00006e80       ??0?$Array@UPxBounds3V@physx@@VNamedAllocator@shdfnd@2@@shdfnd@physx@@QEAA@AEBVNamedAllocator@12@@Z 0000000180007e80 f i RTreeCooking.obj
 0001:00006ee0       ??0?$Array@URTreeNodeNQ@physx@@VNamedAllocator@shdfnd@2@@shdfnd@physx@@QEAA@AEBVNamedAllocator@12@@Z 0000000180007ee0 f i RTreeCooking.obj
 0001:00006f40       ??0?$Array@URTreeNodeQ@Gu@physx@@VNamedAllocator@shdfnd@3@@shdfnd@physx@@QEAA@AEBVNamedAllocator@12@@Z 0000000180007f40 f i RTreeCooking.obj
 0001:00006fa0       ??0?$Array@VPxVec3@physx@@VNamedAllocator@shdfnd@2@@shdfnd@physx@@QEAA@AEBVNamedAllocator@12@@Z 0000000180007fa0 f i RTreeCooking.obj
 0001:00007000       ??0?$InlineAllocator@$0CA@VNamedAllocator@shdfnd@physx@@@shdfnd@physx@@QEAA@AEBV012@@Z 0000000180008000 f i RTreeCooking.obj
 0001:00007040       ??0?$InlineAllocator@$0CA@VNamedAllocator@shdfnd@physx@@@shdfnd@physx@@QEAA@AEBVNamedAllocator@12@@Z 0000000180008040 f i RTreeCooking.obj
 0001:00007080       ??0?$InlineArray@UInterval@physx@@$03VNamedAllocator@shdfnd@2@@shdfnd@physx@@QEAA@AEBVNamedAllocator@12@@Z 0000000180008080 f i RTreeCooking.obj
 0001:00007100       ??0?$ScopedPointer@HVTempAllocator@shdfnd@physx@@@shdfnd@physx@@QEAA@XZ 0000000180008100 f i RTreeCooking.obj
 0001:00007130       ??0?$Stack@VNamedAllocator@shdfnd@physx@@@internal@shdfnd@physx@@QEAA@PEAHIAEBVNamedAllocator@23@@Z 0000000180008130 f i RTreeCooking.obj
 0001:000071b0       ??0BoundsLTE@physx@@QEAA@IPEBVPxVec3@1@@Z 00000001800081b0 f i RTreeCooking.obj
 0001:000071f0       ??0Interval@physx@@QEAA@II@Z 00000001800081f0 f i RTreeCooking.obj
 0001:00007230       ??0PxBounds3@physx@@QEAA@AEBV01@@Z 0000000180008230 f i RTreeCooking.obj
 0001:00007290       ??0PxBounds3@physx@@QEAA@AEBVPxVec3@1@0@Z 0000000180008290 f i RTreeCooking.obj
 0001:000072f0       ??0PxBounds3V@physx@@QEAA@AEAT__m128@@0@Z 00000001800082f0 f i RTreeCooking.obj
 0001:00007340       ??0PxBounds3V@physx@@QEAA@UU@01@@Z 0000000180008340 f i RTreeCooking.obj
 0001:00007360       ??0PxVec3@physx@@QEAA@AEBV01@@Z 0000000180008360 f i RTreeCooking.obj
 0001:000073c0       ??0PxVec3@physx@@QEAA@M@Z  00000001800083c0 f i RTreeCooking.obj
 0001:00007410       ??0PxVec3@physx@@QEAA@MMM@Z 0000000180008410 f i RTreeCooking.obj
 0001:00007470       ??0PxVec4@physx@@QEAA@AEBVPxVec3@1@M@Z 0000000180008470 f i RTreeCooking.obj
 0001:000074f0       ??0PxVec4@physx@@QEAA@M@Z  00000001800084f0 f i RTreeCooking.obj
 0001:00007560       ??0PxVec4@physx@@QEAA@MMMM@Z 0000000180008560 f i RTreeCooking.obj
 0001:000075e0       ??0RTreeNodeNQ@physx@@QEAA@AEBU01@@Z 00000001800085e0 f i RTreeCooking.obj
 0001:00007640       ??0RTreeNodeNQ@physx@@QEAA@XZ 0000000180008640 f i RTreeCooking.obj
 0001:00007690       ??0SortBoundsPredicate@physx@@QEAA@IPEBUPxBounds3V@1@@Z 0000000180008690 f i RTreeCooking.obj
 0001:000076d0       ??0SubSortQuick@physx@@QEAA@PEAIPEBUPxBounds3V@1@IM@Z 00000001800086d0 f i RTreeCooking.obj
 0001:00007880       ??0SubSortSAH@physx@@QEAA@PEAIPEBUPxBounds3V@1@IPEBI22222M@Z 0000000180008880 f i RTreeCooking.obj
 0001:00007af0       ??1?$Array@IVNamedAllocator@shdfnd@physx@@@shdfnd@physx@@QEAA@XZ 0000000180008af0 f i RTreeCooking.obj
 0001:00007b80       ??1?$Array@UInterval@physx@@V?$InlineAllocator@$0CA@VNamedAllocator@shdfnd@physx@@@shdfnd@2@@shdfnd@physx@@QEAA@XZ 0000000180008b80 f i RTreeCooking.obj
 0001:00007c10       ??1?$Array@UPxBounds3V@physx@@VNamedAllocator@shdfnd@2@@shdfnd@physx@@QEAA@XZ 0000000180008c10 f i RTreeCooking.obj
 0001:00007ca0       ??1?$Array@URTreeNodeNQ@physx@@VNamedAllocator@shdfnd@2@@shdfnd@physx@@QEAA@XZ 0000000180008ca0 f i RTreeCooking.obj
 0001:00007d30       ??1?$Array@URTreeNodeQ@Gu@physx@@VNamedAllocator@shdfnd@3@@shdfnd@physx@@QEAA@XZ 0000000180008d30 f i RTreeCooking.obj
 0001:00007dc0       ??1?$Array@VPxVec3@physx@@VNamedAllocator@shdfnd@2@@shdfnd@physx@@QEAA@XZ 0000000180008dc0 f i RTreeCooking.obj
 0001:00007e50       ??1?$InlineAllocator@$0CA@VNamedAllocator@shdfnd@physx@@@shdfnd@physx@@QEAA@XZ 0000000180008e50 f i RTreeCooking.obj
 0001:00007e70       ??1?$InlineArray@UInterval@physx@@$03VNamedAllocator@shdfnd@2@@shdfnd@physx@@QEAA@XZ 0000000180008e70 f i RTreeCooking.obj
 0001:00007e90       ??1?$ScopedPointer@HVTempAllocator@shdfnd@physx@@@shdfnd@physx@@QEAA@XZ 0000000180008e90 f i RTreeCooking.obj
 0001:00007ed0       ??1?$Stack@VNamedAllocator@shdfnd@physx@@@internal@shdfnd@physx@@QEAA@XZ 0000000180008ed0 f i RTreeCooking.obj
 0001:00007f20       ??1SubSortQuick@physx@@QEAA@XZ 0000000180008f20 f i RTreeCooking.obj
 0001:00007f50       ??1SubSortSAH@physx@@QEAA@XZ 0000000180008f50 f i RTreeCooking.obj
 0001:00008020       ??2@YAPEAX_KPEAX@Z         0000000180009020 f i RTreeCooking.obj
 0001:00008040       ??4PxVec3@physx@@QEAAAEAV01@AEBV01@@Z 0000000180009040 f i RTreeCooking.obj
 0001:000080a0       ??4PxVec4@physx@@QEAAAEAV01@AEBV01@@Z 00000001800090a0 f i RTreeCooking.obj
 0001:00008120       ??A?$Array@IVNamedAllocator@shdfnd@physx@@@shdfnd@physx@@QEAAAEAII@Z 0000000180009120 f i RTreeCooking.obj
 0001:000081c0       ??A?$Array@UInterval@physx@@V?$InlineAllocator@$0CA@VNamedAllocator@shdfnd@physx@@@shdfnd@2@@shdfnd@physx@@QEAAAEAUInterval@2@I@Z 00000001800091c0 f i RTreeCooking.obj
 0001:00008260       ??A?$Array@URTreeNodeNQ@physx@@VNamedAllocator@shdfnd@2@@shdfnd@physx@@QEAAAEAURTreeNodeNQ@2@I@Z 0000000180009260 f i RTreeCooking.obj
 0001:00008300       ??A?$Array@URTreeNodeQ@Gu@physx@@VNamedAllocator@shdfnd@3@@shdfnd@physx@@QEAAAEAURTreeNodeQ@Gu@2@I@Z 0000000180009300 f i RTreeCooking.obj
 0001:000083a0       ??APxVec3@physx@@QEBAAEBMI@Z 00000001800093a0 f i RTreeCooking.obj
 0001:00008430       ??B?$ScopedPointer@HVTempAllocator@shdfnd@physx@@@shdfnd@physx@@QEBAPEAHXZ 0000000180009430 f i RTreeCooking.obj
 0001:00008450       ??GPxVec4@physx@@QEBA?AV01@AEBV01@@Z 0000000180009450 f i RTreeCooking.obj
 0001:00008500       ??HPxVec3@physx@@QEBA?AV01@AEBV01@@Z 0000000180009500 f i RTreeCooking.obj
 0001:000085a0       ??KPxVec4@physx@@QEBA?AV01@M@Z 00000001800095a0 f i RTreeCooking.obj
 0001:00008660       ??R?$Less@I@shdfnd@physx@@QEBA_NAEBI0@Z 0000000180009660 f i RTreeCooking.obj
 0001:000086b0       ??RBoundsLTE@physx@@QEBA_NAEBI0@Z 00000001800096b0 f i RTreeCooking.obj
 0001:00008770       ??RSortBoundsPredicate@physx@@QEBA_NAEBI0@Z 0000000180009770 f i RTreeCooking.obj
 0001:000088f0       ?FLoad@aos@shdfnd@physx@@YA?AT__m128@@M@Z 00000001800098f0 f i RTreeCooking.obj
 0001:00008920       ?FMax@aos@shdfnd@physx@@YA?AT__m128@@XZ 0000000180009920 f i RTreeCooking.obj
 0001:00008950       ?FNegMax@aos@shdfnd@physx@@YA?AT__m128@@XZ 0000000180009950 f i RTreeCooking.obj
 0001:00008980       ?FStore@aos@shdfnd@physx@@YAXT__m128@@PEIAM@Z 0000000180009980 f i RTreeCooking.obj
 0001:000089b0       ?PxAbs@physx@@YAHH@Z       00000001800099b0 f i RTreeCooking.obj
 0001:000089d0       ?PxIsFinite@physx@@YA_NM@Z 00000001800099d0 f i RTreeCooking.obj
 0001:000089f0       ?PxMemCopy@physx@@YAPEAXPEIAXPEIBXI@Z 00000001800099f0 f i RTreeCooking.obj
 0001:00008a30       ?V3Add@aos@shdfnd@physx@@YA?AT__m128@@T4@0@Z 0000000180009a30 f i RTreeCooking.obj
 0001:00008a70       ?V3Dot@aos@shdfnd@physx@@YA?AT__m128@@T4@0@Z 0000000180009a70 f i RTreeCooking.obj
 0001:00008b60       ?V3Load@aos@shdfnd@physx@@YA?AT__m128@@M@Z 0000000180009b60 f i RTreeCooking.obj
 0001:00008bb0       ?V3LoadU@aos@shdfnd@physx@@YA?AT__m128@@AEBVPxVec3@3@@Z 0000000180009bb0 f i RTreeCooking.obj
 0001:00008c10       ?V3Max@aos@shdfnd@physx@@YA?AT__m128@@T4@0@Z 0000000180009c10 f i RTreeCooking.obj
 0001:00008c50       ?V3Min@aos@shdfnd@physx@@YA?AT__m128@@T4@0@Z 0000000180009c50 f i RTreeCooking.obj
 0001:00008c90       ?V3PermZXY@aos@shdfnd@physx@@YA?AT__m128@@T4@@Z 0000000180009c90 f i RTreeCooking.obj
 0001:00008cc0       ?V3ReadXYZ@aos@shdfnd@physx@@YAAEBVPxVec3@3@AEBT__m128@@@Z 0000000180009cc0 f i RTreeCooking.obj
 0001:00008cd0       ?V3Splat@aos@shdfnd@physx@@YA?AT__m128@@T4@@Z 0000000180009cd0 f i RTreeCooking.obj
 0001:00008d40       ?V3StoreA@aos@shdfnd@physx@@YAXT__m128@@AEAVPxVec3@3@@Z 0000000180009d40 f i RTreeCooking.obj
 0001:00008dc0       ?V3Sub@aos@shdfnd@physx@@YA?AT__m128@@T4@0@Z 0000000180009dc0 f i RTreeCooking.obj
 0001:00008e00       ?V3Zero@aos@shdfnd@physx@@YA?AT__m128@@XZ 0000000180009e00 f i RTreeCooking.obj
 0001:00008e20       ?V4ClearW@aos@shdfnd@physx@@YA?AT__m128@@T4@@Z 0000000180009e20 f i RTreeCooking.obj
 0001:00008e50       ?V4Load@aos@shdfnd@physx@@YA?AT__m128@@M@Z 0000000180009e50 f i RTreeCooking.obj
 0001:00008e80       ?Vec3V_From_FloatV@aos@shdfnd@physx@@YA?AT__m128@@T4@@Z 0000000180009e80 f i RTreeCooking.obj
 0001:00008ee0       ?Vec3V_From_Vec4V@aos@shdfnd@physx@@YA?AT__m128@@T4@@Z 0000000180009ee0 f i RTreeCooking.obj
 0001:00008f20       ?Vec4V_From_FloatV@aos@shdfnd@physx@@YA?AT__m128@@T4@@Z 0000000180009f20 f i RTreeCooking.obj
 0001:00008f40       ?allocate@?$AlignedAllocator@$0IA@VAllocator@shdfnd@physx@@@shdfnd@physx@@QEAAPEAX_KPEBDH@Z 0000000180009f40 f i RTreeCooking.obj
 0001:00009010       ?allocate@?$Array@IVNamedAllocator@shdfnd@physx@@@shdfnd@physx@@IEAAPEAII@Z 000000018000a010 f i RTreeCooking.obj
 0001:000090c0       ?allocate@?$Array@UInterval@physx@@V?$InlineAllocator@$0CA@VNamedAllocator@shdfnd@physx@@@shdfnd@2@@shdfnd@physx@@IEAAPEAUInterval@3@I@Z 000000018000a0c0 f i RTreeCooking.obj
 0001:00009170       ?allocate@?$Array@UPxBounds3V@physx@@VNamedAllocator@shdfnd@2@@shdfnd@physx@@IEAAPEAUPxBounds3V@3@I@Z 000000018000a170 f i RTreeCooking.obj
 0001:00009220       ?allocate@?$Array@URTreeNodeNQ@physx@@VNamedAllocator@shdfnd@2@@shdfnd@physx@@IEAAPEAURTreeNodeNQ@3@I@Z 000000018000a220 f i RTreeCooking.obj
 0001:000092d0       ?allocate@?$Array@URTreeNodeQ@Gu@physx@@VNamedAllocator@shdfnd@3@@shdfnd@physx@@IEAAPEAURTreeNodeQ@Gu@3@I@Z 000000018000a2d0 f i RTreeCooking.obj
 0001:00009380       ?allocate@?$Array@VPxVec3@physx@@VNamedAllocator@shdfnd@2@@shdfnd@physx@@IEAAPEAVPxVec3@3@I@Z 000000018000a380 f i RTreeCooking.obj
 0001:00009430       ?allocate@?$InlineAllocator@$0CA@VNamedAllocator@shdfnd@physx@@@shdfnd@physx@@QEAAPEAXIPEBDH@Z 000000018000a430 f i RTreeCooking.obj
 0001:000094b0       ?begin@?$Array@IVNamedAllocator@shdfnd@physx@@@shdfnd@physx@@QEAAPEAIXZ 000000018000a4b0 f i RTreeCooking.obj
 0001:000094d0       ?begin@?$Array@UPxBounds3V@physx@@VNamedAllocator@shdfnd@2@@shdfnd@physx@@QEAAPEAUPxBounds3V@3@XZ 000000018000a4d0 f i RTreeCooking.obj
 0001:000094f0       ?begin@?$Array@VPxVec3@physx@@VNamedAllocator@shdfnd@2@@shdfnd@physx@@QEAAPEAVPxVec3@3@XZ 000000018000a4f0 f i RTreeCooking.obj
 0001:00009510       ?capacity@?$Array@IVNamedAllocator@shdfnd@physx@@@shdfnd@physx@@QEBAIXZ 000000018000a510 f i RTreeCooking.obj
 0001:00009530       ?capacity@?$Array@UInterval@physx@@V?$InlineAllocator@$0CA@VNamedAllocator@shdfnd@physx@@@shdfnd@2@@shdfnd@physx@@QEBAIXZ 000000018000a530 f i RTreeCooking.obj
 0001:00009550       ?capacity@?$Array@UPxBounds3V@physx@@VNamedAllocator@shdfnd@2@@shdfnd@physx@@QEBAIXZ 000000018000a550 f i RTreeCooking.obj
 0001:00009570       ?capacity@?$Array@URTreeNodeNQ@physx@@VNamedAllocator@shdfnd@2@@shdfnd@physx@@QEBAIXZ 000000018000a570 f i RTreeCooking.obj
 0001:00009590       ?capacity@?$Array@URTreeNodeQ@Gu@physx@@VNamedAllocator@shdfnd@3@@shdfnd@physx@@QEBAIXZ 000000018000a590 f i RTreeCooking.obj
 0001:000095b0       ?capacity@?$Array@VPxVec3@physx@@VNamedAllocator@shdfnd@2@@shdfnd@physx@@QEBAIXZ 000000018000a5b0 f i RTreeCooking.obj
 0001:000095d0       ?capacityIncrement@?$Array@IVNamedAllocator@shdfnd@physx@@@shdfnd@physx@@IEBAIXZ 000000018000a5d0 f i RTreeCooking.obj
 0001:00009620       ?capacityIncrement@?$Array@UInterval@physx@@V?$InlineAllocator@$0CA@VNamedAllocator@shdfnd@physx@@@shdfnd@2@@shdfnd@physx@@IEBAIXZ 000000018000a620 f i RTreeCooking.obj
 0001:00009670       ?capacityIncrement@?$Array@UPxBounds3V@physx@@VNamedAllocator@shdfnd@2@@shdfnd@physx@@IEBAIXZ 000000018000a670 f i RTreeCooking.obj
 0001:000096c0       ?capacityIncrement@?$Array@URTreeNodeNQ@physx@@VNamedAllocator@shdfnd@2@@shdfnd@physx@@IEBAIXZ 000000018000a6c0 f i RTreeCooking.obj
 0001:00009710       ?capacityIncrement@?$Array@URTreeNodeQ@Gu@physx@@VNamedAllocator@shdfnd@3@@shdfnd@physx@@IEBAIXZ 000000018000a710 f i RTreeCooking.obj
 0001:00009760       ?capacityIncrement@?$Array@VPxVec3@physx@@VNamedAllocator@shdfnd@2@@shdfnd@physx@@IEBAIXZ 000000018000a760 f i RTreeCooking.obj
 0001:000097b0       ?computeSA@SubSortSAH@physx@@QEAAMPEBIAEBUInterval@2@@Z 000000018000a7b0 f i RTreeCooking.obj
 0001:00009a40       ?copy@?$Array@IVNamedAllocator@shdfnd@physx@@@shdfnd@physx@@KAXPEAI0PEBI@Z 000000018000aa40 f i RTreeCooking.obj
 0001:00009af0       ?copy@?$Array@UInterval@physx@@V?$InlineAllocator@$0CA@VNamedAllocator@shdfnd@physx@@@shdfnd@2@@shdfnd@physx@@KAXPEAUInterval@3@0PEBU43@@Z 000000018000aaf0 f i RTreeCooking.obj
 0001:00009ba0       ?copy@?$Array@UPxBounds3V@physx@@VNamedAllocator@shdfnd@2@@shdfnd@physx@@KAXPEAUPxBounds3V@3@0PEBU43@@Z 000000018000aba0 f i RTreeCooking.obj
 0001:00009c50       ?copy@?$Array@URTreeNodeNQ@physx@@VNamedAllocator@shdfnd@2@@shdfnd@physx@@KAXPEAURTreeNodeNQ@3@0PEBU43@@Z 000000018000ac50 f i RTreeCooking.obj
 0001:00009cf0       ?copy@?$Array@URTreeNodeQ@Gu@physx@@VNamedAllocator@shdfnd@3@@shdfnd@physx@@KAXPEAURTreeNodeQ@Gu@3@0PEBU453@@Z 000000018000acf0 f i RTreeCooking.obj
 0001:00009da0       ?copy@?$Array@VPxVec3@physx@@VNamedAllocator@shdfnd@2@@shdfnd@physx@@KAXPEAVPxVec3@3@0PEBV43@@Z 000000018000ada0 f i RTreeCooking.obj
 0001:00009e40       ?create@?$Array@IVNamedAllocator@shdfnd@physx@@@shdfnd@physx@@KAXPEAI0AEBI@Z 000000018000ae40 f i RTreeCooking.obj
 0001:00009ee0       ?deallocate@?$Array@IVNamedAllocator@shdfnd@physx@@@shdfnd@physx@@IEAAXPEAX@Z 000000018000aee0 f i RTreeCooking.obj
 0001:00009f10       ?deallocate@?$Array@UInterval@physx@@V?$InlineAllocator@$0CA@VNamedAllocator@shdfnd@physx@@@shdfnd@2@@shdfnd@physx@@IEAAXPEAX@Z 000000018000af10 f i RTreeCooking.obj
 0001:00009f40       ?deallocate@?$Array@UPxBounds3V@physx@@VNamedAllocator@shdfnd@2@@shdfnd@physx@@IEAAXPEAX@Z 000000018000af40 f i RTreeCooking.obj
 0001:00009f70       ?deallocate@?$Array@URTreeNodeNQ@physx@@VNamedAllocator@shdfnd@2@@shdfnd@physx@@IEAAXPEAX@Z 000000018000af70 f i RTreeCooking.obj
 0001:00009fa0       ?deallocate@?$Array@URTreeNodeQ@Gu@physx@@VNamedAllocator@shdfnd@3@@shdfnd@physx@@IEAAXPEAX@Z 000000018000afa0 f i RTreeCooking.obj
 0001:00009fd0       ?deallocate@?$Array@VPxVec3@physx@@VNamedAllocator@shdfnd@2@@shdfnd@physx@@IEAAXPEAX@Z 000000018000afd0 f i RTreeCooking.obj
 0001:0000a000       ?deallocate@?$InlineAllocator@$0CA@VNamedAllocator@shdfnd@physx@@@shdfnd@physx@@QEAAXPEAX@Z 000000018000b000 f i RTreeCooking.obj
 0001:0000a050       ?destroy@?$Array@IVNamedAllocator@shdfnd@physx@@@shdfnd@physx@@KAXPEAI0@Z 000000018000b050 f i RTreeCooking.obj
 0001:0000a090       ?destroy@?$Array@UInterval@physx@@V?$InlineAllocator@$0CA@VNamedAllocator@shdfnd@physx@@@shdfnd@2@@shdfnd@physx@@KAXPEAUInterval@3@0@Z 000000018000b090 f i RTreeCooking.obj
 0001:0000a0d0       ?destroy@?$Array@UPxBounds3V@physx@@VNamedAllocator@shdfnd@2@@shdfnd@physx@@KAXPEAUPxBounds3V@3@0@Z 000000018000b0d0 f i RTreeCooking.obj
 0001:0000a110       ?destroy@?$Array@URTreeNodeNQ@physx@@VNamedAllocator@shdfnd@2@@shdfnd@physx@@KAXPEAURTreeNodeNQ@3@0@Z 000000018000b110 f i RTreeCooking.obj
 0001:0000a150       ?destroy@?$Array@URTreeNodeQ@Gu@physx@@VNamedAllocator@shdfnd@3@@shdfnd@physx@@KAXPEAURTreeNodeQ@Gu@3@0@Z 000000018000b150 f i RTreeCooking.obj
 0001:0000a190       ?destroy@?$Array@VPxVec3@physx@@VNamedAllocator@shdfnd@2@@shdfnd@physx@@KAXPEAVPxVec3@3@0@Z 000000018000b190 f i RTreeCooking.obj
 0001:0000a1d0       ?empty@?$Stack@VNamedAllocator@shdfnd@physx@@@internal@shdfnd@physx@@QEAA_NXZ 000000018000b1d0 f i RTreeCooking.obj
 0001:0000a210       ?empty@PxBounds3@physx@@SA?AV12@XZ 000000018000b210 f i RTreeCooking.obj
 0001:0000a280       ?getExtents@PxBounds3V@physx@@QEBA?AT__m128@@XZ 000000018000b280 f i RTreeCooking.obj
 0001:0000a2f0       ?getMaxVec3@PxBounds3V@physx@@QEBAAEBVPxVec3@2@XZ 000000018000b2f0 f i RTreeCooking.obj
 0001:0000a310       ?getMinVec3@PxBounds3V@physx@@QEBAAEBVPxVec3@2@XZ 000000018000b310 f i RTreeCooking.obj
 0001:0000a320       ?grow@?$Array@IVNamedAllocator@shdfnd@physx@@@shdfnd@physx@@IEAAXI@Z 000000018000b320 f i RTreeCooking.obj
 0001:0000a3c0       ?grow@?$Array@UPxBounds3V@physx@@VNamedAllocator@shdfnd@2@@shdfnd@physx@@IEAAXI@Z 000000018000b3c0 f i RTreeCooking.obj
 0001:0000a460       ?grow@?$Array@URTreeNodeNQ@physx@@VNamedAllocator@shdfnd@2@@shdfnd@physx@@IEAAXI@Z 000000018000b460 f i RTreeCooking.obj
 0001:0000a500       ?grow@?$Array@URTreeNodeQ@Gu@physx@@VNamedAllocator@shdfnd@3@@shdfnd@physx@@IEAAXI@Z 000000018000b500 f i RTreeCooking.obj
 0001:0000a5a0       ?grow@?$Array@VPxVec3@physx@@VNamedAllocator@shdfnd@2@@shdfnd@physx@@IEAAXI@Z 000000018000b5a0 f i RTreeCooking.obj
 0001:0000a640       ?grow@?$Stack@VNamedAllocator@shdfnd@physx@@@internal@shdfnd@physx@@QEAAXXZ 000000018000b640 f i RTreeCooking.obj
 0001:0000a720       ?growAndPushBack@?$Array@IVNamedAllocator@shdfnd@physx@@@shdfnd@physx@@IEAAAEAIAEBI@Z 000000018000b720 f i RTreeCooking.obj
 0001:0000a930       ?growAndPushBack@?$Array@UInterval@physx@@V?$InlineAllocator@$0CA@VNamedAllocator@shdfnd@physx@@@shdfnd@2@@shdfnd@physx@@IEAAAEAUInterval@3@AEBU43@@Z 000000018000b930 f i RTreeCooking.obj
 0001:0000ab40       ?growAndPushBack@?$Array@UPxBounds3V@physx@@VNamedAllocator@shdfnd@2@@shdfnd@physx@@IEAAAEAUPxBounds3V@3@AEBU43@@Z 000000018000bb40 f i RTreeCooking.obj
 0001:0000ada0       ?growAndPushBack@?$Array@URTreeNodeNQ@physx@@VNamedAllocator@shdfnd@2@@shdfnd@physx@@IEAAAEAURTreeNodeNQ@3@AEBU43@@Z 000000018000bda0 f i RTreeCooking.obj
 0001:0000afb0       ?growAndPushBack@?$Array@URTreeNodeQ@Gu@physx@@VNamedAllocator@shdfnd@3@@shdfnd@physx@@IEAAAEAURTreeNodeQ@Gu@3@AEBU453@@Z 000000018000bfb0 f i RTreeCooking.obj
 0001:0000b210       ?growAndPushBack@?$Array@VPxVec3@physx@@VNamedAllocator@shdfnd@2@@shdfnd@physx@@IEAAAEAVPxVec3@3@AEBV43@@Z 000000018000c210 f i RTreeCooking.obj
 0001:0000b420       ?include@PxBounds3V@physx@@QEAAXAEBU12@@Z 000000018000c420 f i RTreeCooking.obj
 0001:0000b4f0       ?isFinite@PxBounds3@physx@@QEBA_NXZ 000000018000c4f0 f i RTreeCooking.obj
 0001:0000b560       ?isFinite@PxVec3@physx@@QEBA_NXZ 000000018000c560 f i RTreeCooking.obj
 0001:0000b5e0       ?isFinite@intrinsics@physx@@YA_NM@Z 000000018000c5e0 f i RTreeCooking.obj
 0001:0000b630       ?isInUserMemory@?$Array@IVNamedAllocator@shdfnd@physx@@@shdfnd@physx@@QEBAIXZ 000000018000c630 f i RTreeCooking.obj
 0001:0000b650       ?isInUserMemory@?$Array@UInterval@physx@@V?$InlineAllocator@$0CA@VNamedAllocator@shdfnd@physx@@@shdfnd@2@@shdfnd@physx@@QEBAIXZ 000000018000c650 f i RTreeCooking.obj
 0001:0000b670       ?isInUserMemory@?$Array@UPxBounds3V@physx@@VNamedAllocator@shdfnd@2@@shdfnd@physx@@QEBAIXZ 000000018000c670 f i RTreeCooking.obj
 0001:0000b690       ?isInUserMemory@?$Array@URTreeNodeNQ@physx@@VNamedAllocator@shdfnd@2@@shdfnd@physx@@QEBAIXZ 000000018000c690 f i RTreeCooking.obj
 0001:0000b6b0       ?isInUserMemory@?$Array@URTreeNodeQ@Gu@physx@@VNamedAllocator@shdfnd@3@@shdfnd@physx@@QEBAIXZ 000000018000c6b0 f i RTreeCooking.obj
 0001:0000b6d0       ?isInUserMemory@?$Array@VPxVec3@physx@@VNamedAllocator@shdfnd@2@@shdfnd@physx@@QEBAIXZ 000000018000c6d0 f i RTreeCooking.obj
 0001:0000b6f0       ?isInside@PxBounds3@physx@@QEBA_NAEBV12@@Z 000000018000c6f0 f i RTreeCooking.obj
 0001:0000b850       ?isLeaf@RTreeNodeQ@Gu@physx@@QEBAIXZ 000000018000c850 f i RTreeCooking.obj
 0001:0000b870       ?isValid@PxBounds3@physx@@QEBA_NXZ 000000018000c870 f i RTreeCooking.obj
 0001:0000b9a0       ?memCopy@intrinsics@physx@@YAPEAXPEIAXPEIBXI@Z 000000018000c9a0 f i RTreeCooking.obj
 0001:0000b9e0       ?pop@?$Stack@VNamedAllocator@shdfnd@physx@@@internal@shdfnd@physx@@QEAAXAEAH0@Z 000000018000c9e0 f i RTreeCooking.obj
 0001:0000baf0       ?popBack@?$Array@IVNamedAllocator@shdfnd@physx@@@shdfnd@physx@@QEAAIXZ 000000018000caf0 f i RTreeCooking.obj
 0001:0000bbb0       ?push@?$Stack@VNamedAllocator@shdfnd@physx@@@internal@shdfnd@physx@@QEAAXHH@Z 000000018000cbb0 f i RTreeCooking.obj
 0001:0000bc60       ?pushBack@?$Array@IVNamedAllocator@shdfnd@physx@@@shdfnd@physx@@QEAAAEAIAEBI@Z 000000018000cc60 f i RTreeCooking.obj
 0001:0000bd50       ?pushBack@?$Array@UInterval@physx@@V?$InlineAllocator@$0CA@VNamedAllocator@shdfnd@physx@@@shdfnd@2@@shdfnd@physx@@QEAAAEAUInterval@3@AEBU43@@Z 000000018000cd50 f i RTreeCooking.obj
 0001:0000be40       ?pushBack@?$Array@UPxBounds3V@physx@@VNamedAllocator@shdfnd@2@@shdfnd@physx@@QEAAAEAUPxBounds3V@3@AEBU43@@Z 000000018000ce40 f i RTreeCooking.obj
 0001:0000bf40       ?pushBack@?$Array@URTreeNodeNQ@physx@@VNamedAllocator@shdfnd@2@@shdfnd@physx@@QEAAAEAURTreeNodeNQ@3@AEBU43@@Z 000000018000cf40 f i RTreeCooking.obj
 0001:0000c030       ?pushBack@?$Array@URTreeNodeQ@Gu@physx@@VNamedAllocator@shdfnd@3@@shdfnd@physx@@QEAAAEAURTreeNodeQ@Gu@3@AEBU453@@Z 000000018000d030 f i RTreeCooking.obj
 0001:0000c130       ?pushBack@?$Array@VPxVec3@physx@@VNamedAllocator@shdfnd@2@@shdfnd@physx@@QEAAAEAVPxVec3@3@AEBV43@@Z 000000018000d130 f i RTreeCooking.obj
 0001:0000c220       ?recreate@?$Array@IVNamedAllocator@shdfnd@physx@@@shdfnd@physx@@IEAAXI@Z 000000018000d220 f i RTreeCooking.obj
 0001:0000c380       ?recreate@?$Array@UPxBounds3V@physx@@VNamedAllocator@shdfnd@2@@shdfnd@physx@@IEAAXI@Z 000000018000d380 f i RTreeCooking.obj
 0001:0000c4e0       ?recreate@?$Array@URTreeNodeNQ@physx@@VNamedAllocator@shdfnd@2@@shdfnd@physx@@IEAAXI@Z 000000018000d4e0 f i RTreeCooking.obj
 0001:0000c640       ?recreate@?$Array@URTreeNodeQ@Gu@physx@@VNamedAllocator@shdfnd@3@@shdfnd@physx@@IEAAXI@Z 000000018000d640 f i RTreeCooking.obj
 0001:0000c7a0       ?recreate@?$Array@VPxVec3@physx@@VNamedAllocator@shdfnd@2@@shdfnd@physx@@IEAAXI@Z 000000018000d7a0 f i RTreeCooking.obj
 0001:0000c900       ?replaceWithLast@?$Array@UInterval@physx@@V?$InlineAllocator@$0CA@VNamedAllocator@shdfnd@physx@@@shdfnd@2@@shdfnd@physx@@QEAAXI@Z 000000018000d900 f i RTreeCooking.obj
 0001:0000c9d0       ?reserve@?$Array@IVNamedAllocator@shdfnd@physx@@@shdfnd@physx@@QEAAXI@Z 000000018000d9d0 f i RTreeCooking.obj
 0001:0000ca10       ?reserve@?$Array@UPxBounds3V@physx@@VNamedAllocator@shdfnd@2@@shdfnd@physx@@QEAAXI@Z 000000018000da10 f i RTreeCooking.obj
 0001:0000ca50       ?reserve@?$Array@URTreeNodeNQ@physx@@VNamedAllocator@shdfnd@2@@shdfnd@physx@@QEAAXI@Z 000000018000da50 f i RTreeCooking.obj
 0001:0000ca90       ?reserve@?$Array@URTreeNodeQ@Gu@physx@@VNamedAllocator@shdfnd@3@@shdfnd@physx@@QEAAXI@Z 000000018000da90 f i RTreeCooking.obj
 0001:0000cad0       ?reserve@?$Array@VPxVec3@physx@@VNamedAllocator@shdfnd@2@@shdfnd@physx@@QEAAXI@Z 000000018000dad0 f i RTreeCooking.obj
 0001:0000cb10       ?resize@?$Array@IVNamedAllocator@shdfnd@physx@@@shdfnd@physx@@QEAAXIAEBI@Z 000000018000db10 f i RTreeCooking.obj
 0001:0000cbd0       ?resizeUninitialized@?$Array@URTreeNodeNQ@physx@@VNamedAllocator@shdfnd@2@@shdfnd@physx@@QEAAXI@Z 000000018000dbd0 f i RTreeCooking.obj
 0001:0000cc10       ?selectMax@intrinsics@physx@@YAMMM@Z 000000018000dc10 f i RTreeCooking.obj
 0001:0000cc60       ?selectMin@intrinsics@physx@@YAMMM@Z 000000018000dc60 f i RTreeCooking.obj
 0001:0000ccb0       ?setEmpty@PxBounds3@physx@@QEAAXXZ 000000018000dcb0 f i RTreeCooking.obj
 0001:0000cd20       ?setLeaf@RTreeNodeQ@Gu@physx@@QEAAX_N@Z 000000018000dd20 f i RTreeCooking.obj
 0001:0000cd70       ?size@?$Array@IVNamedAllocator@shdfnd@physx@@@shdfnd@physx@@QEBAIXZ 000000018000dd70 f i RTreeCooking.obj
 0001:0000cd90       ?size@?$Array@UInterval@physx@@V?$InlineAllocator@$0CA@VNamedAllocator@shdfnd@physx@@@shdfnd@2@@shdfnd@physx@@QEBAIXZ 000000018000dd90 f i RTreeCooking.obj
 0001:0000cdb0       ?size@?$Array@URTreeNodeNQ@physx@@VNamedAllocator@shdfnd@2@@shdfnd@physx@@QEBAIXZ 000000018000ddb0 f i RTreeCooking.obj
 0001:0000cdd0       ?size@?$Array@URTreeNodeQ@Gu@physx@@VNamedAllocator@shdfnd@3@@shdfnd@physx@@QEBAIXZ 000000018000ddd0 f i RTreeCooking.obj
 0001:0000cdf0       ?size@?$Array@VPxVec3@physx@@VNamedAllocator@shdfnd@2@@shdfnd@physx@@QEBAIXZ 000000018000ddf0 f i RTreeCooking.obj
 0001:0000ce10       ?sort4@SubSortQuick@physx@@QEAAXPEIAIIAEAV?$Array@URTreeNodeNQ@physx@@VNamedAllocator@shdfnd@2@@shdfnd@2@AEAIAEAUPxBounds3V@2@I@Z 000000018000de10 f i RTreeCooking.obj
 0001:0000dac0       ?sort4@SubSortSAH@physx@@QEAAXPEAIIAEAV?$Array@URTreeNodeNQ@physx@@VNamedAllocator@shdfnd@2@@shdfnd@2@AEAIIPEAURTreeNodeNQ@2@@Z 000000018000eac0 f i RTreeCooking.obj
 0001:0000ec70       ?split@SubSortSAH@physx@@QEAAIPEAII@Z 000000018000fc70 f i RTreeCooking.obj
 0001:0000ff10       ?loadFromDesc@TriangleMeshBuilder@physx@@QEAA_NAEBVPxTriangleMeshDesc@2@AEBUPxCookingParams@2@_N@Z 0000000180010f10 f   TriangleMeshBuilder.obj
 0001:00010220       ?save@TriangleMeshBuilder@physx@@QEBA_NAEAVPxOutputStream@2@_NAEBUPxCookingParams@2@@Z 0000000180011220 f   TriangleMeshBuilder.obj
 0001:00010a30       ?computeLocalBounds@TriangleMeshBuilder@physx@@IEAAXXZ 0000000180011a30 f   TriangleMeshBuilder.obj
 0001:00010b50       ?importMesh@TriangleMeshBuilder@physx@@IEAA_NAEBVPxTriangleMeshDesc@2@AEBUPxCookingParams@2@_N@Z 0000000180011b50 f   TriangleMeshBuilder.obj
 0001:00011600       ??$?_UI@@YAPEAX_KV?$ReflectionAllocator@I@shdfnd@physx@@PEBDH@Z 0000000180012600 f i TriangleMeshBuilder.obj
 0001:00011650       ??0?$PxFlags@W4Enum@PxMeshFlag@physx@@G@physx@@QEAA@AEBV01@@Z 0000000180012650 f i TriangleMeshBuilder.obj
 0001:00011680       ??0?$PxFlags@W4Enum@PxMeshFlag@physx@@G@physx@@QEAA@W4Enum@PxMeshFlag@1@@Z 0000000180012680 f i TriangleMeshBuilder.obj
 0001:000116b0       ??0?$PxFlags@W4Enum@PxMeshFlag@physx@@G@physx@@QEAA@XZ 00000001800126b0 f i TriangleMeshBuilder.obj
 0001:000116d0       ??0?$PxFlags@W4Enum@PxMeshPreprocessingFlag@physx@@I@physx@@QEAA@AEBV01@@Z 00000001800126d0 f i TriangleMeshBuilder.obj
 0001:00011700       ??0?$ReflectionAllocator@I@shdfnd@physx@@QEAA@PEBD@Z 0000000180012700 f i TriangleMeshBuilder.obj
 0001:00011720       ??0PxSimpleTriangleMesh@physx@@QEAA@AEBV01@@Z 0000000180012720 f i TriangleMeshBuilder.obj
 0001:000117a0       ??0PxTriangleMeshDesc@physx@@QEAA@AEBV01@@Z 00000001800127a0 f i TriangleMeshBuilder.obj
 0001:00011810       ??APxVec3@physx@@QEAAAEAMI@Z 0000000180012810 f i TriangleMeshBuilder.obj
 0001:000118a0       ??B?$PxFlags@W4Enum@PxMeshFlag@physx@@G@physx@@QEBA_NXZ 00000001800128a0 f i TriangleMeshBuilder.obj
 0001:000118e0       ??B?$PxFlags@W4Enum@PxMeshPreprocessingFlag@physx@@I@physx@@QEBA_NXZ 00000001800128e0 f i TriangleMeshBuilder.obj
 0001:00011910       ??I?$PxFlags@W4Enum@PxMeshFlag@physx@@G@physx@@QEBA?AV01@W4Enum@PxMeshFlag@1@@Z 0000000180012910 f i TriangleMeshBuilder.obj
 0001:00011980       ??I?$PxFlags@W4Enum@PxMeshPreprocessingFlag@physx@@I@physx@@QEBA?AV01@W4Enum@PxMeshPreprocessingFlag@1@@Z 0000000180012980 f i TriangleMeshBuilder.obj
 0001:000119e0       ??S?$PxFlags@W4Enum@PxMeshFlag@physx@@G@physx@@QEBA?AV01@XZ 00000001800129e0 f i TriangleMeshBuilder.obj
 0001:00011a30       ??Sphysx@@YA?AV?$PxFlags@W4Enum@PxMeshFlag@physx@@G@0@W4Enum@PxMeshFlag@0@@Z 0000000180012a30 f i TriangleMeshBuilder.obj
 0001:00011a70       ??_4?$PxFlags@W4Enum@PxMeshFlag@physx@@G@physx@@QEAAAEAV01@AEBV01@@Z 0000000180012a70 f i TriangleMeshBuilder.obj
 0001:00011ab0       ??_H@YAXPEAX_KHP6APEAX0@Z@Z 0000000180012ab0 f i TriangleMeshBuilder.obj
 0001:00011b20       ?PxAbs@physx@@YAMM@Z       0000000180012b20 f i TriangleMeshBuilder.obj
 0001:00011b40       ?abs@intrinsics@physx@@YAMM@Z 0000000180012b40 f i TriangleMeshBuilder.obj
 0001:00011b60       ?allocate@?$ReflectionAllocator@I@shdfnd@physx@@QEAAPEAX_KPEBDH@Z 0000000180012b60 f i TriangleMeshBuilder.obj
 0001:00011c00       ?gatherStrided@shdfnd@physx@@YAXPEBXPEAXIII@Z 0000000180012c00 f i TriangleMeshBuilder.obj
 0001:00011cb0       ?getFoundation@shdfnd@physx@@YAAEAVFoundation@12@XZ 0000000180012cb0 f i TriangleMeshBuilder.obj
 0001:00011cd0       ?getName@?$ReflectionAllocator@I@shdfnd@physx@@CAPEBDXZ 0000000180012cd0 f i TriangleMeshBuilder.obj
 0001:00011d30       ?isValid@PxSimpleTriangleMesh@physx@@QEBA_NXZ 0000000180012d30 f i TriangleMeshBuilder.obj
 0001:00011e40       ?isValid@PxTriangleMeshDesc@physx@@QEBA_NXZ 0000000180012e40 f i TriangleMeshBuilder.obj
 0001:00011ed0       ?to16@shdfnd@physx@@YAGI@Z 0000000180012ed0 f i TriangleMeshBuilder.obj
 0001:00011f50       ?writeIntBuffer@physx@@YAXPEBII_NAEAVPxOutputStream@1@@Z 0000000180012f50 f i TriangleMeshBuilder.obj
 0001:00011fa0       fabsf                      0000000180012fa0 f i TriangleMeshBuilder.obj
 0001:00011fd0       ??0BigConvexDataBuilder@physx@@QEAA@PEBUConvexHullData@Gu@1@PEAVBigConvexData@1@PEBVPxVec3@1@@Z 0000000180012fd0 f   BigConvexDataBuilder.obj
 0001:00012020       ??1BigConvexDataBuilder@physx@@QEAA@XZ 0000000180013020 f   BigConvexDataBuilder.obj
 0001:00012030       ?Precompute@BigConvexDataBuilder@physx@@QEAA_NI@Z 0000000180013030 f   BigConvexDataBuilder.obj
 0001:000123d0       ?Initialize@BigConvexDataBuilder@physx@@QEAA_NXZ 00000001800133d0 f   BigConvexDataBuilder.obj
 0001:00012440       ?PrecomputeSample@BigConvexDataBuilder@physx@@QEAA_NIAEBVPxVec3@2@@Z 0000000180013440 f   BigConvexDataBuilder.obj
 0001:00012590       ?Save@BigConvexDataBuilder@physx@@QEBA_NAEAVPxOutputStream@2@_NIPEBUHullTriangleData@2@@Z 0000000180013590 f   BigConvexDataBuilder.obj
 0001:000126e0       ?ComputeValencies@BigConvexDataBuilder@physx@@QEBA_NIPEBUHullTriangleData@2@@Z 00000001800136e0 f   BigConvexDataBuilder.obj
 0001:00012750       ?Compute@BigConvexDataBuilder@physx@@QEBA_NAEBUVALENCIESCREATE@2@@Z 0000000180013750 f   BigConvexDataBuilder.obj
 0001:00012e10       ?Save@BigConvexDataBuilder@physx@@QEBA_NAEAVPxOutputStream@2@_N@Z 0000000180013e10 f   BigConvexDataBuilder.obj
 0001:00013480       ??$?_UE@@YAPEAX_KV?$ReflectionAllocator@E@shdfnd@physx@@PEBDH@Z 0000000180014480 f i BigConvexDataBuilder.obj
 0001:000134d0       ??$?_UG@@YAPEAX_KV?$ReflectionAllocator@G@shdfnd@physx@@PEBDH@Z 00000001800144d0 f i BigConvexDataBuilder.obj
 0001:00013520       ??$?_UUValency@Gu@physx@@@@YAPEAX_KV?$ReflectionAllocator@UValency@Gu@physx@@@shdfnd@physx@@PEBDH@Z 0000000180014520 f i BigConvexDataBuilder.obj
 0001:00013570       ??0?$ReflectionAllocator@E@shdfnd@physx@@QEAA@PEBD@Z 0000000180014570 f i BigConvexDataBuilder.obj
 0001:00013590       ??0?$ReflectionAllocator@G@shdfnd@physx@@QEAA@PEBD@Z 0000000180014590 f i BigConvexDataBuilder.obj
 0001:000135b0       ??0?$ReflectionAllocator@UValency@Gu@physx@@@shdfnd@physx@@QEAA@PEBD@Z 00000001800145b0 f i BigConvexDataBuilder.obj
 0001:000135d0       ??0EDGELISTCREATE@Gu@physx@@QEAA@XZ 00000001800145d0 f i BigConvexDataBuilder.obj
 0001:00013650       ??0PxVec3@physx@@QEAA@XZ   0000000180014650 f i BigConvexDataBuilder.obj
 0001:00013660       ??0VALENCIESCREATE@physx@@QEAA@XZ 0000000180014660 f i BigConvexDataBuilder.obj
 0001:00013690       ??_0PxVec3@physx@@QEAAAEAV01@M@Z 0000000180014690 f i BigConvexDataBuilder.obj
 0001:00013720       ?GetEdge@EdgeList@Gu@physx@@QEBAAEBUEdgeData@23@I@Z 0000000180014720 f i BigConvexDataBuilder.obj
 0001:00013750       ?GetNbEdges@EdgeList@Gu@physx@@QEBAIXZ 0000000180014750 f i BigConvexDataBuilder.obj
 0001:00013760       ?PxMemZero@physx@@YAPEAXPEIAXI@Z 0000000180014760 f i BigConvexDataBuilder.obj
 0001:00013790       ?PxSqrt@physx@@YAMM@Z      0000000180014790 f i BigConvexDataBuilder.obj
 0001:000137b0       ?allocate@?$ReflectionAllocator@E@shdfnd@physx@@QEAAPEAX_KPEBDH@Z 00000001800147b0 f i BigConvexDataBuilder.obj
 0001:00013850       ?allocate@?$ReflectionAllocator@G@shdfnd@physx@@QEAAPEAX_KPEBDH@Z 0000000180014850 f i BigConvexDataBuilder.obj
 0001:000138f0       ?allocate@?$ReflectionAllocator@UValency@Gu@physx@@@shdfnd@physx@@QEAAPEAX_KPEBDH@Z 00000001800148f0 f i BigConvexDataBuilder.obj
 0001:00013990       ?dot@PxVec3@physx@@QEBAMAEBV12@@Z 0000000180014990 f i BigConvexDataBuilder.obj
 0001:000139f0       ?getName@?$ReflectionAllocator@E@shdfnd@physx@@CAPEBDXZ 00000001800149f0 f i BigConvexDataBuilder.obj
 0001:00013a50       ?getName@?$ReflectionAllocator@G@shdfnd@physx@@CAPEBDXZ 0000000180014a50 f i BigConvexDataBuilder.obj
 0001:00013ab0       ?getName@?$ReflectionAllocator@UValency@Gu@physx@@@shdfnd@physx@@CAPEBDXZ 0000000180014ab0 f i BigConvexDataBuilder.obj
 0001:00013b10       ?magnitude@PxVec3@physx@@QEBAMXZ 0000000180014b10 f i BigConvexDataBuilder.obj
 0001:00013b40       ?magnitudeSquared@PxVec3@physx@@QEBAMXZ 0000000180014b40 f i BigConvexDataBuilder.obj
 0001:00013ba0       ?memZero@intrinsics@physx@@YAPEAXPEIAXI@Z 0000000180014ba0 f i BigConvexDataBuilder.obj
 0001:00013be0       ?normalize@PxVec3@physx@@QEAAMXZ 0000000180014be0 f i BigConvexDataBuilder.obj
 0001:00013c40       ?sqrt@intrinsics@physx@@YAMM@Z 0000000180014c40 f i BigConvexDataBuilder.obj
 0001:00013ce0       ??0ConvexHullBuilder@physx@@QEAA@PEAUConvexHullData@Gu@1@@Z 0000000180014ce0 f   ConvexHullBuilder.obj
 0001:00013d80       ??1ConvexHullBuilder@physx@@QEAA@XZ 0000000180014d80 f   ConvexHullBuilder.obj
 0001:00013ed0       ?Init@ConvexHullBuilder@physx@@QEAA_NIPEBVPxVec3@2@IPEBIIPEBUPxHullPolygon@2@@Z 0000000180014ed0 f   ConvexHullBuilder.obj
 0001:00014b50       ?Save@ConvexHullBuilder@physx@@QEBA_NAEAVPxOutputStream@2@_N@Z 0000000180015b50 f   ConvexHullBuilder.obj
 0001:00014e90       ?CreateEdgeList@ConvexHullBuilder@physx@@QEAA_NXZ 0000000180015e90 f   ConvexHullBuilder.obj
 0001:00015e70       ?CreatePolygonData@ConvexHullBuilder@physx@@QEAA_NXZ 0000000180016e70 f   ConvexHullBuilder.obj
 0001:00016f60       ?CheckHullPolygons@ConvexHullBuilder@physx@@QEBA_NXZ 0000000180017f60 f   ConvexHullBuilder.obj
 0001:00017710       ?CreateTrianglesFromPolygons@ConvexHullBuilder@physx@@QEAA_NXZ 0000000180018710 f   ConvexHullBuilder.obj
 0001:00017dd0       ?ComputeGeomCenter@ConvexHullBuilder@physx@@QEBA_NAEAVPxVec3@2@@Z 0000000180018dd0 f   ConvexHullBuilder.obj
 0001:00017f90       ?CalculateVertexMapTable@ConvexHullBuilder@physx@@QEAA_NI_N@Z 0000000180018f90 f   ConvexHullBuilder.obj
 0001:00018270       ?ComputeHullPolygons@ConvexHullBuilder@physx@@QEAA_NAEBIPEBVPxVec3@2@0PEBI@Z 0000000180019270 f   ConvexHullBuilder.obj
 0001:0001cbd0       ??$?_UUEdgeDescData@Gu@physx@@@@YAPEAX_KV?$ReflectionAllocator@UEdgeDescData@Gu@physx@@@shdfnd@physx@@PEBDH@Z 000000018001dbd0 f i ConvexHullBuilder.obj
 0001:0001cc20       ??$?_UUHullTriangleData@physx@@@@YAPEAX_KV?$ReflectionAllocator@UHullTriangleData@physx@@@shdfnd@physx@@PEBDH@Z 000000018001dc20 f i ConvexHullBuilder.obj
 0001:0001cc70       ??$PX_UNUSED@H@@YAXAEBH@Z  000000018001dc70 f i ConvexHullBuilder.obj
 0001:0001cc80       ??$PlaneEquation@U?$TriangleT@I@Gu@physx@@@@YA?AVPxPlane@physx@@AEBU?$TriangleT@I@Gu@1@PEBVPxVec3@1@@Z 000000018001dc80 f i ConvexHullBuilder.obj
 0001:0001cd50       ??$swap@E@shdfnd@physx@@YAXAEAE0@Z 000000018001dd50 f i ConvexHullBuilder.obj
 0001:0001cda0       ??0?$ReflectionAllocator@UEdgeDescData@Gu@physx@@@shdfnd@physx@@QEAA@PEBD@Z 000000018001dda0 f i ConvexHullBuilder.obj
 0001:0001cdc0       ??0?$ReflectionAllocator@UHullTriangleData@physx@@@shdfnd@physx@@QEAA@PEBD@Z 000000018001ddc0 f i ConvexHullBuilder.obj
 0001:0001cde0       ??0?$TriangleT@I@Gu@physx@@QEAA@III@Z 000000018001dde0 f i ConvexHullBuilder.obj
 0001:0001ce50       ??0ADJACENCIESCREATE@physx@@QEAA@XZ 000000018001de50 f i ConvexHullBuilder.obj
 0001:0001cec0       ??0HullPolygonData@Gu@physx@@QEAA@AEBU012@@Z 000000018001dec0 f i ConvexHullBuilder.obj
 0001:0001cf40       ??0PxPlane@physx@@QEAA@AEBV01@@Z 000000018001df40 f i ConvexHullBuilder.obj
 0001:0001cf90       ??0PxPlane@physx@@QEAA@AEBVPxVec3@1@00@Z 000000018001df90 f i ConvexHullBuilder.obj
 0001:0001d080       ??0PxPlane@physx@@QEAA@MMMM@Z 000000018001e080 f i ConvexHullBuilder.obj
 0001:0001d0f0       ??4PxPlane@physx@@QEAAAEAV01@AEBV01@@Z 000000018001e0f0 f i ConvexHullBuilder.obj
 0001:0001d140       ??DPxVec3@physx@@QEBA?AV01@M@Z 000000018001e140 f i ConvexHullBuilder.obj
 0001:0001d1d0       ??GPxVec3@physx@@QEBA?AV01@AEBV01@@Z 000000018001e1d0 f i ConvexHullBuilder.obj
 0001:0001d270       ??GPxVec3@physx@@QEBA?AV01@XZ 000000018001e270 f i ConvexHullBuilder.obj
 0001:0001d300       ??YPxVec3@physx@@QEAAAEAV01@AEBV01@@Z 000000018001e300 f i ConvexHullBuilder.obj
 0001:0001d380       ?ComputeNbPolygons@ConvexHullBuilder@physx@@QEBAIXZ 000000018001e380 f i ConvexHullBuilder.obj
 0001:0001d3d0       ?Flip@physx@@YAXAEAUHullTriangleData@1@@Z 000000018001e3d0 f i ConvexHullBuilder.obj
 0001:0001d440       ?GetAdjTri@AdjTriangle@physx@@QEBAIW4SharedEdgeIndex@2@@Z 000000018001e440 f i ConvexHullBuilder.obj
 0001:0001d470       ?GetFaces@ConvexHullBuilder@physx@@QEBAPEBUHullTriangleData@2@XZ 000000018001e470 f i ConvexHullBuilder.obj
 0001:0001d490       ?GetNbFaces@ConvexHullBuilder@physx@@QEBAIXZ 000000018001e490 f i ConvexHullBuilder.obj
 0001:0001d4b0       ?HasActiveEdge01@AdjTriangle@physx@@QEBAHXZ 000000018001e4b0 f i ConvexHullBuilder.obj
 0001:0001d4e0       ?HasActiveEdge12@AdjTriangle@physx@@QEBAHXZ 000000018001e4e0 f i ConvexHullBuilder.obj
 0001:0001d510       ?HasActiveEdge20@AdjTriangle@physx@@QEBAHXZ 000000018001e510 f i ConvexHullBuilder.obj
 0001:0001d540       ?HasActiveEdge@AdjTriangle@physx@@QEBAHI@Z 000000018001e540 f i ConvexHullBuilder.obj
 0001:0001d570       ?PxRecipSqrt@physx@@YAMM@Z 000000018001e570 f i ConvexHullBuilder.obj
 0001:0001d590       ?allocate@?$ReflectionAllocator@UEdgeDescData@Gu@physx@@@shdfnd@physx@@QEAAPEAX_KPEBDH@Z 000000018001e590 f i ConvexHullBuilder.obj
 0001:0001d630       ?allocate@?$ReflectionAllocator@UHullTriangleData@physx@@@shdfnd@physx@@QEAAPEAX_KPEBDH@Z 000000018001e630 f i ConvexHullBuilder.obj
 0001:0001d6d0       ?area@?$TriangleT@I@Gu@physx@@QEBAMPEBVPxVec3@3@@Z 000000018001e6d0 f i ConvexHullBuilder.obj
 0001:0001d7f0       ?center@?$TriangleT@I@Gu@physx@@QEBAXPEBVPxVec3@3@AEAV43@@Z 000000018001e7f0 f i ConvexHullBuilder.obj
 0001:0001d900       ?cross@PxVec3@physx@@QEBA?AV12@AEBV12@@Z 000000018001e900 f i ConvexHullBuilder.obj
 0001:0001d9f0       ?distance@PxPlane@physx@@QEBAMAEBVPxVec3@2@@Z 000000018001e9f0 f i ConvexHullBuilder.obj
 0001:0001da30       ?flip@?$TriangleT@I@Gu@physx@@QEAAXXZ 000000018001ea30 f i ConvexHullBuilder.obj
 0001:0001da80       ?flip@physx@@YAXAEAG@Z     000000018001ea80 f i ConvexHullBuilder.obj
 0001:0001db00       ?flip@physx@@YAXAEAM@Z     000000018001eb00 f i ConvexHullBuilder.obj
 0001:0001dbf0       ?flipData@Gu@physx@@YAXAEAUHullPolygonData@12@@Z 000000018001ebf0 f i ConvexHullBuilder.obj
 0001:0001dc70       ?getName@?$ReflectionAllocator@UEdgeDescData@Gu@physx@@@shdfnd@physx@@CAPEBDXZ 000000018001ec70 f i ConvexHullBuilder.obj
 0001:0001dcd0       ?getName@?$ReflectionAllocator@UHullTriangleData@physx@@@shdfnd@physx@@CAPEBDXZ 000000018001ecd0 f i ConvexHullBuilder.obj
 0001:0001dd30       ?getNormalized@PxVec3@physx@@QEBA?AV12@XZ 000000018001ed30 f i ConvexHullBuilder.obj
 0001:0001dde0       ?recipSqrt@intrinsics@physx@@YAMM@Z 000000018001ede0 f i ConvexHullBuilder.obj
 0001:0001de20       ?to8@shdfnd@physx@@YAEI@Z  000000018001ee20 f i ConvexHullBuilder.obj
 0001:0001dea0       ??0ConvexMeshBuilder@physx@@QEAA@XZ 000000018001eea0 f   ConvexMeshBuilder.obj
 0001:0001df00       ??1ConvexMeshBuilder@physx@@UEAA@XZ 000000018001ef00 f   ConvexMeshBuilder.obj
 0001:0001df60       ?loadFromDesc@ConvexMeshBuilder@physx@@QEAA_NAEBVPxConvexMeshDesc@2@W4Enum@PxPlatform@2@@Z 000000018001ef60 f   ConvexMeshBuilder.obj
 0001:0001e040       ?save@ConvexMeshBuilder@physx@@QEBA_NAEAVPxOutputStream@2@_N@Z 000000018001f040 f   ConvexMeshBuilder.obj
 0001:0001e3f0       ?loadConvexHull@ConvexMeshBuilder@physx@@QEAA_NAEBVPxConvexMeshDesc@2@@Z 000000018001f3f0 f   ConvexMeshBuilder.obj
 0001:0001e880       ?computeHullPolygons@ConvexMeshBuilder@physx@@QEAA_NAEBIPEBVPxVec3@2@0PEBIAEAVPxAllocatorCallback@2@AEAIAEAPEAV32@4AEAPEAI4AEAPEAUPxHullPolygon@2@@Z 000000018001f880 f   ConvexMeshBuilder.obj
 0001:0001ece0       ?computeGaussMaps@ConvexMeshBuilder@physx@@QEAA_NXZ 000000018001fce0 f   ConvexMeshBuilder.obj
 0001:0001ee20       ?computeMassInfo@ConvexMeshBuilder@physx@@QEAAXXZ 000000018001fe20 f   ConvexMeshBuilder.obj
 0001:0001f120       ?computeInternalObjects@ConvexMeshBuilder@physx@@QEAAXXZ 0000000180020120 f   ConvexMeshBuilder.obj
 0001:000204b0       ??0?$PxFlags@W4Enum@PxBaseFlag@physx@@G@physx@@QEAA@AEBV01@@Z 00000001800214b0 f i ConvexMeshBuilder.obj
 0001:000204e0       ??0?$PxFlags@W4Enum@PxConvexFlag@physx@@G@physx@@QEAA@AEBV01@@Z 00000001800214e0 f i ConvexMeshBuilder.obj
 0001:00020510       ??0?$ReflectionAllocator@VBigConvexData@physx@@@shdfnd@physx@@QEAA@PEBD@Z 0000000180021510 f i ConvexMeshBuilder.obj
 0001:00020530       ??0PxBoundedData@physx@@QEAA@XZ 0000000180021530 f i ConvexMeshBuilder.obj
 0001:00020570       ??0PxIntegrals@physx@@QEAA@XZ 0000000180021570 f i ConvexMeshBuilder.obj
 0001:000205a0       ??0PxMat33@physx@@QEAA@AEBVPxVec3@1@00@Z 00000001800215a0 f i ConvexMeshBuilder.obj
 0001:00020620       ??0PxSimpleTriangleMesh@physx@@QEAA@XZ 0000000180021620 f i ConvexMeshBuilder.obj
 0001:00020680       ??0PxStridedData@physx@@QEAA@XZ 0000000180021680 f i ConvexMeshBuilder.obj
 0001:000206b0       ??2UserAllocated@shdfnd@physx@@SAPEAX_KPEAX@Z 00000001800216b0 f i ConvexMeshBuilder.obj
 0001:000206d0       ??3UserAllocated@shdfnd@physx@@SAXPEAX@Z 00000001800216d0 f i ConvexMeshBuilder.obj
 0001:00020710       ??4PxMat33@physx@@QEAAAEAV01@AEBV01@@Z 0000000180021710 f i ConvexMeshBuilder.obj
 0001:00020790       ??APxMat33@physx@@QEAAAEAVPxVec3@1@I@Z 0000000180021790 f i ConvexMeshBuilder.obj
 0001:000207c0       ??B?$PxFlags@W4Enum@PxBaseFlag@physx@@G@physx@@QEBA_NXZ 00000001800217c0 f i ConvexMeshBuilder.obj
 0001:00020800       ??B?$PxFlags@W4Enum@PxConvexFlag@physx@@G@physx@@QEBA_NXZ 0000000180021800 f i ConvexMeshBuilder.obj
 0001:00020840       ??GPxMat33@physx@@QEBA?AV01@XZ 0000000180021840 f i ConvexMeshBuilder.obj
 0001:000208e0       ??I?$PxFlags@W4Enum@PxBaseFlag@physx@@G@physx@@QEBA?AV01@W4Enum@PxBaseFlag@1@@Z 00000001800218e0 f i ConvexMeshBuilder.obj
 0001:00020950       ??I?$PxFlags@W4Enum@PxConvexFlag@physx@@G@physx@@QEBA?AV01@W4Enum@PxConvexFlag@1@@Z 0000000180021950 f i ConvexMeshBuilder.obj
 0001:000209c0       ??RPxMat33@physx@@QEAAAEAMII@Z 00000001800219c0 f i ConvexMeshBuilder.obj
 0001:00020a00       ??XPxVec3@physx@@QEAAAEAV01@M@Z 0000000180021a00 f i ConvexMeshBuilder.obj
 0001:00020a74       ??_EConvexMeshBuilder@physx@@WBA@EAAPEAXI@Z 0000000180021a74 f i ConvexMeshBuilder.obj
 0001:00020a80       ??_GBigConvexData@physx@@QEAAPEAXI@Z 0000000180021a80 f i ConvexMeshBuilder.obj
 0001:00020ad0       ??_GConvexMeshBuilder@physx@@UEAAPEAXI@Z 0000000180021ad0 f i ConvexMeshBuilder.obj
 0001:00020ad0       ??_EConvexMeshBuilder@physx@@UEAAPEAXI@Z 0000000180021ad0 f i ConvexMeshBuilder.obj
 0001:00020b20       ?PxGetGaussMapVertexLimitForPlatform@physx@@YAIW4Enum@PxPlatform@1@@Z 0000000180021b20 f i ConvexMeshBuilder.obj
 0001:00020bf0       ?allocate@?$ReflectionAllocator@VBigConvexData@physx@@@shdfnd@physx@@QEAAPEAX_KPEBDH@Z 0000000180021bf0 f i ConvexMeshBuilder.obj
 0001:00020c90       ?getName@?$ReflectionAllocator@VBigConvexData@physx@@@shdfnd@physx@@CAPEBDXZ 0000000180021c90 f i ConvexMeshBuilder.obj
 0001:00020cf0       ?getOriginInertia@PxIntegrals@physx@@QEAAXAEAVPxMat33@2@@Z 0000000180021cf0 f i ConvexMeshBuilder.obj
 0001:00020da0       ?isReleasable@PxBase@physx@@UEBA_NXZ 0000000180021da0 f i ConvexMeshBuilder.obj
 0001:00020de0       ?isValid@PxConvexMeshDesc@physx@@QEBA_NXZ 0000000180021de0 f i ConvexMeshBuilder.obj
 0001:00021060       ?largestAxis@shdfnd@physx@@YAIAEBVPxVec3@2@@Z 0000000180022060 f i ConvexMeshBuilder.obj
 0001:000210f0       ?markSerializedMem@Cm@physx@@YAXPEAXI@Z 00000001800220f0 f i ConvexMeshBuilder.obj
 0001:00021140       ?requires@ConvexMesh@Gu@physx@@UEAAXAEAVPxProcessPxBaseCallback@3@@Z 0000000180022140 f i ConvexMeshBuilder.obj
 0001:00021150       ??0HullLibrary@physx@@QEAA@XZ 0000000180022150 f   hulllib.obj
 0001:000211f0       ??1HullLibrary@physx@@QEAA@XZ 00000001800221f0 f   hulllib.obj
 0001:00021240       ?CreateConvexHull@HullLibrary@physx@@QEAA?AW4HullError@2@AEBVHullDesc@2@AEAVHullResult@2@@Z 0000000180022240 f   hulllib.obj
 0001:00021bc0       ?ReleaseResult@HullLibrary@physx@@QEAA?AW4HullError@2@AEAVHullResult@2@@Z 0000000180022bc0 f   hulllib.obj
 0001:00021c70       ?CreateTriangleMesh@HullLibrary@physx@@QEAA?AW4HullError@2@AEAVHullResult@2@PEAVConvexHullTriangleInterface@2@@Z 0000000180022c70 f   hulllib.obj
 0001:00021e50       ?b2bfix@HullLibrary@physx@@AEAAXPEAVTri@2@0@Z 0000000180022e50 f   hulllib.obj
 0001:000220d0       ?removeb2b@HullLibrary@physx@@AEAAXPEAVTri@2@0@Z 00000001800230d0 f   hulllib.obj
 0001:00022130       ?checkit@HullLibrary@physx@@AEBAXPEAVTri@2@@Z 0000000180023130 f   hulllib.obj
 0001:00022320       ?extrude@HullLibrary@physx@@AEAAXPEAVTri@2@H@Z 0000000180023320 f   hulllib.obj
 0001:000229e0       ?extrudable@HullLibrary@physx@@AEBAPEAVTri@2@M@Z 00000001800239e0 f   hulllib.obj
 0001:00022ac0       ?calchullgen@HullLibrary@physx@@AEAA?AW4HullError@2@PEAVfloat3@2@HHM@Z 0000000180023ac0 f   hulllib.obj
 0001:00023f10       ?calchull@HullLibrary@physx@@AEAA?AW4HullError@2@PEAVfloat3@2@HAEAPEAHAEAHAEAPEAV42@2HM@Z 0000000180024f10 f   hulllib.obj
 0001:00024280       ?expandhull@HullLibrary@physx@@AEAA?AW4HullError@2@PEAVfloat3@2@HAEAPEAV42@AEAHM@Z 0000000180025280 f   hulllib.obj
 0001:00025040       ?calchullpbev@HullLibrary@physx@@AEAA?AW4HullError@2@PEAVfloat3@2@HHAEAV?$Array@VPlane@physx@@@hullLibArray@2@M@Z 0000000180026040 f   hulllib.obj
 0001:00025d40       ?ComputeHull@HullLibrary@physx@@AEAA?AW4HullError@2@IPEBMAEAVPHullResult@2@IMM@Z 0000000180026d40 f   hulllib.obj
 0001:000261f0       ?overhullv@HullLibrary@physx@@AEAA?AW4HullError@2@PEAVfloat3@2@HHAEAPEAV42@AEAHAEAPEAH2MMHM@Z 00000001800271f0 f   hulllib.obj
 0001:00027380       ??0ConvexH@physx@@QEAA@HHH@Z 0000000180028380 f   hulllib.obj
 0001:0002a930       ?neib@Tri@physx@@QEAAAEAHHH@Z 000000018002b930 f   hulllib.obj
 0001:000312d0       ??$?2V?$ReflectionAllocator@VConvexH@physx@@@shdfnd@physx@@@UserAllocated@shdfnd@physx@@SAPEAX_KV?$ReflectionAllocator@VConvexH@physx@@@12@PEBDH@Z 00000001800322d0 f i hulllib.obj
 0001:00031320       ??$?2V?$ReflectionAllocator@VTri@physx@@@shdfnd@physx@@@UserAllocated@shdfnd@physx@@SAPEAX_KV?$ReflectionAllocator@VTri@physx@@@12@PEBDH@Z 0000000180032320 f i hulllib.obj
 0001:00031370       ??$?_UM@@YAPEAX_KV?$ReflectionAllocator@M@shdfnd@physx@@PEBDH@Z 0000000180032370 f i hulllib.obj
 0001:000313c0       ??$Max@M@physx@@YAMAEBM0@Z 00000001800323c0 f i hulllib.obj
 0001:00031420       ??$Min@H@physx@@YAHAEBH0@Z 0000000180032420 f i hulllib.obj
 0001:00031470       ??$Min@M@physx@@YAMAEBM0@Z 0000000180032470 f i hulllib.obj
 0001:000314d0       ??$Swap@H@physx@@YAXAEAH0@Z 00000001800324d0 f i hulllib.obj
 0001:00031520       ??$maxdir@Vfloat3@physx@@@physx@@YAHPEBVfloat3@0@HAEBV10@@Z 0000000180032520 f i hulllib.obj
 0001:00031650       ??$maxdirfiltered@Vfloat3@physx@@@physx@@YAHPEBVfloat3@0@HAEBV10@PEA_N@Z 0000000180032650 f i hulllib.obj
 0001:00031810       ??$maxdirsterid@Vfloat3@physx@@@physx@@YAHPEBVfloat3@0@HAEBV10@AEAV?$Array@H@hullLibArray@0@@Z 0000000180032810 f i hulllib.obj
 0001:00031df0       ??0?$Array@H@hullLibArray@physx@@QEAA@H@Z 0000000180032df0 f i hulllib.obj
 0001:00031e60       ??0?$Array@PEAVTri@physx@@@hullLibArray@physx@@QEAA@H@Z 0000000180032e60 f i hulllib.obj
 0001:00031ed0       ??0?$Array@UExpandPlane@physx@@@hullLibArray@physx@@QEAA@H@Z 0000000180032ed0 f i hulllib.obj
 0001:00031f40       ??0?$Array@VHalfEdge@ConvexH@physx@@@hullLibArray@physx@@QEAA@H@Z 0000000180032f40 f i hulllib.obj
 0001:00031fb0       ??0?$Array@VPlane@physx@@@hullLibArray@physx@@QEAA@H@Z 0000000180032fb0 f i hulllib.obj
 0001:00032020       ??0?$Array@Vfloat3@physx@@@hullLibArray@physx@@QEAA@H@Z 0000000180033020 f i hulllib.obj
 0001:00032090       ??0?$Array@Vint3@physx@@@hullLibArray@physx@@QEAA@H@Z 0000000180033090 f i hulllib.obj
 0001:00032100       ??0?$ReflectionAllocator@M@shdfnd@physx@@QEAA@PEBD@Z 0000000180033100 f i hulllib.obj
 0001:00032120       ??0?$ReflectionAllocator@VConvexH@physx@@@shdfnd@physx@@QEAA@PEBD@Z 0000000180033120 f i hulllib.obj
 0001:00032140       ??0?$ReflectionAllocator@VTri@physx@@@shdfnd@physx@@QEAA@PEBD@Z 0000000180033140 f i hulllib.obj
 0001:00032160       ??0?$ScopedPointer@_NVTempAllocator@shdfnd@physx@@@shdfnd@physx@@QEAA@XZ 0000000180033160 f i hulllib.obj
 0001:00032190       ??0ExpandPlane@physx@@QEAA@XZ 0000000180033190 f i hulllib.obj
 0001:00032240       ??0HalfEdge@ConvexH@physx@@QEAA@FEE@Z 0000000180033240 f i hulllib.obj
 0001:000322a0       ??0HalfEdge@ConvexH@physx@@QEAA@XZ 00000001800332a0 f i hulllib.obj
 0001:000322b0       ??0PHullResult@physx@@QEAA@XZ 00000001800332b0 f i hulllib.obj
 0001:00032310       ??0Plane@physx@@QEAA@AEBVfloat3@1@M@Z 0000000180033310 f i hulllib.obj
 0001:00032360       ??0Plane@physx@@QEAA@XZ    0000000180033360 f i hulllib.obj
 0001:000323a0       ??0Tri@physx@@QEAA@HHHPEAV?$Array@PEAVTri@physx@@@hullLibArray@1@@Z 00000001800333a0 f i hulllib.obj
 0001:00032460       ??0float3@physx@@QEAA@MMM@Z 0000000180033460 f i hulllib.obj
 0001:000324c0       ??0float3@physx@@QEAA@XZ   00000001800334c0 f i hulllib.obj
 0001:00032500       ??0float3x3@physx@@QEAA@Vfloat3@1@00@Z 0000000180033500 f i hulllib.obj
 0001:00032570       ??0float3x3@physx@@QEAA@XZ 0000000180033570 f i hulllib.obj
 0001:000325d0       ??0int3@physx@@QEAA@HHH@Z  00000001800335d0 f i hulllib.obj
 0001:00032620       ??0int4@physx@@QEAA@HHHH@Z 0000000180033620 f i hulllib.obj
 0001:00032680       ??1?$Array@H@hullLibArray@physx@@QEAA@XZ 0000000180033680 f i hulllib.obj
 0001:00032700       ??1?$Array@PEAVTri@physx@@@hullLibArray@physx@@QEAA@XZ 0000000180033700 f i hulllib.obj
 0001:00032780       ??1?$Array@UExpandPlane@physx@@@hullLibArray@physx@@QEAA@XZ 0000000180033780 f i hulllib.obj
 0001:00032800       ??1?$Array@VHalfEdge@ConvexH@physx@@@hullLibArray@physx@@QEAA@XZ 0000000180033800 f i hulllib.obj
 0001:00032880       ??1?$Array@VPlane@physx@@@hullLibArray@physx@@QEAA@XZ 0000000180033880 f i hulllib.obj
 0001:00032900       ??1?$Array@Vfloat3@physx@@@hullLibArray@physx@@QEAA@XZ 0000000180033900 f i hulllib.obj
 0001:00032980       ??1?$Array@Vint3@physx@@@hullLibArray@physx@@QEAA@XZ 0000000180033980 f i hulllib.obj
 0001:00032a00       ??1?$ScopedPointer@_NVTempAllocator@shdfnd@physx@@@shdfnd@physx@@QEAA@XZ 0000000180033a00 f i hulllib.obj
 0001:00032a40       ??1ConvexH@physx@@QEAA@XZ  0000000180033a40 f i hulllib.obj
 0001:00032a90       ??1Tri@physx@@IEAA@XZ      0000000180033a90 f i hulllib.obj
 0001:00032aa0       ??8physx@@YAHAEBVPlane@0@0@Z 0000000180033aa0 f i hulllib.obj
 0001:00032b10       ??8physx@@YAHAEBVfloat3@0@0@Z 0000000180033b10 f i hulllib.obj
 0001:00032b90       ??9physx@@YAHAEBVfloat3@0@0@Z 0000000180033b90 f i hulllib.obj
 0001:00032c10       ??A?$Array@H@hullLibArray@physx@@QEAAAEAHH@Z 0000000180033c10 f i hulllib.obj
 0001:00032cb0       ??A?$Array@PEAVTri@physx@@@hullLibArray@physx@@QEAAAEAPEAVTri@2@H@Z 0000000180033cb0 f i hulllib.obj
 0001:00032d50       ??A?$Array@UExpandPlane@physx@@@hullLibArray@physx@@QEAAAEAUExpandPlane@2@H@Z 0000000180033d50 f i hulllib.obj
 0001:00032df0       ??A?$Array@VHalfEdge@ConvexH@physx@@@hullLibArray@physx@@QEAAAEAVHalfEdge@ConvexH@2@H@Z 0000000180033df0 f i hulllib.obj
 0001:00032e90       ??A?$Array@VPlane@physx@@@hullLibArray@physx@@QEAAAEAVPlane@2@H@Z 0000000180033e90 f i hulllib.obj
 0001:00032f30       ??A?$Array@Vfloat3@physx@@@hullLibArray@physx@@QEAAAEAVfloat3@2@H@Z 0000000180033f30 f i hulllib.obj
 0001:00032fd0       ??Afloat3@physx@@QEAAAEAMH@Z 0000000180033fd0 f i hulllib.obj
 0001:00033070       ??Afloat3@physx@@QEBAAEBMH@Z 0000000180034070 f i hulllib.obj
 0001:00033110       ??Afloat3x3@physx@@QEAAAEAVfloat3@1@H@Z 0000000180034110 f i hulllib.obj
 0001:000331b0       ??Afloat3x3@physx@@QEBAAEBVfloat3@1@H@Z 00000001800341b0 f i hulllib.obj
 0001:00033250       ??Aint3@physx@@QEAAAEAHH@Z 0000000180034250 f i hulllib.obj
 0001:00033270       ??Aint3@physx@@QEBAAEBHH@Z 0000000180034270 f i hulllib.obj
 0001:00033290       ??Aint4@physx@@QEAAAEAHH@Z 0000000180034290 f i hulllib.obj
 0001:000332b0       ??B?$ScopedPointer@_NVTempAllocator@shdfnd@physx@@@shdfnd@physx@@QEBAPEA_NXZ 00000001800342b0 f i hulllib.obj
 0001:000332d0       ??_G?$Array@PEAVTri@physx@@@hullLibArray@physx@@QEAAPEAXI@Z 00000001800342d0 f i hulllib.obj
 0001:00033320       ??_GConvexH@physx@@QEAAPEAXI@Z 0000000180034320 f i hulllib.obj
 0001:00033370       ??_GTri@physx@@IEAAPEAXI@Z 0000000180034370 f i hulllib.obj
 0001:000333c0       ?Add@?$Array@H@hullLibArray@physx@@QEAAAEAHH@Z 00000001800343c0 f i hulllib.obj
 0001:000334f0       ?Add@?$Array@PEAVTri@physx@@@hullLibArray@physx@@QEAAAEAPEAVTri@3@PEAV43@@Z 00000001800344f0 f i hulllib.obj
 0001:00033630       ?Add@?$Array@UExpandPlane@physx@@@hullLibArray@physx@@QEAAAEAUExpandPlane@3@U43@@Z 0000000180034630 f i hulllib.obj
 0001:00033780       ?Add@?$Array@VPlane@physx@@@hullLibArray@physx@@QEAAAEAVPlane@3@V43@@Z 0000000180034780 f i hulllib.obj
 0001:000338d0       ?Add@?$Array@Vfloat3@physx@@@hullLibArray@physx@@QEAAAEAVfloat3@3@V43@@Z 00000001800348d0 f i hulllib.obj
 0001:00033a20       ?Add@?$Array@Vint3@physx@@@hullLibArray@physx@@QEAAAEAVint3@3@V43@@Z 0000000180034a20 f i hulllib.obj
 0001:00033b70       ?HasHullFlag@HullDesc@physx@@QEBA_NW4HullFlag@2@@Z 0000000180034b70 f i hulllib.obj
 0001:00033bc0       ?PxMemSet@physx@@YAPEAXPEIAXHI@Z 0000000180034bc0 f i hulllib.obj
 0001:00033c00       ?SetSize@?$Array@PEAVTri@physx@@@hullLibArray@physx@@QEAAXH@Z 0000000180034c00 f i hulllib.obj
 0001:00033cb0       ?SetSize@?$Array@Vint3@physx@@@hullLibArray@physx@@QEAAXH@Z 0000000180034cb0 f i hulllib.obj
 0001:00033d60       ?allocate@?$Array@H@hullLibArray@physx@@QEAAXH@Z 0000000180034d60 f i hulllib.obj
 0001:00033fe0       ?allocate@?$Array@PEAVTri@physx@@@hullLibArray@physx@@QEAAXH@Z 0000000180034fe0 f i hulllib.obj
 0001:00034260       ?allocate@?$Array@UExpandPlane@physx@@@hullLibArray@physx@@QEAAXH@Z 0000000180035260 f i hulllib.obj
 0001:00034520       ?allocate@?$Array@VHalfEdge@ConvexH@physx@@@hullLibArray@physx@@QEAAXH@Z 0000000180035520 f i hulllib.obj
 0001:000347a0       ?allocate@?$Array@VPlane@physx@@@hullLibArray@physx@@QEAAXH@Z 00000001800357a0 f i hulllib.obj
 0001:00034a60       ?allocate@?$Array@Vfloat3@physx@@@hullLibArray@physx@@QEAAXH@Z 0000000180035a60 f i hulllib.obj
 0001:00034d20       ?allocate@?$Array@Vint3@physx@@@hullLibArray@physx@@QEAAXH@Z 0000000180035d20 f i hulllib.obj
 0001:00034fe0       ?allocate@?$ReflectionAllocator@M@shdfnd@physx@@QEAAPEAX_KPEBDH@Z 0000000180035fe0 f i hulllib.obj
 0001:00035080       ?allocate@?$ReflectionAllocator@VConvexH@physx@@@shdfnd@physx@@QEAAPEAX_KPEBDH@Z 0000000180036080 f i hulllib.obj
 0001:00035120       ?allocate@?$ReflectionAllocator@VTri@physx@@@shdfnd@physx@@QEAAPEAX_KPEBDH@Z 0000000180036120 f i hulllib.obj
 0001:000351c0       ?cos@@YAMM@Z               00000001800361c0 f i hulllib.obj
 0001:000351e0       ?distance@Plane@physx@@QEBAMAEBVfloat3@2@@Z 00000001800361e0 f i hulllib.obj
 0001:00035250       ?getName@?$ReflectionAllocator@M@shdfnd@physx@@CAPEBDXZ 0000000180036250 f i hulllib.obj
 0001:000352b0       ?getName@?$ReflectionAllocator@VConvexH@physx@@@shdfnd@physx@@CAPEBDXZ 00000001800362b0 f i hulllib.obj
 0001:00035310       ?getName@?$ReflectionAllocator@VTri@physx@@@shdfnd@physx@@CAPEBDXZ 0000000180036310 f i hulllib.obj
 0001:00035370       ?memSet@intrinsics@physx@@YAPEAXPEIAXHI@Z 0000000180036370 f i hulllib.obj
 0001:000353c0       ?to8@shdfnd@physx@@YAEG@Z  00000001800363c0 f i hulllib.obj
 0001:000354c0       ?computeVolumeIntegrals@physx@@YA_NAEBVPxSimpleTriangleMesh@1@MAEAUPxIntegrals@1@@Z 00000001800364c0 f   VolumeIntegration.obj
 0001:00035550       ?computeVolumeIntegralsEberly@physx@@YA_NAEBVPxSimpleTriangleMesh@1@MAEAUPxIntegrals@1@AEBVPxVec3@1@@Z 0000000180036550 f   VolumeIntegration.obj
 0001:000355c0       ??0VolumeIntegrator@?A0x1f919d06@physx@@QEAA@VPxSimpleTriangleMesh@2@N@Z 00000001800365c0 f   VolumeIntegration.obj
 0001:00035630       ??1VolumeIntegrator@?A0x1f919d06@physx@@QEAA@XZ 0000000180036630 f   VolumeIntegration.obj
 0001:00035640       ?computeVolumeIntegrals@VolumeIntegrator@?A0x1f919d06@physx@@QEAA_NAEAUPxIntegrals@3@@Z 0000000180036640 f   VolumeIntegration.obj
 0001:000360f0       ?computeCenterOfMass@VolumeIntegrator@?A0x1f919d06@physx@@AEAA?AVPxVec3@3@XZ 00000001800370f0 f   VolumeIntegration.obj
 0001:000361d0       ?computeInertiaTensor@VolumeIntegrator@?A0x1f919d06@physx@@AEAAXPEAN@Z 00000001800371d0 f   VolumeIntegration.obj
 0001:000364a0       ?computeCOMInertiaTensor@VolumeIntegrator@?A0x1f919d06@physx@@AEAAXPEAN@Z 00000001800374a0 f   VolumeIntegration.obj
 0001:000367f0       ?computeFaceNormal@VolumeIntegrator@?A0x1f919d06@physx@@AEAAXAEAUFace@123@PEAI@Z 00000001800377f0 f   VolumeIntegration.obj
 0001:000369a0       ?computeProjectionIntegrals@VolumeIntegrator@?A0x1f919d06@physx@@AEAAXAEBUFace@123@@Z 00000001800379a0 f   VolumeIntegration.obj
 0001:000372c0       ?computeFaceIntegrals@VolumeIntegrator@?A0x1f919d06@physx@@AEAAXAEBUFace@123@@Z 00000001800382c0 f   VolumeIntegration.obj
 0001:00037a10       ??0VolumeIntegratorEberly@?A0x1f919d06@physx@@QEAA@AEBVPxSimpleTriangleMesh@2@N@Z 0000000180038a10 f   VolumeIntegration.obj
 0001:00037a60       ??1VolumeIntegratorEberly@?A0x1f919d06@physx@@QEAA@XZ 0000000180038a60 f   VolumeIntegration.obj
 0001:00037a70       ?computeVolumeIntegrals@VolumeIntegratorEberly@?A0x1f919d06@physx@@QEAA_NAEAUPxIntegrals@3@AEBVPxVec3@3@@Z 0000000180038a70 f   VolumeIntegration.obj
 0001:000390c0       ?subexpressions@VolumeIntegratorEberly@?A0x1f919d06@physx@@AEAAXNNNAEAN00000@Z 000000018003a0c0 f   VolumeIntegration.obj
 0001:0003a1b0       ??4?$PxFlags@W4Enum@PxMeshFlag@physx@@G@physx@@QEAAAEAV01@AEBV01@@Z 000000018003b1b0 f i VolumeIntegration.obj
 0001:0003a1e0       ??4PxSimpleTriangleMesh@physx@@QEAAAEAV01@AEBV01@@Z 000000018003b1e0 f i VolumeIntegration.obj
 0001:0003a260       ?isZero@PxVec3@physx@@QEBA_NXZ 000000018003b260 f i VolumeIntegration.obj
 0001:0003a2c0       ?ComputeNbBoundaryEdges@AdjTriangle@physx@@QEBAIXZ 000000018003b2c0 f   Adjacencies.obj
 0001:0003a350       ?ComputeNbNeighbors@AdjTriangle@physx@@QEBAIXZ 000000018003b350 f   Adjacencies.obj
 0001:0003a3e0       ?HasNeighbor@AdjTriangle@physx@@QEBA_NIPEAI@Z 000000018003b3e0 f   Adjacencies.obj
 0001:0003a4f0       ?Flip@AdjTriangle@physx@@QEAAXXZ 000000018003b4f0 f   Adjacencies.obj
 0001:0003a540       ??0Adjacencies@physx@@QEAA@XZ 000000018003b540 f   Adjacencies.obj
 0001:0003a570       ??1Adjacencies@physx@@QEAA@XZ 000000018003b570 f   Adjacencies.obj
 0001:0003a5d0       ?Load@Adjacencies@physx@@QEAA_NAEAVPxInputStream@2@@Z 000000018003b5d0 f   Adjacencies.obj
 0001:0003a760       ?Walk@Adjacencies@physx@@QEAA_NP6AXAEBUCommonWalkParams@2@IIII@ZPEAX@Z 000000018003b760 f   Adjacencies.obj
 0001:0003a900       ?Walk2@Adjacencies@physx@@QEAA_NP6AXAEBUCommonWalkParams@2@IIII@ZPEAXPEBVPxVec3@2@PEBU?$TriangleT@I@Gu@2@@Z 000000018003b900 f   Adjacencies.obj
 0001:0003ab00       ?ComputeNbBoundaryEdges@Adjacencies@physx@@QEBAIXZ 000000018003bb00 f   Adjacencies.obj
 0001:0003ab80       ?GetBoundaryVertices@Adjacencies@physx@@QEBA_NIPEA_NPEBU?$TriangleT@I@Gu@2@@Z 000000018003bb80 f   Adjacencies.obj
 0001:0003ae90       ?MakeLastRef@Adjacencies@physx@@QEAA_NAEAVAdjTriangle@2@IPEAU?$TriangleT@I@Gu@2@@Z 000000018003be90 f   Adjacencies.obj
 0001:0003b1f0       ?AssignNewEdgeCode@Adjacencies@physx@@AEAAXIE@Z 000000018003c1f0 f   Adjacencies.obj
 0001:0003b290       ??0AdjacenciesBuilder@physx@@QEAA@XZ 000000018003c290 f   Adjacencies.obj
 0001:0003b2c0       ??1AdjacenciesBuilder@physx@@QEAA@XZ 000000018003c2c0 f   Adjacencies.obj
 0001:0003b2e0       ?Init@AdjacenciesBuilder@physx@@QEAA_NAEBUADJACENCIESCREATE@2@@Z 000000018003c2e0 f   Adjacencies.obj
 0001:0003d740       ??$?_UV?$ReflectionAllocator@VAdjEdge@@@shdfnd@physx@@@UserAllocated@shdfnd@physx@@SAPEAX_KV?$ReflectionAllocator@VAdjEdge@@@12@PEBDH@Z 000000018003e740 f i Adjacencies.obj
 0001:0003d790       ??$?_UV?$ReflectionAllocator@VAdjTriangle@physx@@@shdfnd@physx@@@UserAllocated@shdfnd@physx@@SAPEAX_KV?$ReflectionAllocator@VAdjTriangle@physx@@@12@PEBDH@Z 000000018003e790 f i Adjacencies.obj
 0001:0003d7e0       ??$swap@M@shdfnd@physx@@YAXAEAM0@Z 000000018003e7e0 f i Adjacencies.obj
 0001:0003d840       ??0?$ReflectionAllocator@VAdjEdge@@@shdfnd@physx@@QEAA@PEBD@Z 000000018003e840 f i Adjacencies.obj
 0001:0003d860       ??0?$ReflectionAllocator@VAdjTriangle@physx@@@shdfnd@physx@@QEAA@PEBD@Z 000000018003e860 f i Adjacencies.obj
 0001:0003d880       ??0?$TriangleT@I@Gu@physx@@QEAA@XZ 000000018003e880 f i Adjacencies.obj
 0001:0003d890       ??0AdjEdge@@QEAA@XZ        000000018003e890 f i Adjacencies.obj
 0001:0003d8a0       ??0AdjTriangle@physx@@QEAA@XZ 000000018003e8a0 f i Adjacencies.obj
 0001:0003d8b0       ??0PrivateWalkParams@?1??Walk2@Adjacencies@physx@@QEAA_NP6AXAEBUCommonWalkParams@3@IIII@ZPEAXPEBVPxVec3@3@PEBU?$TriangleT@I@Gu@3@@Z@QEAA@XZ 000000018003e8b0 f i Adjacencies.obj
 0001:0003d8e0       ??1AdjEdge@@QEAA@XZ        000000018003e8e0 f i Adjacencies.obj
 0001:0003d8f0       ??1AdjTriangle@physx@@QEAA@XZ 000000018003e8f0 f i Adjacencies.obj
 0001:0003d900       ??_EAdjEdge@@QEAAPEAXI@Z   000000018003e900 f i Adjacencies.obj
 0001:0003d9b0       ??_EAdjTriangle@physx@@QEAAPEAXI@Z 000000018003e9b0 f i Adjacencies.obj
 0001:0003da60       ??_I@YAXPEAX_KHP6AX0@Z@Z   000000018003ea60 f i Adjacencies.obj
 0001:0003daf0       ??_VUserAllocated@shdfnd@physx@@SAXPEAX@Z 000000018003eaf0 f i Adjacencies.obj
 0001:0003db30       ?GetEdgeTriangle@EdgeList@Gu@physx@@QEBAAEBUEdgeTriangleData@23@I@Z 000000018003eb30 f i Adjacencies.obj
 0001:0003db60       ?HasActiveEdge01@EdgeTriangleAC@Gu@physx@@SAHAEBUEdgeTriangleData@23@@Z 000000018003eb60 f i Adjacencies.obj
 0001:0003db90       ?HasActiveEdge12@EdgeTriangleAC@Gu@physx@@SAHAEBUEdgeTriangleData@23@@Z 000000018003eb90 f i Adjacencies.obj
 0001:0003dbc0       ?HasActiveEdge20@EdgeTriangleAC@Gu@physx@@SAHAEBUEdgeTriangleData@23@@Z 000000018003ebc0 f i Adjacencies.obj
 0001:0003dbf0       ?allocate@?$ReflectionAllocator@VAdjEdge@@@shdfnd@physx@@QEAAPEAX_KPEBDH@Z 000000018003ebf0 f i Adjacencies.obj
 0001:0003dc90       ?allocate@?$ReflectionAllocator@VAdjTriangle@physx@@@shdfnd@physx@@QEAAPEAX_KPEBDH@Z 000000018003ec90 f i Adjacencies.obj
 0001:0003dd30       ?findEdge@?$TriangleT@I@Gu@physx@@QEBAEII@Z 000000018003ed30 f i Adjacencies.obj
 0001:0003dee0       ?getName@?$ReflectionAllocator@VAdjEdge@@@shdfnd@physx@@CAPEBDXZ 000000018003eee0 f i Adjacencies.obj
 0001:0003df40       ?getName@?$ReflectionAllocator@VAdjTriangle@physx@@@shdfnd@physx@@CAPEBDXZ 000000018003ef40 f i Adjacencies.obj
 0001:0003dfa0       PxCreateCooking            000000018003efa0 f   Cooking.obj
 0001:0003e090       ?release@Cooking@physx@@UEAAXXZ 000000018003f090 f   Cooking.obj
 0001:0003e0f0       ?setParams@Cooking@physx@@UEAAXAEBUPxCookingParams@2@@Z 000000018003f0f0 f   Cooking.obj
 0001:0003e120       ?getParams@Cooking@physx@@UEAAAEBUPxCookingParams@2@XZ 000000018003f120 f   Cooking.obj
 0001:0003e140       ?platformMismatch@Cooking@physx@@UEAA_NXZ 000000018003f140 f   Cooking.obj
 0001:0003e2c0       ?cookTriangleMesh@Cooking@physx@@UEAA_NAEBVPxTriangleMeshDesc@2@AEAVPxOutputStream@2@@Z 000000018003f2c0 f   Cooking.obj
 0001:0003e4d0       ?createTriangleMesh@Cooking@physx@@UEAAPEAVPxTriangleMesh@2@AEBVPxTriangleMeshDesc@2@AEAVPxPhysicsInsertionCallback@2@@Z 000000018003f4d0 f   Cooking.obj
 0001:0003e730       ?validateTriangleMesh@Cooking@physx@@UEAA_NAEBVPxTriangleMeshDesc@2@@Z 000000018003f730 f   Cooking.obj
 0001:0003e7f0       ?cookConvexMesh@Cooking@physx@@UEAA_NAEBVPxConvexMeshDesc@2@AEAVPxOutputStream@2@PEAW4Enum@PxConvexMeshCookingResult@2@@Z 000000018003f7f0 f   Cooking.obj
 0001:0003ee20       ?computeHullPolygons@Cooking@physx@@UEAA_NAEBVPxSimpleTriangleMesh@2@AEAVPxAllocatorCallback@2@AEAIAEAPEAVPxVec3@2@2AEAPEAI2AEAPEAUPxHullPolygon@2@@Z 000000018003fe20 f   Cooking.obj
 0001:0003f0f0       ?cookHeightField@Cooking@physx@@UEAA_NAEBVPxHeightFieldDesc@2@AEAVPxOutputStream@2@@Z 00000001800400f0 f   Cooking.obj
 0001:0003f3b0       ?createHeightField@Cooking@physx@@UEAAPEAVPxHeightField@2@AEBVPxHeightFieldDesc@2@AEAVPxPhysicsInsertionCallback@2@@Z 00000001800403b0 f   Cooking.obj
 0001:0003f660       ?loadTriangleMeshDesc@Cooking@physx@@AEAA_NAEBVPxTriangleMeshDesc@2@AEAVTriangleMeshBuilder@2@@Z 0000000180040660 f   Cooking.obj
 0001:0003fd60       ??$?2V?$ReflectionAllocator@VCooking@physx@@@shdfnd@physx@@@UserAllocated@shdfnd@physx@@SAPEAX_KV?$ReflectionAllocator@VCooking@physx@@@12@PEBDH@Z 0000000180040d60 f i Cooking.obj
 0001:0003fdb0       ??$PX_UNUSED@VPxFoundation@physx@@@@YAXAEBVPxFoundation@physx@@@Z 0000000180040db0 f i Cooking.obj
 0001:0003fdc0       ??0?$PxFlags@W4Enum@PxConvexFlag@physx@@G@physx@@QEAA@W4Enum@PxConvexFlag@1@@Z 0000000180040dc0 f i Cooking.obj
 0001:0003fdf0       ??0?$PxFlags@W4Enum@PxConvexFlag@physx@@G@physx@@QEAA@XZ 0000000180040df0 f i Cooking.obj
 0001:0003fe10       ??0?$PxFlags@W4Enum@PxHeightFieldFlag@physx@@G@physx@@QEAA@AEBV01@@Z 0000000180040e10 f i Cooking.obj
 0001:0003fe40       ??0?$ReflectionAllocator@VCooking@physx@@@shdfnd@physx@@QEAA@PEBD@Z 0000000180040e40 f i Cooking.obj
 0001:0003fe60       ??0?$ReflectionAllocator@VHeightField@Gu@physx@@@shdfnd@physx@@QEAA@PEBD@Z 0000000180040e60 f i Cooking.obj
 0001:0003fe80       ??0?$ReflectionAllocator@VTriangleMeshBuilder@physx@@@shdfnd@physx@@QEAA@PEBD@Z 0000000180040e80 f i Cooking.obj
 0001:0003fea0       ??0Cooking@physx@@QEAA@AEBUPxCookingParams@1@@Z 0000000180040ea0 f i Cooking.obj
 0001:0003ff00       ??0HullDesc@physx@@QEAA@XZ 0000000180040f00 f i Cooking.obj
 0001:0003ff90       ??0HullResult@physx@@QEAA@XZ 0000000180040f90 f i Cooking.obj
 0001:00040000       ??0PxConvexMeshDesc@physx@@QEAA@AEBV01@@Z 0000000180041000 f i Cooking.obj
 0001:000400d0       ??0PxCooking@physx@@QEAA@XZ 00000001800410d0 f i Cooking.obj
 0001:000400f0       ??0PxCookingParams@physx@@QEAA@AEBU01@@Z 00000001800410f0 f i Cooking.obj
 0001:00040210       ??0TriangleMeshBuilder@physx@@QEAA@XZ 0000000180041210 f i Cooking.obj
 0001:00040260       ??1Cooking@physx@@UEAA@XZ  0000000180041260 f i Cooking.obj
 0001:00040280       ??1PxCooking@physx@@MEAA@XZ 0000000180041280 f i Cooking.obj
 0001:000402a0       ??1TriangleMeshBuilder@physx@@UEAA@XZ 00000001800412a0 f i Cooking.obj
 0001:000402c0       ??4?$PxFlags@W4Enum@PxMeshPreprocessingFlag@physx@@I@physx@@QEAAAEAV01@AEBV01@@Z 00000001800412c0 f i Cooking.obj
 0001:000402f0       ??4PxCookingParams@physx@@QEAAAEAU01@AEBU01@@Z 00000001800412f0 f i Cooking.obj
 0001:00040410       ??9?$PxFlags@W4Enum@PxHeightFieldFlag@physx@@G@physx@@QEBA_NAEBV01@@Z 0000000180041410 f i Cooking.obj
 0001:00040460       ??I?$PxFlags@W4Enum@PxHeightFieldFlag@physx@@G@physx@@QEBA?AV01@W4Enum@PxHeightFieldFlag@1@@Z 0000000180041460 f i Cooking.obj
 0001:000404d0       ??S?$PxFlags@W4Enum@PxConvexFlag@physx@@G@physx@@QEBA?AV01@XZ 00000001800414d0 f i Cooking.obj
 0001:00040520       ??Sphysx@@YA?AV?$PxFlags@W4Enum@PxConvexFlag@physx@@G@0@W4Enum@PxConvexFlag@0@@Z 0000000180041520 f i Cooking.obj
 0001:00040560       ??_4?$PxFlags@W4Enum@PxConvexFlag@physx@@G@physx@@QEAAAEAV01@AEBV01@@Z 0000000180041560 f i Cooking.obj
 0001:00040598       ??_ETriangleMeshBuilder@physx@@WBA@EAAPEAXI@Z 0000000180041598 f i Cooking.obj
 0001:000405b0       ??_GCooking@physx@@UEAAPEAXI@Z 00000001800415b0 f i Cooking.obj
 0001:000405b0       ??_ECooking@physx@@UEAAPEAXI@Z 00000001800415b0 f i Cooking.obj
 0001:00040600       ??_EPxCooking@physx@@MEAAPEAXI@Z 0000000180041600 f i Cooking.obj
 0001:00040600       ??_GPxCooking@physx@@MEAAPEAXI@Z 0000000180041600 f i Cooking.obj
 0001:00040650       ??_GTriangleMeshBuilder@physx@@UEAAPEAXI@Z 0000000180041650 f i Cooking.obj
 0001:00040650       ??_ETriangleMeshBuilder@physx@@UEAAPEAXI@Z 0000000180041650 f i Cooking.obj
 0001:000406a0       ?allocate@?$ReflectionAllocator@VCooking@physx@@@shdfnd@physx@@QEAAPEAX_KPEBDH@Z 00000001800416a0 f i Cooking.obj
 0001:00040740       ?allocate@?$ReflectionAllocator@VHeightField@Gu@physx@@@shdfnd@physx@@QEAAPEAX_KPEBDH@Z 0000000180041740 f i Cooking.obj
 0001:000407e0       ?allocate@?$ReflectionAllocator@VTriangleMeshBuilder@physx@@@shdfnd@physx@@QEAAPEAX_KPEBDH@Z 00000001800417e0 f i Cooking.obj
 0001:00040880       ?getName@?$ReflectionAllocator@VCooking@physx@@@shdfnd@physx@@CAPEBDXZ 0000000180041880 f i Cooking.obj
 0001:000408e0       ?getName@?$ReflectionAllocator@VHeightField@Gu@physx@@@shdfnd@physx@@CAPEBDXZ 00000001800418e0 f i Cooking.obj
 0001:00040940       ?getName@?$ReflectionAllocator@VTriangleMeshBuilder@physx@@@shdfnd@physx@@CAPEBDXZ 0000000180041940 f i Cooking.obj
 0001:000409a0       ?isValid@PxHeightFieldDesc@physx@@QEBA_NXZ 00000001800419a0 f i Cooking.obj
 0001:00040ac0       ?littleEndian@shdfnd@physx@@YADXZ 0000000180041ac0 f i Cooking.obj
 0001:00040ae0       ?requires@TriangleMesh@Gu@physx@@UEAAXAEAVPxProcessPxBaseCallback@3@@Z 0000000180041ae0 f i Cooking.obj
 0001:00040af0       ??0ReducedVertexCloud@physx@@QEAA@PEBVPxVec3@1@I@Z 0000000180041af0 f   CookingUtils.obj
 0001:00040b50       ??1ReducedVertexCloud@physx@@QEAA@XZ 0000000180041b50 f   CookingUtils.obj
 0001:00040b70       ?Clean@ReducedVertexCloud@physx@@QEAAAEAV12@XZ 0000000180041b70 f   CookingUtils.obj
 0001:00040bf0       ?Reduce@ReducedVertexCloud@physx@@QEAA_NPEAUREDUCEDCLOUD@2@@Z 0000000180041bf0 f   CookingUtils.obj
 0001:00041250       ??0EdgeList@Gu@physx@@QEAA@XZ 0000000180042250 f   EdgeList.obj
 0001:000412a0       ??1EdgeList@Gu@physx@@QEAA@XZ 00000001800422a0 f   EdgeList.obj
 0001:00041370       ?Load@EdgeList@Gu@physx@@QEAA_NAEAVPxInputStream@3@@Z 0000000180042370 f   EdgeList.obj
 0001:000416b0       ??0EdgeListBuilder@Gu@physx@@QEAA@XZ 00000001800426b0 f   EdgeList.obj
 0001:000416e0       ??1EdgeListBuilder@Gu@physx@@QEAA@XZ 00000001800426e0 f   EdgeList.obj
 0001:00041700       ?Init@EdgeListBuilder@Gu@physx@@QEAA_NAEBUEDGELISTCREATE@23@@Z 0000000180042700 f   EdgeList.obj
 0001:000418e0       ?CreateFacesToEdges@EdgeListBuilder@Gu@physx@@AEAA_NIPEBIPEBG@Z 00000001800428e0 f   EdgeList.obj
 0001:000420c0       ?CreateEdgesToFaces@EdgeListBuilder@Gu@physx@@AEAA_NIPEBIPEBG@Z 00000001800430c0 f   EdgeList.obj
 0001:00042660       ?ComputeActiveEdges@EdgeListBuilder@Gu@physx@@AEAA_NIPEBIPEBGPEBVPxVec3@3@M@Z 0000000180043660 f   EdgeList.obj
 0001:00044ca0       ??$?_UUEdgeData@Gu@physx@@@@YAPEAX_KV?$ReflectionAllocator@UEdgeData@Gu@physx@@@shdfnd@physx@@PEBDH@Z 0000000180045ca0 f i EdgeList.obj
 0001:00044cf0       ??$?_UUEdgeTriangleData@Gu@physx@@@@YAPEAX_KV?$ReflectionAllocator@UEdgeTriangleData@Gu@physx@@@shdfnd@physx@@PEBDH@Z 0000000180045cf0 f i EdgeList.obj
 0001:00044d40       ??0?$ReflectionAllocator@UEdgeData@Gu@physx@@@shdfnd@physx@@QEAA@PEBD@Z 0000000180045d40 f i EdgeList.obj
 0001:00044d60       ??0?$ReflectionAllocator@UEdgeTriangleData@Gu@physx@@@shdfnd@physx@@QEAA@PEBD@Z 0000000180045d60 f i EdgeList.obj
 0001:00044d80       ??0PxTriangle@physx@@QEAA@AEBVPxVec3@1@00@Z 0000000180045d80 f i EdgeList.obj
 0001:00044e50       ??1PxTriangle@physx@@QEAA@XZ 0000000180045e50 f i EdgeList.obj
 0001:00044e60       ?GetEdgeToTriangles@EdgeList@Gu@physx@@QEBAPEBUEdgeDescData@23@XZ 0000000180045e60 f i EdgeList.obj
 0001:00044e80       ?GetEdges@EdgeList@Gu@physx@@QEBAPEBUEdgeData@23@XZ 0000000180045e80 f i EdgeList.obj
 0001:00044ea0       ?GetFacesByEdges@EdgeList@Gu@physx@@QEBAPEBIXZ 0000000180045ea0 f i EdgeList.obj
 0001:00044ec0       ?OppositeVertex@@YAIIIIII@Z 0000000180045ec0 f i EdgeList.obj
 0001:00044f90       ?PxAtan2@physx@@YAMMM@Z    0000000180045f90 f i EdgeList.obj
[...]
 0005:000001b8       __imp_CreateSemaphoreW     00000001800f61b8     kernel32:KERNEL32.dll
 0005:000001c0       __imp_LoadLibraryExW       00000001800f61c0     kernel32:KERNEL32.dll
 0005:000001c8       __imp_IsValidCodePage      00000001800f61c8     kernel32:KERNEL32.dll
 0005:000001d0       __imp_GetACP               00000001800f61d0     kernel32:KERNEL32.dll
 0005:000001d8       __imp_GetOEMCP             00000001800f61d8     kernel32:KERNEL32.dll
 0005:000001e0       __imp_GetCPInfo            00000001800f61e0     kernel32:KERNEL32.dll
 0005:000001e8       __imp_RtlPcToFileHeader    00000001800f61e8     kernel32:KERNEL32.dll
 0005:000001f0       __imp_HeapAlloc            00000001800f61f0     kernel32:KERNEL32.dll
 0005:000001f8       __imp_HeapFree             00000001800f61f8     kernel32:KERNEL32.dll
 0005:00000200       __imp_SetConsoleCtrlHandler 00000001800f6200     kernel32:KERNEL32.dll
 0005:00000208       __imp_OutputDebugStringW   00000001800f6208     kernel32:KERNEL32.dll
 0005:00000210       __imp_WaitForSingleObjectEx 00000001800f6210     kernel32:KERNEL32.dll
 0005:00000218       __imp_CreateThread         00000001800f6218     kernel32:KERNEL32.dll
 0005:00000220       __imp_OutputDebugStringA   00000001800f6220     kernel32:KERNEL32.dll
 0005:00000228       __imp_WriteConsoleW        00000001800f6228     kernel32:KERNEL32.dll
 0005:00000230       __imp_HeapReAlloc          00000001800f6230     kernel32:KERNEL32.dll
 0005:00000238       __imp_HeapQueryInformation 00000001800f6238     kernel32:KERNEL32.dll
 0005:00000240       __imp_GetDateFormatW       00000001800f6240     kernel32:KERNEL32.dll
 0005:00000248       __imp_GetTimeFormatW       00000001800f6248     kernel32:KERNEL32.dll
 0005:00000250       __imp_CompareStringW       00000001800f6250     kernel32:KERNEL32.dll
 0005:00000258       __imp_LCMapStringW         00000001800f6258     kernel32:KERNEL32.dll
 0005:00000260       __imp_GetLocaleInfoW       00000001800f6260     kernel32:KERNEL32.dll
 0005:00000268       __imp_IsValidLocale        00000001800f6268     kernel32:KERNEL32.dll
 0005:00000270       __imp_GetUserDefaultLCID   00000001800f6270     kernel32:KERNEL32.dll
 0005:00000278       __imp_EnumSystemLocalesW   00000001800f6278     kernel32:KERNEL32.dll
 0005:00000280       __imp_VirtualQuery         00000001800f6280     kernel32:KERNEL32.dll
 0005:00000288       __imp_GetStringTypeW       00000001800f6288     kernel32:KERNEL32.dll
 0005:00000290       __imp_FlushFileBuffers     00000001800f6290     kernel32:KERNEL32.dll
 0005:00000298       __imp_GetConsoleCP         00000001800f6298     kernel32:KERNEL32.dll
 0005:000002a0       __imp_GetConsoleMode       00000001800f62a0     kernel32:KERNEL32.dll
 0005:000002a8       __imp_SetFilePointerEx     00000001800f62a8     kernel32:KERNEL32.dll
 0005:000002b0       __imp_CloseHandle          00000001800f62b0     kernel32:KERNEL32.dll
 0005:000002b8       __imp_SetStdHandle         00000001800f62b8     kernel32:KERNEL32.dll
 0005:000002c0       __imp_CreateFileW          00000001800f62c0     kernel32:KERNEL32.dll
 0005:000002c8       \177KERNEL32_NULL_THUNK_DATA 00000001800f62c8     kernel32:KERNEL32.dll
 0005:000003a8       __IMPORT_DESCRIPTOR_KERNEL32 00000001800f63a8     kernel32:KERNEL32.dll
 0005:000003bc       __NULL_IMPORT_DESCRIPTOR   00000001800f63bc     kernel32:KERNEL32.dll
 0006:00000000       __DELAY_IMPORT_DESCRIPTOR_PhysX3CommonDEBUG_x64_dll 00000001800f7000     PhysX3CommonDEBUG_x64:PhysX3CommonDEBUG_x64.dll
 0006:00000020       __NULL_DELAY_IMPORT_DESCRIPTOR 00000001800f7020     PhysX3CommonDEBUG_x64:PhysX3CommonDEBUG_x64.dll
 0006:000003a8       \177PhysX3CommonDEBUG_x64_NULL_THUNK_DATA_DLN 00000001800f73a8     PhysX3CommonDEBUG_x64:PhysX3CommonDEBUG_x64.dll
 0006:000004a8       __imp_?writeWord@physx@@YAXG_NAEAVPxOutputStream@1@@Z 00000001800f74a8     PhysX3CommonDEBUG_x64:PhysX3CommonDEBUG_x64.dll
 0006:000004b0       __imp_?writeDword@physx@@YAXI_NAEAVPxOutputStream@1@@Z 00000001800f74b0     PhysX3CommonDEBUG_x64:PhysX3CommonDEBUG_x64.dll
 0006:000004b8       __imp_?writeFloat@physx@@YAXM_NAEAVPxOutputStream@1@@Z 00000001800f74b8     PhysX3CommonDEBUG_x64:PhysX3CommonDEBUG_x64.dll
 0006:000004c0       __imp_?writeHeader@physx@@YA_NCCCCI_NAEAVPxOutputStream@1@@Z 00000001800f74c0     PhysX3CommonDEBUG_x64:PhysX3CommonDEBUG_x64.dll
 0006:000004c8       __imp_??0Allocator@shdfnd@physx@@QEAA@PEBD@Z 00000001800f74c8     PhysX3CommonDEBUG_x64:PhysX3CommonDEBUG_x64.dll
 0006:000004d0       __imp_?allocate@Allocator@shdfnd@physx@@QEAAPEAX_KPEBDH@Z 00000001800f74d0     PhysX3CommonDEBUG_x64:PhysX3CommonDEBUG_x64.dll
 0006:000004d8       __imp_??0NamedAllocator@shdfnd@physx@@QEAA@PEBD@Z 00000001800f74d8     PhysX3CommonDEBUG_x64:PhysX3CommonDEBUG_x64.dll
 0006:000004e0       __imp_??0NamedAllocator@shdfnd@physx@@QEAA@AEBV012@@Z 00000001800f74e0     PhysX3CommonDEBUG_x64:PhysX3CommonDEBUG_x64.dll
 0006:000004e8       __imp_??1NamedAllocator@shdfnd@physx@@QEAA@XZ 00000001800f74e8     PhysX3CommonDEBUG_x64:PhysX3CommonDEBUG_x64.dll
 0006:000004f0       __imp_?allocate@NamedAllocator@shdfnd@physx@@QEAAPEAX_KPEBDH@Z 00000001800f74f0     PhysX3CommonDEBUG_x64:PhysX3CommonDEBUG_x64.dll
 0006:000004f8       __imp_?deallocate@NamedAllocator@shdfnd@physx@@QEAAXPEAX@Z 00000001800f74f8     PhysX3CommonDEBUG_x64:PhysX3CommonDEBUG_x64.dll
 0006:00000500       __imp_?PxGetAssertHandler@physx@@YAAEAVPxAssertHandler@1@XZ 00000001800f7500     PhysX3CommonDEBUG_x64:PhysX3CommonDEBUG_x64.dll
 0006:00000508       __imp_?validate@RTree@Gu@physx@@QEAAXXZ 00000001800f7508     PhysX3CommonDEBUG_x64:PhysX3CommonDEBUG_x64.dll
 0006:00000510       __imp_??0TempAllocator@shdfnd@physx@@QEAA@PEBD@Z 00000001800f7510     PhysX3CommonDEBUG_x64:PhysX3CommonDEBUG_x64.dll
 0006:00000518       __imp_?allocate@TempAllocator@shdfnd@physx@@QEAAPEAX_KPEBDH@Z 00000001800f7518     PhysX3CommonDEBUG_x64:PhysX3CommonDEBUG_x64.dll
 0006:00000520       __imp_?deallocate@TempAllocator@shdfnd@physx@@QEAAXPEAX@Z 00000001800f7520     PhysX3CommonDEBUG_x64:PhysX3CommonDEBUG_x64.dll
 0006:00000528       __imp_?computeBoundsAroundVertices@Gu@physx@@YAXAEAVPxBounds3@2@IPEIBVPxVec3@2@@Z 00000001800f7528     PhysX3CommonDEBUG_x64:PhysX3CommonDEBUG_x64.dll
 0006:00000530       __imp_PxGetFoundation      00000001800f7530     PhysX3CommonDEBUG_x64:PhysX3CommonDEBUG_x64.dll
 0006:00000538       __imp_?getAllocator@shdfnd@physx@@YAAEAVPxAllocatorCallback@2@XZ 00000001800f7538     PhysX3CommonDEBUG_x64:PhysX3CommonDEBUG_x64.dll
 0006:00000540       __imp_?deallocate@Allocator@shdfnd@physx@@QEAAXPEAX@Z 00000001800f7540     PhysX3CommonDEBUG_x64:PhysX3CommonDEBUG_x64.dll
 0006:00000548       __imp_?getInstance@Foundation@shdfnd@physx@@SAAEAV123@XZ 00000001800f7548     PhysX3CommonDEBUG_x64:PhysX3CommonDEBUG_x64.dll
 0006:00000550       __imp_?error@Foundation@shdfnd@physx@@QEAAXW4Enum@PxErrorCode@3@PEBDH1ZZ 00000001800f7550     PhysX3CommonDEBUG_x64:PhysX3CommonDEBUG_x64.dll
 0006:00000558       __imp_?save@RTree@Gu@physx@@QEBA_NAEAVPxOutputStream@3@@Z 00000001800f7558     PhysX3CommonDEBUG_x64:PhysX3CommonDEBUG_x64.dll
 0006:00000560       __imp_?release@InternalTriangleMesh@physx@@QEAAXXZ 00000001800f7560     PhysX3CommonDEBUG_x64:PhysX3CommonDEBUG_x64.dll
 0006:00000568       __imp_?allocateVertices@InternalTriangleMesh@physx@@QEAAPEAVPxVec3@2@I@Z 00000001800f7568     PhysX3CommonDEBUG_x64:PhysX3CommonDEBUG_x64.dll
 0006:00000570       __imp_?allocateTriangles@InternalTriangleMesh@physx@@QEAAPEAXI_N@Z 00000001800f7570     PhysX3CommonDEBUG_x64:PhysX3CommonDEBUG_x64.dll
 0006:00000578       __imp_?allocateMaterials@InternalTriangleMesh@physx@@QEAAPEAGXZ 00000001800f7578     PhysX3CommonDEBUG_x64:PhysX3CommonDEBUG_x64.dll
 0006:00000580       __imp_?getNumVertices@InternalTriangleMesh@physx@@QEBAIXZ 00000001800f7580     PhysX3CommonDEBUG_x64:PhysX3CommonDEBUG_x64.dll
 0006:00000588       __imp_?getNumTriangles@InternalTriangleMesh@physx@@QEBAIXZ 00000001800f7588     PhysX3CommonDEBUG_x64:PhysX3CommonDEBUG_x64.dll
 0006:00000590       __imp_?getVertices@InternalTriangleMesh@physx@@QEBAPEBVPxVec3@2@XZ 00000001800f7590     PhysX3CommonDEBUG_x64:PhysX3CommonDEBUG_x64.dll
 0006:00000598       __imp_?getTriangles@InternalTriangleMesh@physx@@QEBAPEBXXZ 00000001800f7598     PhysX3CommonDEBUG_x64:PhysX3CommonDEBUG_x64.dll
 0006:000005a0       __imp_?getMaterials@InternalTriangleMesh@physx@@QEBAPEBGXZ 00000001800f75a0     PhysX3CommonDEBUG_x64:PhysX3CommonDEBUG_x64.dll
 0006:000005a8       __imp_?getFaceRemap@InternalTriangleMesh@physx@@QEBAPEBIXZ 00000001800f75a8     PhysX3CommonDEBUG_x64:PhysX3CommonDEBUG_x64.dll
 0006:000005b0       __imp_?getAdjacencies@InternalTriangleMesh@physx@@QEBAPEBIXZ 00000001800f75b0     PhysX3CommonDEBUG_x64:PhysX3CommonDEBUG_x64.dll
 0006:000005b8       __imp_?getCollisionModel@InternalTriangleMesh@physx@@QEBAAEBVRTreeMidphase@Gu@2@XZ 00000001800f75b8     PhysX3CommonDEBUG_x64:PhysX3CommonDEBUG_x64.dll
 0006:000005c0       __imp_?writeWordBuffer@physx@@YAXPEBGI_NAEAVPxOutputStream@1@@Z 00000001800f75c0     PhysX3CommonDEBUG_x64:PhysX3CommonDEBUG_x64.dll
 0006:000005c8       __imp_?writeFloatBuffer@physx@@YAXPEBMI_NAEAVPxOutputStream@1@@Z 00000001800f75c8     PhysX3CommonDEBUG_x64:PhysX3CommonDEBUG_x64.dll
 0006:000005d0       __imp_?computeMaxIndex@physx@@YAIPEBII@Z 00000001800f75d0     PhysX3CommonDEBUG_x64:PhysX3CommonDEBUG_x64.dll
 0006:000005d8       __imp_?storeIndices@physx@@YAXIIPEBIAEAVPxOutputStream@1@_N@Z 00000001800f75d8     PhysX3CommonDEBUG_x64:PhysX3CommonDEBUG_x64.dll
 0006:000005e0       __imp_?computeMaxIndex@physx@@YAGPEBGI@Z 00000001800f75e0     PhysX3CommonDEBUG_x64:PhysX3CommonDEBUG_x64.dll
 0006:000005e8       __imp_?WriteHeader@Gu@physx@@YA_NEEEEI_NAEAVPxOutputStream@2@@Z 00000001800f75e8     PhysX3CommonDEBUG_x64:PhysX3CommonDEBUG_x64.dll
 0006:000005f0       __imp_?StoreIndices@Gu@physx@@YAXGIPEBGAEAVPxOutputStream@2@_N@Z 00000001800f75f0     PhysX3CommonDEBUG_x64:PhysX3CommonDEBUG_x64.dll
 0006:000005f8       __imp_?CreateOffsets@BigConvexData@physx@@IEAAXXZ 00000001800f75f8     PhysX3CommonDEBUG_x64:PhysX3CommonDEBUG_x64.dll
 0006:00000600       __imp_?GetRanks@RadixSort@Gu@physx@@QEBAPEBIXZ 00000001800f7600     PhysX3CommonDEBUG_x64:PhysX3CommonDEBUG_x64.dll
 0006:00000608       __imp_??0RadixSortBuffered@Gu@physx@@QEAA@XZ 00000001800f7608     PhysX3CommonDEBUG_x64:PhysX3CommonDEBUG_x64.dll
 0006:00000610       __imp_??1RadixSortBuffered@Gu@physx@@UEAA@XZ 00000001800f7610     PhysX3CommonDEBUG_x64:PhysX3CommonDEBUG_x64.dll
 0006:00000618       __imp_?Sort@RadixSortBuffered@Gu@physx@@QEAAAEAV123@PEBIIW4RadixHint@23@@Z 00000001800f7618     PhysX3CommonDEBUG_x64:PhysX3CommonDEBUG_x64.dll
 0006:00000620       __imp_??0Container@Gu@physx@@QEAA@XZ 00000001800f7620     PhysX3CommonDEBUG_x64:PhysX3CommonDEBUG_x64.dll
 0006:00000628       __imp_??0Container@Gu@physx@@QEAA@AEBV012@@Z 00000001800f7628     PhysX3CommonDEBUG_x64:PhysX3CommonDEBUG_x64.dll
 0006:00000630       __imp_??1Container@Gu@physx@@QEAA@XZ 00000001800f7630     PhysX3CommonDEBUG_x64:PhysX3CommonDEBUG_x64.dll
 0006:00000638       __imp_?Add@Container@Gu@physx@@QEAAAEAV123@I@Z 00000001800f7638     PhysX3CommonDEBUG_x64:PhysX3CommonDEBUG_x64.dll
 0006:00000640       __imp_?Add@Container@Gu@physx@@QEAAAEAV123@PEBII@Z 00000001800f7640     PhysX3CommonDEBUG_x64:PhysX3CommonDEBUG_x64.dll
 0006:00000648       __imp_?Add@Container@Gu@physx@@QEAAAEAV123@AEBV123@@Z 00000001800f7648     PhysX3CommonDEBUG_x64:PhysX3CommonDEBUG_x64.dll
 0006:00000650       __imp_?AddUnique@Container@Gu@physx@@QEAAAEAV123@I@Z 00000001800f7650     PhysX3CommonDEBUG_x64:PhysX3CommonDEBUG_x64.dll
 0006:00000658       __imp_?Empty@Container@Gu@physx@@QEAAAEAV123@XZ 00000001800f7658     PhysX3CommonDEBUG_x64:PhysX3CommonDEBUG_x64.dll
 0006:00000660       __imp_?Reset@Container@Gu@physx@@QEAAXXZ 00000001800f7660     PhysX3CommonDEBUG_x64:PhysX3CommonDEBUG_x64.dll
 0006:00000668       __imp_?Contains@Container@Gu@physx@@QEBA_NIPEAI@Z 00000001800f7668     PhysX3CommonDEBUG_x64:PhysX3CommonDEBUG_x64.dll
 0006:00000670       __imp_?DeleteIndex@Container@Gu@physx@@QEAAXI@Z 00000001800f7670     PhysX3CommonDEBUG_x64:PhysX3CommonDEBUG_x64.dll
 0006:00000678       __imp_?GetNbEntries@Container@Gu@physx@@QEBAIXZ 00000001800f7678     PhysX3CommonDEBUG_x64:PhysX3CommonDEBUG_x64.dll
 0006:00000680       __imp_?GetEntry@Container@Gu@physx@@QEBAII@Z 00000001800f7680     PhysX3CommonDEBUG_x64:PhysX3CommonDEBUG_x64.dll
 0006:00000688       __imp_?GetEntries@Container@Gu@physx@@QEBAPEAIXZ 00000001800f7688     PhysX3CommonDEBUG_x64:PhysX3CommonDEBUG_x64.dll
 0006:00000690       __imp_??AContainer@Gu@physx@@QEAAAEAII@Z 00000001800f7690     PhysX3CommonDEBUG_x64:PhysX3CommonDEBUG_x64.dll
 0006:00000698       __imp_??4Container@Gu@physx@@QEAAXAEBV012@@Z 00000001800f7698     PhysX3CommonDEBUG_x64:PhysX3CommonDEBUG_x64.dll
 0006:000006a0       __imp_??0ConvexMesh@Gu@physx@@QEAA@XZ 00000001800f76a0     PhysX3CommonDEBUG_x64:PhysX3CommonDEBUG_x64.dll
 0006:000006a8       __imp_??1ConvexMesh@Gu@physx@@UEAA@XZ 00000001800f76a8     PhysX3CommonDEBUG_x64:PhysX3CommonDEBUG_x64.dll
 0006:000006b0       __imp_??0BigConvexData@physx@@QEAA@XZ 00000001800f76b0     PhysX3CommonDEBUG_x64:PhysX3CommonDEBUG_x64.dll
 0006:000006b8       __imp_??1BigConvexData@physx@@QEAA@XZ 00000001800f76b8     PhysX3CommonDEBUG_x64:PhysX3CommonDEBUG_x64.dll
 0006:000006c0       __imp_?exportExtraData@ConvexMesh@Gu@physx@@UEAAXAEAVPxSerializationContext@3@@Z 00000001800f76c0     PhysX3CommonDEBUG_x64:PhysX3CommonDEBUG_x64.dll
 0006:000006c8       __imp_?getConcreteTypeName@PxConvexMesh@physx@@UEBAPEBDXZ 00000001800f76c8     PhysX3CommonDEBUG_x64:PhysX3CommonDEBUG_x64.dll
 0006:000006d0       __imp_?getIndexBuffer@ConvexMesh@Gu@physx@@UEBAPEBEXZ 00000001800f76d0     PhysX3CommonDEBUG_x64:PhysX3CommonDEBUG_x64.dll
 0006:000006d8       __imp_?getLocalBounds@ConvexMesh@Gu@physx@@UEBA?AVPxBounds3@3@XZ 00000001800f76d8     PhysX3CommonDEBUG_x64:PhysX3CommonDEBUG_x64.dll
 0006:000006e0       __imp_?getMassInformation@ConvexMesh@Gu@physx@@UEBAXAEAMAEAVPxMat33@3@AEAVPxVec3@3@@Z 00000001800f76e0     PhysX3CommonDEBUG_x64:PhysX3CommonDEBUG_x64.dll
 0006:000006e8       __imp_?getNbPolygons@ConvexMesh@Gu@physx@@UEBAIXZ 00000001800f76e8     PhysX3CommonDEBUG_x64:PhysX3CommonDEBUG_x64.dll
 0006:000006f0       __imp_?getNbVertices@ConvexMesh@Gu@physx@@UEBAIXZ 00000001800f76f0     PhysX3CommonDEBUG_x64:PhysX3CommonDEBUG_x64.dll
 0006:000006f8       __imp_?getPolygonData@ConvexMesh@Gu@physx@@UEBA_NIAEAUPxHullPolygon@3@@Z 00000001800f76f8     PhysX3CommonDEBUG_x64:PhysX3CommonDEBUG_x64.dll
 0006:00000700       __imp_?getReferenceCount@ConvexMesh@Gu@physx@@UEBAIXZ 00000001800f7700     PhysX3CommonDEBUG_x64:PhysX3CommonDEBUG_x64.dll
 0006:00000708       __imp_?getVertices@ConvexMesh@Gu@physx@@UEBAPEBVPxVec3@3@XZ 00000001800f7708     PhysX3CommonDEBUG_x64:PhysX3CommonDEBUG_x64.dll
 0006:00000710       __imp_?isKindOf@PxConvexMesh@physx@@MEBA_NPEBD@Z 00000001800f7710     PhysX3CommonDEBUG_x64:PhysX3CommonDEBUG_x64.dll
 0006:00000718       __imp_?onRefCountZero@ConvexMesh@Gu@physx@@UEAAXXZ 00000001800f7718     PhysX3CommonDEBUG_x64:PhysX3CommonDEBUG_x64.dll
 0006:00000720       __imp_?release@ConvexMesh@Gu@physx@@UEAAXXZ 00000001800f7720     PhysX3CommonDEBUG_x64:PhysX3CommonDEBUG_x64.dll
 0006:00000728       __imp_?readDword@physx@@YAI_NAEAVPxInputStream@1@@Z 00000001800f7728     PhysX3CommonDEBUG_x64:PhysX3CommonDEBUG_x64.dll
 0006:00000730       __imp_?ReadHeader@Gu@physx@@YA_NEEEEAEAIAEA_NAEAVPxInputStream@2@@Z 00000001800f7730     PhysX3CommonDEBUG_x64:PhysX3CommonDEBUG_x64.dll
 0006:00000738       __imp_??0FPUGuard@shdfnd@physx@@QEAA@XZ 00000001800f7738     PhysX3CommonDEBUG_x64:PhysX3CommonDEBUG_x64.dll
 0006:00000740       __imp_??1FPUGuard@shdfnd@physx@@QEAA@XZ 00000001800f7740     PhysX3CommonDEBUG_x64:PhysX3CommonDEBUG_x64.dll
 0006:00000748       __imp_?incRefCount@Foundation@shdfnd@physx@@SAXXZ 00000001800f7748     PhysX3CommonDEBUG_x64:PhysX3CommonDEBUG_x64.dll
 0006:00000750       __imp_?decRefCount@Foundation@shdfnd@physx@@SAXXZ 00000001800f7750     PhysX3CommonDEBUG_x64:PhysX3CommonDEBUG_x64.dll
 0006:00000758       __imp_??0TriangleMesh@Gu@physx@@QEAA@XZ 00000001800f7758     PhysX3CommonDEBUG_x64:PhysX3CommonDEBUG_x64.dll
 0006:00000760       __imp_?checkMeshIndicesSize@TriangleMesh@Gu@physx@@QEAAXXZ 00000001800f7760     PhysX3CommonDEBUG_x64:PhysX3CommonDEBUG_x64.dll
 0006:00000768       __imp_??1TriangleMesh@Gu@physx@@UEAA@XZ 00000001800f7768     PhysX3CommonDEBUG_x64:PhysX3CommonDEBUG_x64.dll
 0006:00000770       __imp_??0HeightField@Gu@physx@@QEAA@PEAVGuMeshFactory@2@@Z 00000001800f7770     PhysX3CommonDEBUG_x64:PhysX3CommonDEBUG_x64.dll
 0006:00000778       __imp_?loadFromDesc@HeightField@Gu@physx@@QEAA_NAEBVPxHeightFieldDesc@3@_N@Z 00000001800f7778     PhysX3CommonDEBUG_x64:PhysX3CommonDEBUG_x64.dll
 0006:00000780       __imp_?releaseMemory@HeightField@Gu@physx@@QEAAX_N@Z 00000001800f7780     PhysX3CommonDEBUG_x64:PhysX3CommonDEBUG_x64.dll
 0006:00000788       __imp_?exportExtraData@TriangleMesh@Gu@physx@@UEAAXAEAVPxSerializationContext@3@@Z 00000001800f7788     PhysX3CommonDEBUG_x64:PhysX3CommonDEBUG_x64.dll
 0006:00000790       __imp_?getConcreteTypeName@PxTriangleMesh@physx@@UEBAPEBDXZ 00000001800f7790     PhysX3CommonDEBUG_x64:PhysX3CommonDEBUG_x64.dll
 0006:00000798       __imp_?getLocalBounds@TriangleMesh@Gu@physx@@UEBA?AVPxBounds3@3@XZ 00000001800f7798     PhysX3CommonDEBUG_x64:PhysX3CommonDEBUG_x64.dll
 0006:000007a0       __imp_?getNbTriangles@TriangleMesh@Gu@physx@@UEBAIXZ 00000001800f77a0     PhysX3CommonDEBUG_x64:PhysX3CommonDEBUG_x64.dll
 0006:000007a8       __imp_?getNbVertices@TriangleMesh@Gu@physx@@UEBAIXZ 00000001800f77a8     PhysX3CommonDEBUG_x64:PhysX3CommonDEBUG_x64.dll
 0006:000007b0       __imp_?getReferenceCount@TriangleMesh@Gu@physx@@UEBAIXZ 00000001800f77b0     PhysX3CommonDEBUG_x64:PhysX3CommonDEBUG_x64.dll
 0006:000007b8       __imp_?getTriangleMaterialIndex@TriangleMesh@Gu@physx@@UEBAGI@Z 00000001800f77b8     PhysX3CommonDEBUG_x64:PhysX3CommonDEBUG_x64.dll
 0006:000007c0       __imp_?getTriangleMeshFlags@TriangleMesh@Gu@physx@@UEBA?AV?$PxFlags@W4Enum@PxTriangleMeshFlag@physx@@E@3@XZ 00000001800f77c0     PhysX3CommonDEBUG_x64:PhysX3CommonDEBUG_x64.dll
 0006:000007c8       __imp_?getTriangles@TriangleMesh@Gu@physx@@UEBAPEBXXZ 00000001800f77c8     PhysX3CommonDEBUG_x64:PhysX3CommonDEBUG_x64.dll
 0006:000007d0       __imp_?getTrianglesRemap@TriangleMesh@Gu@physx@@UEBAPEBIXZ 00000001800f77d0     PhysX3CommonDEBUG_x64:PhysX3CommonDEBUG_x64.dll
 0006:000007d8       __imp_?getVertices@TriangleMesh@Gu@physx@@UEBAPEBVPxVec3@3@XZ 00000001800f77d8     PhysX3CommonDEBUG_x64:PhysX3CommonDEBUG_x64.dll
 0006:000007e0       __imp_?isKindOf@PxTriangleMesh@physx@@MEBA_NPEBD@Z 00000001800f77e0     PhysX3CommonDEBUG_x64:PhysX3CommonDEBUG_x64.dll
 0006:000007e8       __imp_?onRefCountZero@TriangleMesh@Gu@physx@@UEAAXXZ 00000001800f77e8     PhysX3CommonDEBUG_x64:PhysX3CommonDEBUG_x64.dll
 0006:000007f0       __imp_?release@TriangleMesh@Gu@physx@@UEAAXXZ 00000001800f77f0     PhysX3CommonDEBUG_x64:PhysX3CommonDEBUG_x64.dll
 0006:000007f8       __imp_?has16BitIndices@InternalTriangleMesh@physx@@QEBA_NXZ 00000001800f77f8     PhysX3CommonDEBUG_x64:PhysX3CommonDEBUG_x64.dll
 0006:00000800       __imp_?setTriangleAdjacency@InternalTriangleMesh@physx@@QEAAXIII@Z 00000001800f7800     PhysX3CommonDEBUG_x64:PhysX3CommonDEBUG_x64.dll
 0006:00000808       __imp_?setupMeshInterface@InternalTriangleMesh@physx@@QEAAXXZ 00000001800f7808     PhysX3CommonDEBUG_x64:PhysX3CommonDEBUG_x64.dll
 0006:00000810       \177PhysX3CommonDEBUG_x64_NULL_THUNK_DATA_DLA 00000001800f7810     PhysX3CommonDEBUG_x64:PhysX3CommonDEBUG_x64.dll
 0006:00002280       \177PhysX3CommonDEBUG_x64_NULL_THUNK_DATA_DLB 00000001800f9280     PhysX3CommonDEBUG_x64:PhysX3CommonDEBUG_x64.dll
